###############################################################################
#
# IAR ELF Linker V7.80.1.11864/W32 for ARM                23/Jul/2019  20:47:21
# Copyright 2007-2016 IAR Systems AB.
#
#    Output file  =  
#        D:\Workspace\IAR\keyboard\K2\EWARM\Neutral\Debug\Exe\Neutral.out
#    Map file     =  
#        D:\Workspace\IAR\keyboard\K2\EWARM\Neutral\Debug\List\Neutral.map
#    Command line =  
#        D:\Workspace\IAR\keyboard\K2\EWARM\Neutral\Debug\Obj\adc.o
#        D:\Workspace\IAR\keyboard\K2\EWARM\Neutral\Debug\Obj\adler32.o
#        D:\Workspace\IAR\keyboard\K2\EWARM\Neutral\Debug\Obj\api_lib.o
#        D:\Workspace\IAR\keyboard\K2\EWARM\Neutral\Debug\Obj\api_msg.o
#        D:\Workspace\IAR\keyboard\K2\EWARM\Neutral\Debug\Obj\Arial24.o
#        D:\Workspace\IAR\keyboard\K2\EWARM\Neutral\Debug\Obj\Arial28.o
#        D:\Workspace\IAR\keyboard\K2\EWARM\Neutral\Debug\Obj\Arial36.o
#        D:\Workspace\IAR\keyboard\K2\EWARM\Neutral\Debug\Obj\autoip.o
#        D:\Workspace\IAR\keyboard\K2\EWARM\Neutral\Debug\Obj\bsp.o
#        D:\Workspace\IAR\keyboard\K2\EWARM\Neutral\Debug\Obj\cmsis_os.o
#        D:\Workspace\IAR\keyboard\K2\EWARM\Neutral\Debug\Obj\compress.o
#        D:\Workspace\IAR\keyboard\K2\EWARM\Neutral\Debug\Obj\crc32.o
#        D:\Workspace\IAR\keyboard\K2\EWARM\Neutral\Debug\Obj\croutine.o
#        D:\Workspace\IAR\keyboard\K2\EWARM\Neutral\Debug\Obj\def.o
#        D:\Workspace\IAR\keyboard\K2\EWARM\Neutral\Debug\Obj\deflate.o
#        D:\Workspace\IAR\keyboard\K2\EWARM\Neutral\Debug\Obj\dhcp.o
#        D:\Workspace\IAR\keyboard\K2\EWARM\Neutral\Debug\Obj\dma.o
#        D:\Workspace\IAR\keyboard\K2\EWARM\Neutral\Debug\Obj\dns.o
#        D:\Workspace\IAR\keyboard\K2\EWARM\Neutral\Debug\Obj\eeprom.o
#        D:\Workspace\IAR\keyboard\K2\EWARM\Neutral\Debug\Obj\err.o
#        D:\Workspace\IAR\keyboard\K2\EWARM\Neutral\Debug\Obj\etharp.o
#        D:\Workspace\IAR\keyboard\K2\EWARM\Neutral\Debug\Obj\ethernet.o
#        D:\Workspace\IAR\keyboard\K2\EWARM\Neutral\Debug\Obj\ethernetif.o
#        D:\Workspace\IAR\keyboard\K2\EWARM\Neutral\Debug\Obj\event_groups.o
#        D:\Workspace\IAR\keyboard\K2\EWARM\Neutral\Debug\Obj\fsmc.o
#        D:\Workspace\IAR\keyboard\K2\EWARM\Neutral\Debug\Obj\gpio.o
#        D:\Workspace\IAR\keyboard\K2\EWARM\Neutral\Debug\Obj\GUI_PNG.o
#        D:\Workspace\IAR\keyboard\K2\EWARM\Neutral\Debug\Obj\GUI_X_OS.o
#        D:\Workspace\IAR\keyboard\K2\EWARM\Neutral\Debug\Obj\GUIConf.o
#        D:\Workspace\IAR\keyboard\K2\EWARM\Neutral\Debug\Obj\GUIDRV_Template.o
#        D:\Workspace\IAR\keyboard\K2\EWARM\Neutral\Debug\Obj\heap_4.o
#        D:\Workspace\IAR\keyboard\K2\EWARM\Neutral\Debug\Obj\i2c.o
#        D:\Workspace\IAR\keyboard\K2\EWARM\Neutral\Debug\Obj\icmp.o
#        D:\Workspace\IAR\keyboard\K2\EWARM\Neutral\Debug\Obj\igmp.o
#        D:\Workspace\IAR\keyboard\K2\EWARM\Neutral\Debug\Obj\IMAGE_PNG.o
#        D:\Workspace\IAR\keyboard\K2\EWARM\Neutral\Debug\Obj\inet_chksum.o
#        D:\Workspace\IAR\keyboard\K2\EWARM\Neutral\Debug\Obj\infback.o
#        D:\Workspace\IAR\keyboard\K2\EWARM\Neutral\Debug\Obj\inffast.o
#        D:\Workspace\IAR\keyboard\K2\EWARM\Neutral\Debug\Obj\inflate.o
#        D:\Workspace\IAR\keyboard\K2\EWARM\Neutral\Debug\Obj\inftrees.o
#        D:\Workspace\IAR\keyboard\K2\EWARM\Neutral\Debug\Obj\init.o
#        D:\Workspace\IAR\keyboard\K2\EWARM\Neutral\Debug\Obj\ip.o
#        D:\Workspace\IAR\keyboard\K2\EWARM\Neutral\Debug\Obj\ip4.o
#        D:\Workspace\IAR\keyboard\K2\EWARM\Neutral\Debug\Obj\ip4_addr.o
#        D:\Workspace\IAR\keyboard\K2\EWARM\Neutral\Debug\Obj\ip4_frag.o
#        D:\Workspace\IAR\keyboard\K2\EWARM\Neutral\Debug\Obj\key.o
#        D:\Workspace\IAR\keyboard\K2\EWARM\Neutral\Debug\Obj\lcd_x.o
#        D:\Workspace\IAR\keyboard\K2\EWARM\Neutral\Debug\Obj\LCDConf_FlexColor_Template.o
#        D:\Workspace\IAR\keyboard\K2\EWARM\Neutral\Debug\Obj\led.o
#        D:\Workspace\IAR\keyboard\K2\EWARM\Neutral\Debug\Obj\list.o
#        D:\Workspace\IAR\keyboard\K2\EWARM\Neutral\Debug\Obj\logo.o
#        D:\Workspace\IAR\keyboard\K2\EWARM\Neutral\Debug\Obj\main.o
#        D:\Workspace\IAR\keyboard\K2\EWARM\Neutral\Debug\Obj\mem.o
#        D:\Workspace\IAR\keyboard\K2\EWARM\Neutral\Debug\Obj\memp.o
#        D:\Workspace\IAR\keyboard\K2\EWARM\Neutral\Debug\Obj\net.o
#        D:\Workspace\IAR\keyboard\K2\EWARM\Neutral\Debug\Obj\netbuf.o
#        D:\Workspace\IAR\keyboard\K2\EWARM\Neutral\Debug\Obj\netdb.o
#        D:\Workspace\IAR\keyboard\K2\EWARM\Neutral\Debug\Obj\netif.o
#        D:\Workspace\IAR\keyboard\K2\EWARM\Neutral\Debug\Obj\netifapi.o
#        D:\Workspace\IAR\keyboard\K2\EWARM\Neutral\Debug\Obj\onvif.o
#        D:\Workspace\IAR\keyboard\K2\EWARM\Neutral\Debug\Obj\packet_list.o
#        D:\Workspace\IAR\keyboard\K2\EWARM\Neutral\Debug\Obj\panasonic.o
#        D:\Workspace\IAR\keyboard\K2\EWARM\Neutral\Debug\Obj\pbuf.o
#        D:\Workspace\IAR\keyboard\K2\EWARM\Neutral\Debug\Obj\pelco.o
#        D:\Workspace\IAR\keyboard\K2\EWARM\Neutral\Debug\Obj\png.o
#        D:\Workspace\IAR\keyboard\K2\EWARM\Neutral\Debug\Obj\pngerror.o
#        D:\Workspace\IAR\keyboard\K2\EWARM\Neutral\Debug\Obj\pngget.o
#        D:\Workspace\IAR\keyboard\K2\EWARM\Neutral\Debug\Obj\pngmem.o
#        D:\Workspace\IAR\keyboard\K2\EWARM\Neutral\Debug\Obj\pngpread.o
#        D:\Workspace\IAR\keyboard\K2\EWARM\Neutral\Debug\Obj\pngread.o
#        D:\Workspace\IAR\keyboard\K2\EWARM\Neutral\Debug\Obj\pngrio.o
#        D:\Workspace\IAR\keyboard\K2\EWARM\Neutral\Debug\Obj\pngrtran.o
#        D:\Workspace\IAR\keyboard\K2\EWARM\Neutral\Debug\Obj\pngrutil.o
#        D:\Workspace\IAR\keyboard\K2\EWARM\Neutral\Debug\Obj\pngset.o
#        D:\Workspace\IAR\keyboard\K2\EWARM\Neutral\Debug\Obj\pngtrans.o
#        D:\Workspace\IAR\keyboard\K2\EWARM\Neutral\Debug\Obj\pngwio.o
#        D:\Workspace\IAR\keyboard\K2\EWARM\Neutral\Debug\Obj\pngwrite.o
#        D:\Workspace\IAR\keyboard\K2\EWARM\Neutral\Debug\Obj\pngwtran.o
#        D:\Workspace\IAR\keyboard\K2\EWARM\Neutral\Debug\Obj\pngwutil.o
#        D:\Workspace\IAR\keyboard\K2\EWARM\Neutral\Debug\Obj\port.o
#        D:\Workspace\IAR\keyboard\K2\EWARM\Neutral\Debug\Obj\portasm.o
#        D:\Workspace\IAR\keyboard\K2\EWARM\Neutral\Debug\Obj\ptc.o
#        D:\Workspace\IAR\keyboard\K2\EWARM\Neutral\Debug\Obj\queue.o
#        D:\Workspace\IAR\keyboard\K2\EWARM\Neutral\Debug\Obj\raw.o
#        D:\Workspace\IAR\keyboard\K2\EWARM\Neutral\Debug\Obj\rocker.o
#        D:\Workspace\IAR\keyboard\K2\EWARM\Neutral\Debug\Obj\samsung.o
#        D:\Workspace\IAR\keyboard\K2\EWARM\Neutral\Debug\Obj\slipif.o
#        D:\Workspace\IAR\keyboard\K2\EWARM\Neutral\Debug\Obj\sn3731.o
#        D:\Workspace\IAR\keyboard\K2\EWARM\Neutral\Debug\Obj\sockets.o
#        D:\Workspace\IAR\keyboard\K2\EWARM\Neutral\Debug\Obj\spi.o
#        D:\Workspace\IAR\keyboard\K2\EWARM\Neutral\Debug\Obj\startup_stm32f207xx.o
#        D:\Workspace\IAR\keyboard\K2\EWARM\Neutral\Debug\Obj\stats.o
#        D:\Workspace\IAR\keyboard\K2\Source\Lib\STemWin\Lib\STemWin532_CM3_OS_IAR.a
#        D:\Workspace\IAR\keyboard\K2\EWARM\Neutral\Debug\Obj\stm32f2xx_hal.o
#        D:\Workspace\IAR\keyboard\K2\EWARM\Neutral\Debug\Obj\stm32f2xx_hal_adc.o
#        D:\Workspace\IAR\keyboard\K2\EWARM\Neutral\Debug\Obj\stm32f2xx_hal_adc_ex.o
#        D:\Workspace\IAR\keyboard\K2\EWARM\Neutral\Debug\Obj\stm32f2xx_hal_cortex.o
#        D:\Workspace\IAR\keyboard\K2\EWARM\Neutral\Debug\Obj\stm32f2xx_hal_crc.o
#        D:\Workspace\IAR\keyboard\K2\EWARM\Neutral\Debug\Obj\stm32f2xx_hal_cryp.o
#        D:\Workspace\IAR\keyboard\K2\EWARM\Neutral\Debug\Obj\stm32f2xx_hal_dma.o
#        D:\Workspace\IAR\keyboard\K2\EWARM\Neutral\Debug\Obj\stm32f2xx_hal_dma_ex.o
#        D:\Workspace\IAR\keyboard\K2\EWARM\Neutral\Debug\Obj\stm32f2xx_hal_eth.o
#        D:\Workspace\IAR\keyboard\K2\EWARM\Neutral\Debug\Obj\stm32f2xx_hal_flash.o
#        D:\Workspace\IAR\keyboard\K2\EWARM\Neutral\Debug\Obj\stm32f2xx_hal_flash_ex.o
#        D:\Workspace\IAR\keyboard\K2\EWARM\Neutral\Debug\Obj\stm32f2xx_hal_gpio.o
#        D:\Workspace\IAR\keyboard\K2\EWARM\Neutral\Debug\Obj\stm32f2xx_hal_hash.o
#        D:\Workspace\IAR\keyboard\K2\EWARM\Neutral\Debug\Obj\stm32f2xx_hal_hcd.o
#        D:\Workspace\IAR\keyboard\K2\EWARM\Neutral\Debug\Obj\stm32f2xx_hal_i2c.o
#        D:\Workspace\IAR\keyboard\K2\EWARM\Neutral\Debug\Obj\stm32f2xx_hal_iwdg.o
#        D:\Workspace\IAR\keyboard\K2\EWARM\Neutral\Debug\Obj\stm32f2xx_hal_pcd.o
#        D:\Workspace\IAR\keyboard\K2\EWARM\Neutral\Debug\Obj\stm32f2xx_hal_pcd_ex.o
#        D:\Workspace\IAR\keyboard\K2\EWARM\Neutral\Debug\Obj\stm32f2xx_hal_pwr.o
#        D:\Workspace\IAR\keyboard\K2\EWARM\Neutral\Debug\Obj\stm32f2xx_hal_pwr_ex.o
#        D:\Workspace\IAR\keyboard\K2\EWARM\Neutral\Debug\Obj\stm32f2xx_hal_rcc.o
#        D:\Workspace\IAR\keyboard\K2\EWARM\Neutral\Debug\Obj\stm32f2xx_hal_rcc_ex.o
#        D:\Workspace\IAR\keyboard\K2\EWARM\Neutral\Debug\Obj\stm32f2xx_hal_rng.o
#        D:\Workspace\IAR\keyboard\K2\EWARM\Neutral\Debug\Obj\stm32f2xx_hal_spi.o
#        D:\Workspace\IAR\keyboard\K2\EWARM\Neutral\Debug\Obj\stm32f2xx_hal_sram.o
#        D:\Workspace\IAR\keyboard\K2\EWARM\Neutral\Debug\Obj\stm32f2xx_hal_tim.o
#        D:\Workspace\IAR\keyboard\K2\EWARM\Neutral\Debug\Obj\stm32f2xx_hal_tim_ex.o
#        D:\Workspace\IAR\keyboard\K2\EWARM\Neutral\Debug\Obj\stm32f2xx_hal_uart.o
#        D:\Workspace\IAR\keyboard\K2\EWARM\Neutral\Debug\Obj\stm32f2xx_hal_wwdg.o
#        D:\Workspace\IAR\keyboard\K2\EWARM\Neutral\Debug\Obj\stm32f2xx_ll_fsmc.o
#        D:\Workspace\IAR\keyboard\K2\EWARM\Neutral\Debug\Obj\stm32f2xx_ll_usb.o
#        D:\Workspace\IAR\keyboard\K2\EWARM\Neutral\Debug\Obj\sys.o
#        D:\Workspace\IAR\keyboard\K2\EWARM\Neutral\Debug\Obj\sys_arch.o
#        D:\Workspace\IAR\keyboard\K2\EWARM\Neutral\Debug\Obj\system.o
#        D:\Workspace\IAR\keyboard\K2\EWARM\Neutral\Debug\Obj\system_stm32f2xx.o
#        D:\Workspace\IAR\keyboard\K2\EWARM\Neutral\Debug\Obj\tasks.o
#        D:\Workspace\IAR\keyboard\K2\EWARM\Neutral\Debug\Obj\tcp.o
#        D:\Workspace\IAR\keyboard\K2\EWARM\Neutral\Debug\Obj\tcp_in.o
#        D:\Workspace\IAR\keyboard\K2\EWARM\Neutral\Debug\Obj\tcp_out.o
#        D:\Workspace\IAR\keyboard\K2\EWARM\Neutral\Debug\Obj\tcpip.o
#        D:\Workspace\IAR\keyboard\K2\EWARM\Neutral\Debug\Obj\tim.o
#        D:\Workspace\IAR\keyboard\K2\EWARM\Neutral\Debug\Obj\timeouts.o
#        D:\Workspace\IAR\keyboard\K2\EWARM\Neutral\Debug\Obj\timers.o
#        D:\Workspace\IAR\keyboard\K2\EWARM\Neutral\Debug\Obj\trees.o
#        D:\Workspace\IAR\keyboard\K2\EWARM\Neutral\Debug\Obj\uart.o
#        D:\Workspace\IAR\keyboard\K2\EWARM\Neutral\Debug\Obj\udp.o
#        D:\Workspace\IAR\keyboard\K2\EWARM\Neutral\Debug\Obj\ui.o
#        D:\Workspace\IAR\keyboard\K2\EWARM\Neutral\Debug\Obj\ui_framework.o
#        D:\Workspace\IAR\keyboard\K2\EWARM\Neutral\Debug\Obj\uncompr.o
#        D:\Workspace\IAR\keyboard\K2\EWARM\Neutral\Debug\Obj\visca.o
#        D:\Workspace\IAR\keyboard\K2\EWARM\Neutral\Debug\Obj\visca_if.o
#        D:\Workspace\IAR\keyboard\K2\EWARM\Neutral\Debug\Obj\visca_ip.o
#        D:\Workspace\IAR\keyboard\K2\EWARM\Neutral\Debug\Obj\w25qx.o
#        D:\Workspace\IAR\keyboard\K2\EWARM\Neutral\Debug\Obj\work.o
#        D:\Workspace\IAR\keyboard\K2\EWARM\Neutral\Debug\Obj\xmenu.o
#        D:\Workspace\IAR\keyboard\K2\EWARM\Neutral\Debug\Obj\zutil.o -o
#        D:\Workspace\IAR\keyboard\K2\EWARM\Neutral\Debug\Exe\Neutral.out --map
#        D:\Workspace\IAR\keyboard\K2\EWARM\Neutral\Debug\List\Neutral.map
#        --config "C:\Program Files (x86)\IAR Systems\Embedded Workbench
#        7.5\arm\config\linker\ST\stm32f207xE.icf" --semihosting --entry
#        __iar_program_start --vfe
#
###############################################################################

*******************************************************************************
*** RUNTIME MODEL ATTRIBUTES
***

CppFlavor                     = *
__Heap_Handler                = DLMalloc
__SystemLibrary               = DLib
__dlib_dynamic_initialization = normal
__dlib_jmp_buf_num_elements   = 8


*******************************************************************************
*** PLACEMENT SUMMARY
***

"A0":  place at 0x08000000 { ro section .intvec };
"P1":  place in [from 0x08000000 to 0x0807ffff] { ro };
"P2":  place in [from 0x20000000 to 0x2001ffff] { rw, block CSTACK, block HEAP };
do not initialize { section .noinit };
initialize by copy { rw };

  Section             Kind        Address     Size  Object
  -------             ----        -------     ----  ------
"A0":                                        0x184
  .intvec             ro code  0x08000000    0x184  startup_stm32f207xx.o [1]
                             - 0x08000184    0x184

"P1":                                      0x514af
  .text               ro code  0x08000184   0x3508  pngrtran.o [1]
  .text               ro code  0x0800368c    0x3d4  pngerror.o [1]
  .text               ro code  0x08003a60     0x76  ABImemcpy_unaligned.o [6]
  .text               ro code  0x08003ad6      0xa  xsprout.o [4]
  .text               ro code  0x08003ae0   0x23e0  png.o [1]
  .text               ro code  0x08005ec0     0x2e  DblCmpGe.o [5]
  .text               ro code  0x08005eee      0x2  GUICC_888_Index2Color.o [3]
  .text               ro code  0x08005ef0     0x2e  DblCmpLe.o [5]
  .text               ro code  0x08005f1e      0x2  GUICC_8888_Index2Color.o [3]
  .text               ro code  0x08005f20    0x1a2  DblMul.o [5]
  .text               ro code  0x080060c4     0xe8  DblAdd.o [5]
  .text               ro code  0x080061ac     0x5e  floor.o [5]
  .text               ro code  0x0800620c     0x58  DblToI32.o [5]
  .text               ro code  0x08006264    0x3b0  pngtrans.o [1]
  .text               ro code  0x08006614     0x24  setjmp.o [5]
  .text               ro code  0x08006638    0x1cc  pngmem.o [1]
  .text               ro code  0x08006804     0x34  fprintf.o [4]
  .text               ro code  0x08006838      0x6  abort.o [4]
  .text               ro code  0x08006840     0x62  memcmp_unaligned.o [6]
  .text               ro code  0x080068a4     0xe4  crc32.o [1]
  .text               ro code  0x08006988     0x66  ABImemset.o [6]
  .text               ro code  0x080069f0    0x1a4  adler32.o [1]
  .text               ro code  0x08006b94     0x30  I32ToDbl.o [5]
  .text               ro code  0x08006bc4    0x256  DblDiv.o [5]
  .text               ro code  0x08006e20    0x848  pow.o [5]
  .text               ro code  0x08007668    0x180  DblSub.o [5]
  .text               ro code  0x080077e8   0x14f4  dlmalloc.o [4]
  .text               ro code  0x08008cdc      0x4  xsyslock_nop.o [4]
  .text               ro code  0x08008ce0    0xdbe  xprintffull_nomb.o [4]
  .text               ro code  0x08009aa0     0x14  exit.o [7]
  .text               ro code  0x08009ab4     0x44  xdnorm.o [5]
  .text               ro code  0x08009af8     0x7e  xdint.o [5]
  .text               ro code  0x08009b78     0x20  DblCmpEq.o [5]
  .text               ro code  0x08009b98      0xc  errno.o [4]
  .text               ro code  0x08009ba4     0xac  xlog.o [5]
  .text               ro code  0x08009c50    0x2bc  xexp.o [5]
  .text               ro code  0x08009f0c     0x2c  xgetmemchunk.o [4]
  .text               ro code  0x08009f38     0x16  strchr.o [6]
  .text               ro code  0x08009f50     0x36  strlen.o [6]
  .text               ro code  0x08009f88     0x58  memchr.o [6]
  .text               ro code  0x08009fe0     0xee  I64DivMod.o [6]
  .text               ro code  0x0800a0d0    0x10c  xdscale.o [5]
  .text               ro code  0x0800a1dc     0x6c  localeconv.o [4]
  .text               ro code  0x0800a248      0xe  div.o [4]
  .text               ro code  0x0800a258     0x6c  iarttio.o [7]
  .text               ro code  0x0800a2c4      0x2  xtls.o [4]
  .text               ro code  0x0800a2c6     0x32  xdtest.o [5]
  .text               ro code  0x0800a2f8      0x2  I64DivZer.o [6]
  .text               ro code  0x0800a2fc      0x8  XShttio.o [4]
  .text               ro code  0x0800a304   0x3358  pngrutil.o [1]
  .text               ro code  0x0800d65c     0x5c  pngrio.o [1]
  .text               ro code  0x0800d6b8   0x1428  inflate.o [1]
  .text               ro code  0x0800eae0    0xc08  pngset.o [1]
  .text               ro code  0x0800f6e8     0x8c  fread.o [4]
  .text               ro code  0x0800f774     0x14  zutil.o [1]
  .text               ro code  0x0800f788    0x428  inftrees.o [1]
  .text               ro code  0x0800fbb0    0x480  inffast.o [1]
  .text               ro code  0x08010030     0xb8  xfrprep.o [4]
  .text               ro code  0x080100e8     0x30  read.o [7]
  .text               ro code  0x08010118   0x1818  tcp_in.o [1]
  .text               ro code  0x08011930    0x5c4  pbuf.o [1]
  .text               ro code  0x08011ef4     0x4c  ip4_addr.o [1]
  .text               ro code  0x08011f40     0x26  def.o [1]
  .text               ro code  0x08011f68    0xea4  tcp.o [1]
  .text               ro code  0x08012e0c     0xc0  memp.o [1]
  .text               ro code  0x08012ecc    0xdb0  tcp_out.o [1]
  .text               ro code  0x08013c7c    0x244  timeouts.o [1]
  .text               ro code  0x08013ec0    0x23c  sys_arch.o [1]
  .text               ro code  0x080140fc    0x1ac  tcpip.o [1]
  .text               ro code  0x080142a8    0x340  mem.o [1]
  .text               ro code  0x080145e8    0x39c  ip4.o [1]
  .text               ro code  0x08014984    0x468  ethernetif.o [1]
  .text               ro code  0x08014dec    0x39a  cmsis_os.o [1]
  .text               ro code  0x08015188      0x6  ABImemclr4.o [6]
  .text               ro code  0x0801518e     0x20  init.o [1]
  .text               ro code  0x080151b0    0x66c  ip4_frag.o [1]
  .text               ro code  0x0801581c    0x548  udp.o [1]
  .text               ro code  0x08015d64    0x224  icmp.o [1]
  .text               ro code  0x08015f88    0x384  stm32f2xx_hal_gpio.o [1]
  .text               ro code  0x0801630c    0x148  stm32f2xx_hal_cortex.o [1]
  .text               ro code  0x08016454    0x3d8  system.o [1]
  .text               ro code  0x0801682c    0xc24  stm32f2xx_hal_eth.o [1]
  .text               ro code  0x08017450    0x934  tasks.o [1]
  .text               ro code  0x08017d84      0xc  stm32f2xx_hal.o [1]
  .text               ro code  0x08017d90    0x59c  queue.o [1]
  .text               ro code  0x0801832c     0x32  ABImemset48.o [6]
  .text               ro code  0x08018360    0x19e  netif.o [1]
  .text               ro code  0x080184fe      0x8  abs.o [4]
  .text               ro code  0x08018508     0x6c  strncpy_unaligned.o [6]
  .text               ro code  0x08018574      0x8  atoi.o [4]
  .text               ro code  0x0801857c     0x34  sprintf.o [4]
  .text               ro code  0x080185b0    0x408  eeprom.o [1]
  .text               ro code  0x080189b8     0x1e  stm32f2xx_hal.o [1]
  .text               ro code  0x080189d8    0x5ec  stm32f2xx_hal_rcc.o [1]
  .text               ro code  0x08018fc4      0x2  stm32f2xx_hal_eth.o [1]
  .text               ro code  0x08018fc6      0x2  stm32f2xx_hal_eth.o [1]
  .text               ro code  0x08018fc8    0x1ec  heap_4.o [1]
  .text               ro code  0x080191b4     0x98  list.o [1]
  .text               ro code  0x0801924c     0xe4  port.o [1]
  .text               ro code  0x08019330    0xa00  etharp.o [1]
  .text               ro code  0x08019d30    0x198  xstoul.o [4]
  .text               ro code  0x08019ec8    0x29c  bsp.o [1]
  CODE                ro code  0x0801a164     0x88  portasm.o [1]
  .text               ro code  0x0801a1ec    0x112  ethernet.o [1]
  .text               ro code  0x0801a300   0x11ac  dhcp.o [1]
  .text               ro code  0x0801b4ac     0x14  isxxx.o [4]
  .text               ro code  0x0801b4c0     0x14  tolower.o [4]
  .text               ro code  0x0801b4d4     0x24  printf.o [4]
  .text               ro code  0x0801b4f8     0x10  stm32f2xx_hal.o [1]
  .text               ro code  0x0801b508    0x658  stm32f2xx_hal_tim.o [1]
  .text               ro code  0x0801bb60    0x520  stm32f2xx_hal_dma.o [1]
  .text               ro code  0x0801c080     0x40  stm32f2xx_hal.o [1]
  .text               ro code  0x0801c0c0    0x25c  gpio.o [1]
  .text               ro code  0x0801c31c     0x74  dma.o [1]
  .text               ro code  0x0801c390    0x204  fsmc.o [1]
  .text               ro code  0x0801c594    0xc14  uart.o [1]
  .text               ro code  0x0801d1a8    0x11c  i2c.o [1]
  .text               ro code  0x0801d2c4     0xe0  spi.o [1]
  .text               ro code  0x0801d3a4    0x1a8  adc.o [1]
  .text               ro code  0x0801d54c     0xe0  rand.o [4]
  .text               ro code  0x0801d62c     0x18  setlocale.o [4]
  .text               ro code  0x0801d644     0x14  xlocale_c.o [4]
  .text               ro code  0x0801d658      0xc  xlocale_c.o [4]
  .text               ro code  0x0801d664     0xf8  tim.o [1]
  .text               ro code  0x0801d75c      0x2  stm32f2xx_hal_tim.o [1]
  .text               ro code  0x0801d75e      0x2  stm32f2xx_hal_tim.o [1]
  .text               ro code  0x0801d760      0x2  stm32f2xx_hal_tim.o [1]
  .text               ro code  0x0801d762      0x2  stm32f2xx_hal_tim.o [1]
  .text               ro code  0x0801d764      0x2  stm32f2xx_hal_tim_ex.o [1]
  .text               ro code  0x0801d766      0x2  stm32f2xx_hal_tim.o [1]
  .text               ro code  0x0801d768      0x2  stm32f2xx_hal_tim_ex.o [1]
  .text               ro code  0x0801d76c     0x5c  stm32f2xx_hal_sram.o [1]
  .text               ro code  0x0801d7c8    0x900  stm32f2xx_hal_uart.o [1]
  .text               ro code  0x0801e0c8    0x25c  packet_list.o [1]
  .text               ro code  0x0801e324    0x30c  ui.o [1]
  .text               ro code  0x0801e630    0x57c  stm32f2xx_hal_i2c.o [1]
  .text               ro code  0x0801ebac     0x8e  stm32f2xx_hal_spi.o [1]
  .text               ro code  0x0801ec3c    0x506  stm32f2xx_hal_adc.o [1]
  .text               ro code  0x0801f144     0xe0  stm32f2xx_ll_fsmc.o [1]
  .text               ro code  0x0801f224      0x2  stm32f2xx_hal_uart.o [1]
  .text               ro code  0x0801f226      0x2  stm32f2xx_hal_uart.o [1]
  .text               ro code  0x0801f228      0x2  stm32f2xx_hal_uart.o [1]
  .text               ro code  0x0801f22a      0x2  stm32f2xx_hal_uart.o [1]
  .text               ro code  0x0801f22c      0x2  stm32f2xx_hal_uart.o [1]
  .text               ro code  0x0801f230     0x20  GUI_SetFont.o [3]
  .text               ro code  0x0801f250     0x26  GUI_SetColor.o [3]
  .text               ro code  0x0801f278     0xf8  ptc.o [1]
  .text               ro code  0x0801f370     0x28  GUI_DispStringAt.o [3]
  .text               ro code  0x0801f398     0x1c  GUI_GetDispPos.o [3]
  .text               ro code  0x0801f3b4     0x58  GUI_FillRect.o [3]
  .text               ro code  0x0801f40c     0x14  GUI_FillRectEx.o [3]
  .text               ro code  0x0801f420    0x15a  GUI_DispStringInRectWrap.o [3]
  .text               ro code  0x0801f57c     0xe4  GUI_FillRoundedRect.o [3]
  .text               ro code  0x0801f660     0x34  GUI_DispStringHCenter.o [3]
  .text               ro code  0x0801f694    0x640  GUI_PNG.o [1]
  .text               ro code  0x0801fcd4     0x20  GUI_SetTextMode.o [3]
  .text               ro code  0x0801fcf4      0x2  stm32f2xx_hal_adc.o [1]
  .text               ro code  0x0801fcf6      0x2  stm32f2xx_hal_adc.o [1]
  .text               ro code  0x0801fcf8      0x2  stm32f2xx_hal_adc.o [1]
  .text               ro code  0x0801fcfc    0x140  GUI_Task.o [3]
  .text               ro code  0x0801fe3c    0x5ac  LCD.o [3]
  .text               ro code  0x080203e8    0xf84  visca_ip.o [1]
  .text               ro code  0x0802136c      0x8  onvif.o [1]
  .text               ro code  0x08021374    0xe0c  visca.o [1]
  .text               ro code  0x08022180    0x7f0  pelco.o [1]
  .text               ro code  0x08022970      0x8  panasonic.o [1]
  .text               ro code  0x08022978      0x8  samsung.o [1]
  .text               ro code  0x08022980    0x100  GUI_DispString.o [3]
  .text               ro code  0x08022a80   0x112c  WM.o [3]
  .text               ro code  0x08023bac    0x13a  GUI__Wrap.o [3]
  .text               ro code  0x08023ce8     0xe4  GUI_Char.o [3]
  .text               ro code  0x08023dcc     0x20  WM_SetUserClipRect.o [3]
  .text               ro code  0x08023dec     0x60  GUI__IntersectRects.o [3]
  .text               ro code  0x08023e4c    0x1b8  GUI_CharLine.o [3]
  .text               ro code  0x08024004     0x1a  GUI__sqrt32.o [3]
  .text               ro code  0x08024020     0x20  GUI_SetTextAlign.o [3]
  .text               ro code  0x08024040    0x6c0  GUI_Alloc.o [3]
  .text               ro code  0x08024700    0xb18  pngread.o [1]
  .text               ro code  0x08025218     0xfc  pngget.o [1]
  .text               ro code  0x08025314     0x2e  GUI_ALLOC_AllocZero.o [3]
  .text               ro code  0x08025344    0x184  LCD_GetEx.o [3]
  .text               ro code  0x080254c8    0x240  GUI__CompactPixelIndices.o [3]
  .text               ro code  0x08025708    0x1b4  LCD_ReadRect.o [3]
  .text               ro code  0x080258bc    0x1f0  GUI__ExpandPixelIndices.o [3]
  .text               ro code  0x08025aac    0x304  GUI__Alpha.o [3]
  .text               ro code  0x08025db0     0x60  GUI_X_OS.o [1]
  .text               ro code  0x08025e10    0x14a  GUI_Device.o [3]
  .text               ro code  0x08025f5c    0x1d0  GUI_Core.o [3]
  .text               ro code  0x0802612c     0x54  GUI__memset.o [3]
  .text               ro code  0x08026180     0xfc  LCD_Color.o [3]
  .text               ro code  0x0802627c     0x38  GUI_SelectLayer.o [3]
  .text               ro code  0x080262b4     0x7e  netbuf.o [1]
  .text               ro code  0x08026334    0x358  api_lib.o [1]
  .text               ro code  0x0802668c      0x8  visca_ip.o [1]
  .text               ro code  0x08026694     0x1c  strcat.o [4]
  .text               ro code  0x080266b0    0x888  ui_framework.o [1]
  .text               ro code  0x08026f38    0x628  rocker.o [1]
  .text               ro code  0x08027560    0x404  key.o [1]
  .text               ro code  0x08027964    0x594  visca_if.o [1]
  .text               ro code  0x08027ef8     0x4c  GUI_UC.o [3]
  .text               ro code  0x08027f44     0x30  LCD_SetClipRectEx.o [3]
  .text               ro code  0x08027f74     0x40  GUI__IntersectRect.o [3]
  .text               ro code  0x08027fb4     0x58  GUI_MergeRect.o [3]
  .text               ro code  0x0802800c     0x10  GUI_WaitEvent.o [3]
  .text               ro code  0x0802801c     0x1c  GUI_MoveRect.o [3]
  .text               ro code  0x08028038    0x328  GUIDEV.o [3]
  .text               ro code  0x08028360     0x1a  WM_GetFirstChild.o [3]
  .text               ro code  0x0802837a     0x38  GUI_RectsIntersect.o [3]
  .text               ro code  0x080283b4     0x40  WM__SendMessage.o [3]
  .text               ro code  0x080283f4     0x90  WM_BringToBottom.o [3]
  .text               ro code  0x08028484     0x84  WM_Timer.o [3]
  .text               ro code  0x08028508     0x14  WM_NotifyParent.o [3]
  .text               ro code  0x0802851c     0x40  GUI_SetDefault.o [3]
  .text               ro code  0x0802855c     0x1a  WM_SendMessageNoPara.o [3]
  .text               ro code  0x08028578    0x160  GUIDEV_Banding.o [3]
  .text               ro code  0x080286d8     0x60  GUI_OnKey.o [3]
  .text               ro code  0x08028738     0xd0  GUI__ManageCache.o [3]
  .text               ro code  0x08028808     0x20  GUI_SaveContext.o [3]
  .text               ro code  0x08028828     0x68  WM_GetClientRect.o [3]
  .text               ro code  0x08028890     0x26  WM_SendToParent.o [3]
  .text               ro code  0x080288b8     0x10  WM_CriticalHandle.o [3]
  .text               ro code  0x080288c8     0x78  ABImemmove_unaligned.o [6]
  .text               ro code  0x08028940      0x6  ABImemclr.o [6]
  .text               ro code  0x08028948     0x3c  GUI_Goto.o [3]
  .text               ro code  0x08028984     0x1c  GUIConf.o [1]
  .text               ro code  0x080289a0     0xce  LCDConf_FlexColor_Template.o [1]
  .text               ro code  0x08028a70     0x18  WM_GetDesktopWindow.o [3]
  .text               ro code  0x08028a88     0x40  GUI_SetOrg.o [3]
  .text               ro code  0x08028ac8     0x1a  LCD_GetNumDisplays.o [3]
  .text               ro code  0x08028ae4     0x90  LCD_Set.o [3]
  .text               ro code  0x08028b74     0x1a  GUI_SelectLCD.o [3]
  .text               ro code  0x08028b90    0xdec  api_msg.o [1]
  .text               ro code  0x0802997c     0x2e  strstr.o [4]
  .text               ro code  0x080299ac     0xbc  GUI_DispChar.o [3]
  .text               ro code  0x08029a68     0x2e  I32ToFlt.o [5]
  .text               ro code  0x08029a98     0xfc  FltDiv.o [5]
  .text               ro code  0x08029b94     0x24  FltCmpLe.o [5]
  .text               ro code  0x08029bb8     0xd8  FltMul.o [5]
  .text               ro code  0x08029c90     0x44  FltToS32.o [5]
  .text               ro code  0x08029cd4    0x194  GUI_DispStringInRect.o [3]
  .text               ro code  0x08029e68     0xf0  led.o [1]
  .text               ro code  0x08029f58    0x1b8  GUIDEV_UsageBM.o [3]
  .text               ro code  0x0802a110     0x58  GUIDEV_Usage.o [3]
  .text               ro code  0x0802a168     0x24  LCD_UpdateColorIndices.o [3]
  .text               ro code  0x0802a18c     0x18  GUI_SetDrawMode.o [3]
  .text               ro code  0x0802a1a4    0x600  GUIDEV_WriteToActiveOpaque.o [3]
  .text               ro code  0x0802a7a4     0x22  WM__GetPrevSibling.o [3]
  .text               ro code  0x0802a7c6     0x1a  WM_GetParent.o [3]
  .text               ro code  0x0802a7e0    0x13a  GUI_Timer.o [3]
  .text               ro code  0x0802a91c     0x28  GUI_Pen.o [3]
  .text               ro code  0x0802a944     0x1c  GUI_SetLineStyle.o [3]
  .text               ro code  0x0802a960     0x28  WM__SendMessageNoPara.o [3]
  .text               ro code  0x0802a988     0x36  GUI_GetOrg.o [3]
  .text               ro code  0x0802a9c0     0x34  GUIDEV_GetYSize.o [3]
  .text               ro code  0x0802a9f4     0x38  GUIDEV_ReduceYSize.o [3]
  .text               ro code  0x0802aa2c     0x70  GUIDEV_SetOrg.o [3]
  .text               ro code  0x0802aa9c     0x44  GUIDEV_Clear.o [3]
  .text               ro code  0x0802aae0     0x40  WM_OnKey.o [3]
  .text               ro code  0x0802ab20    0x5e4  GUIDRV_FlexColor.o [3]
  .text               ro code  0x0802b104     0x44  LCD_SelectLCD.o [3]
  .text               ro code  0x0802b148     0x14  GUI_GetFontSizeY.o [3]
  .text               ro code  0x0802b15c      0xa  GUI_GetClientRect.o [3]
  .text               ro code  0x0802b166     0x16  GUI__HandleEOLine.o [3]
  .text               ro code  0x0802b17c    0x414  sn3731.o [1]
  .text               ro code  0x0802b590     0x2a  GUIDEV_GetDataPtr.o [3]
  .text               ro code  0x0802b5ba     0x10  WM__GetFirstSibling.o [3]
  .text               ro code  0x0802b5cc     0x14  GUI__GetFontSizeY.o [3]
  .text               ro code  0x0802b5e0    0x9d0  xmenu.o [1]
  .text               ro code  0x0802bfb0    0x958  GUIDEV_32.o [3]
  .text               ro code  0x0802c908    0x94c  GUIDEV_16.o [3]
  .text               ro code  0x0802d254     0x40  GUI__memset16.o [3]
  .rodata             const    0x0802d294    0x800  inflate.o [1]
  .text               ro code  0x0802da94    0x774  work.o [1]
  .text               ro code  0x0802e208    0x258  lcd_x.o [1]
  .rodata             const    0x0802e460    0x76c  main.o [1]
  .rodata             const    0x0802ebcc    0x748  ui.o [1]
  .rodata             const    0x0802f314    0x718  F6x8.o [3]
  .text               ro code  0x0802fa2c    0x610  GUIDRV_FlexColor_16bpp_C0B16.o [3]
  .rodata             const    0x0803003c    0x600  Arial28.o [1]
  .rodata             const    0x0803063c    0x600  Arial36.o [1]
  .rodata             const    0x08030c3c    0x5dc  ui.o [1]
  .rodata             const    0x08031218    0x400  crc32.o [1]
  .rodata             const    0x08031618    0x3e4  ui.o [1]
  .rodata             const    0x080319fc    0x3d8  ui.o [1]
  .text               ro code  0x08031dd4    0x308  GUIDRV_FlexColor_Func66709.o [3]
  .rodata             const    0x080320dc    0x300  Arial24.o [1]
  .rodata             const    0x080323dc    0x264  Arial36.o [1]
  .rodata             const    0x08032640    0x264  Arial36.o [1]
  .text               ro code  0x080328a4    0x262  main.o [1]
  .text               ro code  0x08032b08     0x10  WM_SetCreateFlags.o [3]
  .text               ro code  0x08032b18     0x48  GUI_Exec.o [3]
  .text               ro code  0x08032b60    0x17c  net.o [1]
  .rodata             const    0x08032cdc    0x240  Arial36.o [1]
  .rodata             const    0x08032f1c    0x21c  Arial36.o [1]
  .rodata             const    0x08033138    0x21c  Arial36.o [1]
  .rodata             const    0x08033354    0x1f8  Arial36.o [1]
  .rodata             const    0x0803354c    0x1f8  Arial36.o [1]
  .rodata             const    0x08033744    0x1f8  Arial36.o [1]
  .rodata             const    0x0803393c    0x1f8  Arial36.o [1]
  .rodata             const    0x08033b34    0x1f8  Arial36.o [1]
  .text               ro code  0x08033d2c    0x1f4  GUIAA_Char4.o [3]
  .text               ro code  0x08033f20    0x108  LCD_AA.o [3]
  .text               ro code  0x08034028     0x98  GUI_DrawBitmap.o [3]
  .text               ro code  0x080340c0    0x128  GUI_CharP.o [3]
  .text               ro code  0x080341e8      0xe  LCD_GetPixelColor.o [3]
  .text               ro code  0x080341f6     0x24  GUI_GetColor.o [3]
  .text               ro code  0x0803421c     0x5c  LCD_GetP.o [3]
  .text               ro code  0x08034278     0x18  LCD_GetColorIndex.o [3]
  .rodata             const    0x08034290    0x1d4  Arial36.o [1]
  .rodata             const    0x08034464    0x1d4  Arial36.o [1]
  .rodata             const    0x08034638    0x1d4  Arial36.o [1]
  .rodata             const    0x0803480c    0x1d4  Arial36.o [1]
  .rodata             const    0x080349e0    0x1d4  Arial36.o [1]
  .rodata             const    0x08034bb4    0x1d4  Arial36.o [1]
  .rodata             const    0x08034d88    0x1d4  Arial36.o [1]
  .rodata             const    0x08034f5c    0x1d4  Arial36.o [1]
  .rodata             const    0x08035130    0x1d4  Arial36.o [1]
  .rodata             const    0x08035304    0x1b0  Arial36.o [1]
  .rodata             const    0x080354b4    0x1b0  Arial36.o [1]
  .rodata             const    0x08035664    0x1b0  Arial36.o [1]
  .rodata             const    0x08035814    0x1b0  Arial36.o [1]
  .rodata             const    0x080359c4    0x1b0  Arial36.o [1]
  .rodata             const    0x08035b74    0x1b0  Arial36.o [1]
  .rodata             const    0x08035d24    0x1b0  Arial36.o [1]
  .rodata             const    0x08035ed4    0x1b0  Arial36.o [1]
  .rodata             const    0x08036084    0x1b0  Arial36.o [1]
  .rodata             const    0x08036234    0x1b0  Arial36.o [1]
  .rodata             const    0x080363e4    0x1b0  Arial36.o [1]
  .rodata             const    0x08036594    0x1b0  Arial36.o [1]
  .rodata             const    0x08036744    0x1b0  Arial36.o [1]
  .rodata             const    0x080368f4    0x1b0  Arial36.o [1]
  .rodata             const    0x08036aa4    0x1b0  Arial36.o [1]
  .rodata             const    0x08036c54    0x1b0  Arial36.o [1]
  .text               ro code  0x08036e04    0x19c  GUIDEV_WriteToActiveAlpha.o [3]
  .rodata             const    0x08036fa0    0x190  xmenu.o [1]
  .rodata             const    0x08037130    0x18c  Arial36.o [1]
  .rodata             const    0x080372bc    0x18c  Arial36.o [1]
  .rodata             const    0x08037448    0x18c  Arial36.o [1]
  .rodata             const    0x080375d4    0x18c  Arial36.o [1]
  .rodata             const    0x08037760    0x18c  Arial36.o [1]
  .rodata             const    0x080378ec    0x18c  Arial36.o [1]
  .rodata             const    0x08037a78    0x18c  Arial36.o [1]
  .rodata             const    0x08037c04    0x18c  Arial36.o [1]
  .rodata             const    0x08037d90    0x18c  Arial36.o [1]
  .rodata             const    0x08037f1c    0x18c  Arial36.o [1]
  .rodata             const    0x080380a8    0x18c  Arial36.o [1]
  .rodata             const    0x08038234    0x18c  Arial36.o [1]
  .rodata             const    0x080383c0    0x18c  Arial36.o [1]
  .rodata             const    0x0803854c    0x18c  Arial36.o [1]
  .rodata             const    0x080386d8    0x18c  Arial36.o [1]
  .rodata             const    0x08038864    0x18c  Arial36.o [1]
  .rodata             const    0x080389f0    0x18c  Arial36.o [1]
  .rodata             const    0x08038b7c    0x18c  Arial36.o [1]
  .rodata             const    0x08038d08    0x18c  Arial36.o [1]
  .rodata             const    0x08038e94    0x18c  Arial36.o [1]
  .rodata             const    0x08039020    0x18c  Arial36.o [1]
  .rodata             const    0x080391ac    0x18c  Arial36.o [1]
  .text               ro code  0x08039338    0x176  GUI_CharM.o [3]
  .rodata             const    0x080394b0    0x16c  Arial28.o [1]
  .rodata             const    0x0803961c    0x16c  Arial28.o [1]
  .rodata             const    0x08039788    0x16c  Arial28.o [1]
  .rodata             const    0x080398f4    0x168  Arial36.o [1]
  .rodata             const    0x08039a5c    0x168  Arial36.o [1]
  .rodata             const    0x08039bc4    0x168  Arial36.o [1]
  .rodata             const    0x08039d2c    0x168  Arial36.o [1]
  .rodata             const    0x08039e94    0x168  Arial36.o [1]
  .rodata             const    0x08039ffc    0x168  Arial36.o [1]
  .rodata             const    0x0803a164    0x168  Arial36.o [1]
  .rodata             const    0x0803a2cc    0x168  Arial36.o [1]
  .rodata             const    0x0803a434    0x168  Arial36.o [1]
  .rodata             const    0x0803a59c    0x168  Arial36.o [1]
  .rodata             const    0x0803a704    0x168  Arial36.o [1]
  .rodata             const    0x0803a86c    0x168  Arial36.o [1]
  .rodata             const    0x0803a9d4    0x168  Arial36.o [1]
  .rodata             const    0x0803ab3c    0x168  Arial36.o [1]
  .text               ro code  0x0803aca4    0x168  GUIDEV_StaticDevices.o [3]
  .text               ro code  0x0803ae0c     0x50  WM_SetSize.o [3]
  .text               ro code  0x0803ae5c     0x24  GUI_SetAlpha.o [3]
  .text               ro code  0x0803ae80     0x1c  WM_GetOrg.o [3]
  .text               ro code  0x0803ae9c     0x84  GUIDEV_Write.o [3]
  .text               ro code  0x0803af20     0xfc  WM_ResizeWindow.o [3]
  .text               ro code  0x0803b01c     0xc2  WM__UpdateChildPositions.o [3]
  .text               ro code  0x0803b0de    0x12a  WM_Move.o [3]
  .rodata             const    0x0803b208    0x150  Arial28.o [1]
  .rodata             const    0x0803b358    0x150  Arial28.o [1]
  .rodata             const    0x0803b4a8    0x144  Arial36.o [1]
  .rodata             const    0x0803b5ec    0x144  Arial36.o [1]
  .rodata             const    0x0803b730    0x144  Arial36.o [1]
  .rodata             const    0x0803b874    0x144  Arial36.o [1]
  .rodata             const    0x0803b9b8    0x144  Arial36.o [1]
  .rodata             const    0x0803bafc    0x144  Arial36.o [1]
  .rodata             const    0x0803bc40    0x144  Arial36.o [1]
  .rodata             const    0x0803bd84    0x144  Arial36.o [1]
  .rodata             const    0x0803bec8    0x144  Arial36.o [1]
  .rodata             const    0x0803c00c    0x144  Arial36.o [1]
  .rodata             const    0x0803c150    0x144  Arial36.o [1]
  .rodata             const    0x0803c294    0x144  Arial36.o [1]
  .rodata             const    0x0803c3d8    0x144  Arial36.o [1]
  .rodata             const    0x0803c51c    0x144  Arial36.o [1]
  .rodata             const    0x0803c660    0x144  Arial36.o [1]
  .rodata             const    0x0803c7a4    0x144  Arial36.o [1]
  .rodata             const    0x0803c8e8    0x144  Arial36.o [1]
  .rodata             const    0x0803ca2c    0x144  Arial36.o [1]
  .rodata             const    0x0803cb70    0x144  Arial36.o [1]
  .rodata             const    0x0803ccb4    0x144  Arial36.o [1]
  .rodata             const    0x0803cdf8    0x144  Arial36.o [1]
  .rodata             const    0x0803cf3c    0x144  Arial36.o [1]
  .rodata             const    0x0803d080    0x144  Arial36.o [1]
  .rodata             const    0x0803d1c4    0x144  Arial36.o [1]
  .rodata             const    0x0803d308    0x144  Arial36.o [1]
  .rodata             const    0x0803d44c    0x144  Arial36.o [1]
  .rodata             const    0x0803d590    0x144  Arial36.o [1]
  .rodata             const    0x0803d6d4    0x144  Arial36.o [1]
  .rodata             const    0x0803d818    0x144  Arial36.o [1]
  .rodata             const    0x0803d95c    0x144  Arial36.o [1]
  .rodata             const    0x0803daa0    0x144  Arial36.o [1]
  .rodata             const    0x0803dbe4    0x144  Arial36.o [1]
  .rodata             const    0x0803dd28    0x144  Arial36.o [1]
  .rodata             const    0x0803de6c    0x144  Arial36.o [1]
  .rodata             const    0x0803dfb0    0x144  Arial36.o [1]
  .rodata             const    0x0803e0f4    0x144  Arial36.o [1]
  .rodata             const    0x0803e238    0x144  Arial36.o [1]
  .rodata             const    0x0803e37c    0x144  Arial36.o [1]
  .rodata             const    0x0803e4c0    0x144  Arial36.o [1]
  .rodata             const    0x0803e604    0x144  Arial36.o [1]
  .rodata             const    0x0803e748    0x144  Arial36.o [1]
  .rodata             const    0x0803e88c    0x144  Arial36.o [1]
  .rodata             const    0x0803e9d0    0x144  Arial36.o [1]
  .rodata             const    0x0803eb14    0x144  Arial36.o [1]
  .rodata             const    0x0803ec58    0x144  Arial36.o [1]
  .rodata             const    0x0803ed9c    0x144  Arial36.o [1]
  .rodata             const    0x0803eee0    0x144  Arial36.o [1]
  .rodata             const    0x0803f024    0x144  Arial36.o [1]
  .rodata             const    0x0803f168    0x144  Arial36.o [1]
  .rodata             const    0x0803f2ac    0x144  Arial36.o [1]
  .rodata             const    0x0803f3f0    0x144  Arial36.o [1]
  .rodata             const    0x0803f534    0x144  Arial36.o [1]
  .rodata             const    0x0803f678    0x144  Arial36.o [1]
  .rodata             const    0x0803f7bc    0x144  Arial36.o [1]
  .rodata             const    0x0803f900    0x144  Arial36.o [1]
  .rodata             const    0x0803fa44    0x144  Arial36.o [1]
  .rodata             const    0x0803fb88    0x144  Arial36.o [1]
  .rodata             const    0x0803fccc    0x144  Arial36.o [1]
  .rodata             const    0x0803fe10    0x144  Arial36.o [1]
  .rodata             const    0x0803ff54    0x144  Arial36.o [1]
  .rodata             const    0x08040098    0x144  Arial36.o [1]
  .rodata             const    0x080401dc    0x144  Arial36.o [1]
  .rodata             const    0x08040320    0x144  Arial36.o [1]
  .rodata             const    0x08040464    0x144  Arial36.o [1]
  .rodata             const    0x080405a8    0x144  Arial36.o [1]
  .rodata             const    0x080406ec    0x144  Arial36.o [1]
  .rodata             const    0x08040830    0x144  Arial36.o [1]
  .rodata             const    0x08040974    0x144  Arial36.o [1]
  .rodata             const    0x08040ab8    0x144  Arial36.o [1]
  .rodata             const    0x08040bfc    0x134  Arial28.o [1]
  .rodata             const    0x08040d30    0x134  Arial28.o [1]
  .rodata             const    0x08040e64    0x134  Arial28.o [1]
  .rodata             const    0x08040f98    0x134  Arial28.o [1]
  .rodata             const    0x080410cc    0x134  Arial28.o [1]
  .rodata             const    0x08041200    0x120  Arial36.o [1]
  .rodata             const    0x08041320    0x120  Arial36.o [1]
  .rodata             const    0x08041440    0x118  Arial28.o [1]
  .rodata             const    0x08041558    0x118  Arial28.o [1]
  .rodata             const    0x08041670    0x118  Arial28.o [1]
  .rodata             const    0x08041788    0x118  Arial28.o [1]
  .rodata             const    0x080418a0    0x118  Arial28.o [1]
  .rodata             const    0x080419b8    0x118  Arial28.o [1]
  .rodata             const    0x08041ad0    0x118  Arial28.o [1]
  .rodata             const    0x08041be8    0x118  Arial28.o [1]
  .rodata             const    0x08041d00    0x118  Arial28.o [1]
  .rodata             const    0x08041e18    0x118  Arial28.o [1]
  .rodata             const    0x08041f30    0x118  Arial28.o [1]
  .rodata             const    0x08042048    0x100  pngtrans.o [1]
  .rodata             const    0x08042148    0x100  pngtrans.o [1]
  .rodata             const    0x08042248    0x100  pngtrans.o [1]
  .rodata             const    0x08042348    0x100  LCD_Mirror.o [3]
  .rodata             const    0x08042448    0x100  GUI__DivTbl_255_31.o [3]
  .rodata             const    0x08042548    0x100  GUI__DivTbl_255_63.o [3]
  .rodata             const    0x08042648     0xfc  Arial28.o [1]
  .rodata             const    0x08042744     0xfc  Arial28.o [1]
  .rodata             const    0x08042840     0xfc  Arial28.o [1]
  .rodata             const    0x0804293c     0xfc  Arial28.o [1]
  .rodata             const    0x08042a38     0xfc  Arial28.o [1]
  .rodata             const    0x08042b34     0xfc  Arial28.o [1]
  .rodata             const    0x08042c30     0xfc  Arial28.o [1]
  .rodata             const    0x08042d2c     0xfc  Arial28.o [1]
  .rodata             const    0x08042e28     0xfc  Arial28.o [1]
  .rodata             const    0x08042f24     0xfc  Arial28.o [1]
  .rodata             const    0x08043020     0xfc  Arial28.o [1]
  .rodata             const    0x0804311c     0xfc  Arial28.o [1]
  .rodata             const    0x08043218     0xfc  Arial28.o [1]
  .rodata             const    0x08043314     0xfc  Arial28.o [1]
  .rodata             const    0x08043410     0xfc  Arial28.o [1]
  .rodata             const    0x0804350c     0xfc  Arial28.o [1]
  .rodata             const    0x08043608     0xfc  Arial28.o [1]
  .rodata             const    0x08043704     0xfc  Arial28.o [1]
  .rodata             const    0x08043800     0xfc  Arial28.o [1]
  .rodata             const    0x080438fc     0xfc  Arial28.o [1]
  .rodata             const    0x080439f8     0xfc  Arial28.o [1]
  .rodata             const    0x08043af4     0xfc  Arial28.o [1]
  .rodata             const    0x08043bf0     0xfc  Arial28.o [1]
  .rodata             const    0x08043cec     0xfc  Arial28.o [1]
  .rodata             const    0x08043de8     0xfc  Arial28.o [1]
  .rodata             const    0x08043ee4     0xfc  Arial28.o [1]
  .rodata             const    0x08043fe0     0xfc  Arial28.o [1]
  .rodata             const    0x080440dc     0xfc  Arial28.o [1]
  .rodata             const    0x080441d8     0xfc  Arial28.o [1]
  .rodata             const    0x080442d4     0xfc  Arial28.o [1]
  .rodata             const    0x080443d0     0xfc  Arial28.o [1]
  .rodata             const    0x080444cc     0xfc  Arial28.o [1]
  .rodata             const    0x080445c8     0xfc  Arial28.o [1]
  .rodata             const    0x080446c4     0xfc  Arial28.o [1]
  .rodata             const    0x080447c0     0xfc  Arial28.o [1]
  .rodata             const    0x080448bc     0xfc  Arial28.o [1]
  .rodata             const    0x080449b8     0xfc  Arial36.o [1]
  .rodata             const    0x08044ab4     0xfc  Arial36.o [1]
  .text               ro code  0x08044bb0     0xe4  GUI_EncExt.o [3]
  .text               ro code  0x08044c94     0x14  GUI_CharPExt.o [3]
  .rodata             const    0x08044ca8     0xe0  Arial28.o [1]
  .rodata             const    0x08044d88     0xe0  Arial28.o [1]
  .rodata             const    0x08044e68     0xe0  Arial28.o [1]
  .rodata             const    0x08044f48     0xe0  Arial28.o [1]
  .rodata             const    0x08045028     0xe0  Arial28.o [1]
  .rodata             const    0x08045108     0xe0  Arial28.o [1]
  .rodata             const    0x080451e8     0xe0  Arial28.o [1]
  .rodata             const    0x080452c8     0xe0  Arial28.o [1]
  .rodata             const    0x080453a8     0xe0  Arial28.o [1]
  .rodata             const    0x08045488     0xe0  Arial28.o [1]
  .rodata             const    0x08045568     0xe0  Arial28.o [1]
  .rodata             const    0x08045648     0xe0  Arial28.o [1]
  .rodata             const    0x08045728     0xe0  Arial28.o [1]
  .rodata             const    0x08045808     0xe0  Arial28.o [1]
  .rodata             const    0x080458e8     0xe0  png.o [1]
  .rodata             const    0x080459c8     0xe0  xmenu.o [1]
  .rodata             const    0x08045aa8     0xe0  xmenu.o [1]
  .rodata             const    0x08045b88     0xd8  Arial36.o [1]
  .rodata             const    0x08045c60     0xd8  Arial36.o [1]
  .rodata             const    0x08045d38     0xd8  Arial36.o [1]
  .rodata             const    0x08045e10     0xd8  Arial36.o [1]
  .rodata             const    0x08045ee8     0xd8  Arial36.o [1]
  .rodata             const    0x08045fc0     0xd8  Arial36.o [1]
  .rodata             const    0x08046098     0xd8  Arial36.o [1]
  .rodata             const    0x08046170     0xd8  Arial36.o [1]
  .rodata             const    0x08046248     0xd8  Arial36.o [1]
  .rodata             const    0x08046320     0xd8  Arial36.o [1]
  .rodata             const    0x080463f8     0xd8  Arial36.o [1]
  .rodata             const    0x080464d0     0xd8  Arial36.o [1]
  .rodata             const    0x080465a8     0xd8  Arial36.o [1]
  .rodata             const    0x08046680     0xd8  Arial36.o [1]
  .rodata             const    0x08046758     0xd8  Arial36.o [1]
  .rodata             const    0x08046830     0xd8  Arial36.o [1]
  .rodata             const    0x08046908     0xd8  Arial36.o [1]
  .rodata             const    0x080469e0     0xd8  Arial36.o [1]
  .rodata             const    0x08046ab8     0xc4  Arial28.o [1]
  .rodata             const    0x08046b7c     0xc4  Arial28.o [1]
  .rodata             const    0x08046c40     0xc4  Arial28.o [1]
  .rodata             const    0x08046d04     0xc4  Arial28.o [1]
  .rodata             const    0x08046dc8     0xc4  Arial28.o [1]
  .rodata             const    0x08046e8c     0xc4  Arial28.o [1]
  .rodata             const    0x08046f50     0xc4  Arial28.o [1]
  .rodata             const    0x08047014     0xc4  Arial28.o [1]
  .rodata             const    0x080470d8     0xc4  Arial28.o [1]
  .rodata             const    0x0804719c     0xc4  Arial28.o [1]
  .rodata             const    0x08047260     0xc4  Arial28.o [1]
  .rodata             const    0x08047324     0xc4  Arial28.o [1]
  .rodata             const    0x080473e8     0xc4  Arial28.o [1]
  .rodata             const    0x080474ac     0xc4  Arial28.o [1]
  .rodata             const    0x08047570     0xc4  Arial28.o [1]
  .rodata             const    0x08047634     0xc4  Arial28.o [1]
  .rodata             const    0x080476f8     0xc4  Arial28.o [1]
  .rodata             const    0x080477bc     0xc4  Arial28.o [1]
  .rodata             const    0x08047880     0xc4  Arial28.o [1]
  .rodata             const    0x08047944     0xc4  Arial28.o [1]
  .rodata             const    0x08047a08     0xc4  Arial28.o [1]
  .rodata             const    0x08047acc     0xc4  Arial28.o [1]
  .rodata             const    0x08047b90     0xc4  Arial28.o [1]
  .rodata             const    0x08047c54     0xc4  Arial28.o [1]
  .rodata             const    0x08047d18     0xc4  Arial28.o [1]
  .rodata             const    0x08047ddc     0xc4  Arial28.o [1]
  .rodata             const    0x08047ea0     0xc4  Arial28.o [1]
  .rodata             const    0x08047f64     0xc4  Arial28.o [1]
  .rodata             const    0x08048028     0xc4  Arial28.o [1]
  .rodata             const    0x080480ec     0xc4  Arial28.o [1]
  .rodata             const    0x080481b0     0xc4  Arial28.o [1]
  .rodata             const    0x08048274     0xc4  Arial28.o [1]
  .rodata             const    0x08048338     0xc4  Arial28.o [1]
  .rodata             const    0x080483fc     0xc4  Arial28.o [1]
  .rodata             const    0x080484c0     0xc4  Arial28.o [1]
  .rodata             const    0x08048584     0xc4  Arial28.o [1]
  .rodata             const    0x08048648     0xc4  Arial28.o [1]
  .rodata             const    0x0804870c     0xc4  Arial28.o [1]
  .rodata             const    0x080487d0     0xc4  Arial28.o [1]
  .rodata             const    0x08048894     0xc4  Arial28.o [1]
  .rodata             const    0x08048958     0xc4  Arial28.o [1]
  .rodata             const    0x08048a1c     0xc4  Arial28.o [1]
  .rodata             const    0x08048ae0     0xc4  Arial28.o [1]
  .rodata             const    0x08048ba4     0xc4  Arial28.o [1]
  .rodata             const    0x08048c68     0xc4  Arial28.o [1]
  .rodata             const    0x08048d2c     0xc4  Arial28.o [1]
  .rodata             const    0x08048df0     0xc4  Arial28.o [1]
  .rodata             const    0x08048eb4     0xc4  Arial28.o [1]
  .rodata             const    0x08048f78     0xc4  Arial28.o [1]
  .rodata             const    0x0804903c     0xc4  Arial28.o [1]
  .rodata             const    0x08049100     0xc4  Arial28.o [1]
  .rodata             const    0x080491c4     0xc4  Arial28.o [1]
  .rodata             const    0x08049288     0xc4  Arial28.o [1]
  .rodata             const    0x0804934c     0xc4  Arial28.o [1]
  .rodata             const    0x08049410     0xc4  Arial28.o [1]
  .rodata             const    0x080494d4     0xc4  Arial28.o [1]
  .rodata             const    0x08049598     0xc4  Arial28.o [1]
  .rodata             const    0x0804965c     0xc4  Arial28.o [1]
  .rodata             const    0x08049720     0xc4  Arial28.o [1]
  .rodata             const    0x080497e4     0xc4  Arial28.o [1]
  .rodata             const    0x080498a8     0xc4  Arial28.o [1]
  .rodata             const    0x0804996c     0xc4  Arial28.o [1]
  .rodata             const    0x08049a30     0xc4  Arial28.o [1]
  .rodata             const    0x08049af4     0xc4  Arial28.o [1]
  .rodata             const    0x08049bb8     0xc4  Arial28.o [1]
  .rodata             const    0x08049c7c     0xc4  Arial28.o [1]
  .rodata             const    0x08049d40     0xc4  Arial28.o [1]
  .rodata             const    0x08049e04     0xc4  Arial28.o [1]
  .rodata             const    0x08049ec8     0xc4  Arial28.o [1]
  .rodata             const    0x08049f8c     0xc4  Arial28.o [1]
  .text               ro code  0x0804a050     0xc4  GUICC_565.o [3]
  .text               ro code  0x0804a114     0xb8  GUICC_0.o [3]
  .text               ro code  0x0804a1cc     0x3e  GUI_CalcColorDist.o [3]
  .rodata             const    0x0804a20c     0xb4  Arial36.o [1]
  .rodata             const    0x0804a2c0     0xb4  Arial36.o [1]
  .rodata             const    0x0804a374     0xb4  Arial36.o [1]
  .rodata             const    0x0804a428     0xb4  Arial36.o [1]
  .rodata             const    0x0804a4dc     0xb4  Arial36.o [1]
  .rodata             const    0x0804a590     0xb4  Arial36.o [1]
  .rodata             const    0x0804a644     0xb4  Arial36.o [1]
  .rodata             const    0x0804a6f8     0xb4  Arial36.o [1]
  .rodata             const    0x0804a7ac     0xb4  Arial36.o [1]
  .rodata             const    0x0804a860     0xb4  Arial36.o [1]
  .rodata             const    0x0804a914     0xb4  Arial36.o [1]
  .rodata             const    0x0804a9c8     0xb4  Arial36.o [1]
  .rodata             const    0x0804aa7c     0xb4  Arial36.o [1]
  .rodata             const    0x0804ab30     0xb4  Arial36.o [1]
  .rodata             const    0x0804abe4     0xb4  Arial36.o [1]
  .rodata             const    0x0804ac98     0xb4  Arial36.o [1]
  .rodata             const    0x0804ad4c     0xb4  Arial36.o [1]
  .rodata             const    0x0804ae00     0xb4  Arial36.o [1]
  .rodata             const    0x0804aeb4     0xb4  Arial36.o [1]
  .rodata             const    0x0804af68     0xb4  Arial36.o [1]
  .rodata             const    0x0804b01c     0xb4  Arial36.o [1]
  .rodata             const    0x0804b0d0     0xb4  Arial36.o [1]
  .rodata             const    0x0804b184     0xb4  Arial36.o [1]
  .rodata             const    0x0804b238     0xb4  Arial36.o [1]
  .rodata             const    0x0804b2ec     0xb4  visca.o [1]
  .rodata             const    0x0804b3a0     0xa8  Arial28.o [1]
  .rodata             const    0x0804b448     0xa0  xmenu.o [1]
  .rodata             const    0x0804b4e8     0xa0  xmenu.o [1]
  .rodata             const    0x0804b588     0xa0  xmenu.o [1]
  .rodata             const    0x0804b628     0xa0  xmenu.o [1]
  .rodata             const    0x0804b6c8     0x90  Arial36.o [1]
  .rodata             const    0x0804b758     0x90  Arial36.o [1]
  .rodata             const    0x0804b7e8     0x90  Arial36.o [1]
  .rodata             const    0x0804b878     0x90  Arial36.o [1]
  .rodata             const    0x0804b908     0x90  Arial36.o [1]
  .rodata             const    0x0804b998     0x90  Arial36.o [1]
  .rodata             const    0x0804ba28     0x90  pngrutil.o [1]
  .rodata             const    0x0804bab8     0x8c  Arial28.o [1]
  .rodata             const    0x0804bb44     0x8c  Arial28.o [1]
  .rodata             const    0x0804bbd0     0x8c  Arial28.o [1]
  .rodata             const    0x0804bc5c     0x8c  Arial28.o [1]
  .rodata             const    0x0804bce8     0x8c  Arial28.o [1]
  .rodata             const    0x0804bd74     0x8c  Arial28.o [1]
  .rodata             const    0x0804be00     0x8c  Arial28.o [1]
  .rodata             const    0x0804be8c     0x8c  Arial28.o [1]
  .rodata             const    0x0804bf18     0x8c  Arial28.o [1]
  .rodata             const    0x0804bfa4     0x8c  Arial28.o [1]
  .rodata             const    0x0804c030     0x8c  Arial28.o [1]
  .rodata             const    0x0804c0bc     0x8c  Arial28.o [1]
  .rodata             const    0x0804c148     0x8c  Arial28.o [1]
  .rodata             const    0x0804c1d4     0x8c  Arial28.o [1]
  .rodata             const    0x0804c260     0x8c  Arial28.o [1]
  .rodata             const    0x0804c2ec     0x8c  Arial28.o [1]
  .rodata             const    0x0804c378     0x8c  Arial28.o [1]
  .rodata             const    0x0804c404     0x8c  Arial28.o [1]
  .rodata             const    0x0804c490     0x8c  Arial28.o [1]
  .rodata             const    0x0804c51c     0x8c  Arial28.o [1]
  .rodata             const    0x0804c5a8     0x84  sn3731.o [1]
  .rodata             const    0x0804c62c     0x80  inflate.o [1]
  .rodata             const    0x0804c6ac     0x80  ui.o [1]
  .rodata             const    0x0804c72c     0x80  xmenu.o [1]
  .rodata             const    0x0804c7ac     0x78  xmenu.o [1]
  .text               ro code  0x0804c824     0x78  lz77_init_single.o [6]
  .rodata             const    0x0804c89c     0x70  Arial28.o [1]
  .rodata             const    0x0804c90c     0x70  Arial28.o [1]
  .rodata             const    0x0804c97c     0x70  Arial28.o [1]
  .rodata             const    0x0804c9ec     0x70  Arial28.o [1]
  .rodata             const    0x0804ca5c     0x70  Arial28.o [1]
  .rodata             const    0x0804cacc     0x70  Arial28.o [1]
  .rodata             const    0x0804cb3c     0x70  Arial28.o [1]
  .rodata             const    0x0804cbac     0x70  Arial28.o [1]
  .rodata             const    0x0804cc1c     0x70  Arial28.o [1]
  .rodata             const    0x0804cc8c     0x70  Arial28.o [1]
  .rodata             const    0x0804ccfc     0x70  Arial28.o [1]
  .rodata             const    0x0804cd6c     0x70  Arial28.o [1]
  .rodata             const    0x0804cddc     0x70  Arial28.o [1]
  .rodata             const    0x0804ce4c     0x70  Arial28.o [1]
  .rodata             const    0x0804cebc     0x70  Arial28.o [1]
  .rodata             const    0x0804cf2c     0x70  Arial28.o [1]
  .rodata             const    0x0804cf9c     0x70  Arial28.o [1]
  .rodata             const    0x0804d00c     0x70  Arial28.o [1]
  .rodata             const    0x0804d07c     0x70  Arial28.o [1]
  .rodata             const    0x0804d0ec     0x70  Arial28.o [1]
  .rodata             const    0x0804d15c     0x70  Arial28.o [1]
  .rodata             const    0x0804d1cc     0x70  Arial28.o [1]
  .rodata             const    0x0804d23c     0x70  Arial28.o [1]
  .rodata             const    0x0804d2ac     0x70  Arial28.o [1]
  .rodata             const    0x0804d31c     0x70  Arial28.o [1]
  .rodata             const    0x0804d38c     0x70  Arial28.o [1]
  .rodata             const    0x0804d3fc     0x68  visca.o [1]
  .rodata             const    0x0804d464     0x68  visca_ip.o [1]
  .rodata             const    0x0804d4cc     0x60  xmenu.o [1]
  .rodata             const    0x0804d52c     0x60  xmenu.o [1]
  .rodata             const    0x0804d58c     0x60  xmenu.o [1]
  .rodata             const    0x0804d5ec     0x60  xmenu.o [1]
  .rodata             const    0x0804d64c     0x60  xmenu.o [1]
  .text               ro code  0x0804d6ac     0x5c  system_stm32f2xx.o [1]
  .rodata             const    0x0804d708     0x54  Arial28.o [1]
  .rodata             const    0x0804d75c     0x54  Arial28.o [1]
  .rodata             const    0x0804d7b0     0x54  Arial28.o [1]
  .rodata             const    0x0804d804     0x54  Arial28.o [1]
  .rodata             const    0x0804d858     0x50  xmenu.o [1]
  .rodata             const    0x0804d8a8     0x4c  pngrutil.o [1]
  .rodata             const    0x0804d8f4     0x48  Arial24.o [1]
  .rodata             const    0x0804d93c     0x48  Arial24.o [1]
  .rodata             const    0x0804d984     0x48  Arial24.o [1]
  .rodata             const    0x0804d9cc     0x48  Arial24.o [1]
  .rodata             const    0x0804da14     0x48  Arial24.o [1]
  .rodata             const    0x0804da5c     0x48  pngrutil.o [1]
  .rodata             const    0x0804daa4     0x44  pngread.o [1]
  .rodata             const    0x0804dae8     0x40  inftrees.o [1]
  .rodata             const    0x0804db28     0x40  inftrees.o [1]
  .rodata             const    0x0804db68     0x40  inftrees.o [1]
  .rodata             const    0x0804dba8     0x40  inftrees.o [1]
  .rodata             const    0x0804dbe8     0x40  xmenu.o [1]
  .rodata             const    0x0804dc28     0x40  GUI__DivTbl_63_255.o [3]
  .text               ro code  0x0804dc68     0x40  zero_init3.o [6]
  .rodata             const    0x0804dca8     0x3c  pngread.o [1]
  .rodata             const    0x0804dce4     0x3c  pngread.o [1]
  .rodata             const    0x0804dd20     0x3c  pngrtran.o [1]
  .rodata             const    0x0804dd5c     0x3c  ui_framework.o [1]
  .rodata             const    0x0804dd98     0x38  png.o [1]
  .rodata             const    0x0804ddd0     0x38  pngrtran.o [1]
  .rodata             const    0x0804de08     0x34  memp.o [1]
  .rodata             const    0x0804de3c     0x34  png.o [1]
  .rodata             const    0x0804de70     0x34  png.o [1]
  .rodata             const    0x0804dea4     0x34  pngrtran.o [1]
  .rodata             const    0x0804ded8     0x34  pngset.o [1]
  .rodata             const    0x0804df0c     0x34  pngset.o [1]
  .rodata             const    0x0804df40     0x34  xmenu.o [1]
  .rodata             const    0x0804df74     0x34  GUIDRV_FlexColor.o [3]
  .rodata             const    0x0804dfa8     0x30  adc.o [1]
  .rodata             const    0x0804dfd8     0x30  Arial24.o [1]
  .rodata             const    0x0804e008     0x30  Arial24.o [1]
  .rodata             const    0x0804e038     0x30  Arial24.o [1]
  .rodata             const    0x0804e068     0x30  Arial24.o [1]
  .rodata             const    0x0804e098     0x30  Arial24.o [1]
  .rodata             const    0x0804e0c8     0x30  Arial24.o [1]
  .rodata             const    0x0804e0f8     0x30  Arial24.o [1]
  .rodata             const    0x0804e128     0x30  Arial24.o [1]
  .rodata             const    0x0804e158     0x30  Arial24.o [1]
  .rodata             const    0x0804e188     0x30  Arial24.o [1]
  .rodata             const    0x0804e1b8     0x30  Arial24.o [1]
  .rodata             const    0x0804e1e8     0x30  Arial24.o [1]
  .rodata             const    0x0804e218     0x30  Arial24.o [1]
  .rodata             const    0x0804e248     0x30  Arial24.o [1]
  .rodata             const    0x0804e278     0x30  Arial24.o [1]
  .rodata             const    0x0804e2a8     0x30  Arial24.o [1]
  .rodata             const    0x0804e2d8     0x30  Arial24.o [1]
  .rodata             const    0x0804e308     0x30  Arial24.o [1]
  .rodata             const    0x0804e338     0x30  Arial24.o [1]
  .rodata             const    0x0804e368     0x30  Arial24.o [1]
  .rodata             const    0x0804e398     0x30  Arial24.o [1]
  .rodata             const    0x0804e3c8     0x30  Arial24.o [1]
  .rodata             const    0x0804e3f8     0x30  Arial24.o [1]
  .rodata             const    0x0804e428     0x30  Arial24.o [1]
  .rodata             const    0x0804e458     0x30  Arial24.o [1]
  .rodata             const    0x0804e488     0x30  Arial24.o [1]
  .rodata             const    0x0804e4b8     0x30  Arial24.o [1]
  .rodata             const    0x0804e4e8     0x30  Arial24.o [1]
  .rodata             const    0x0804e518     0x30  Arial24.o [1]
  .rodata             const    0x0804e548     0x30  Arial24.o [1]
  .rodata             const    0x0804e578     0x30  Arial24.o [1]
  .rodata             const    0x0804e5a8     0x30  Arial24.o [1]
  .rodata             const    0x0804e5d8     0x30  Arial24.o [1]
  .rodata             const    0x0804e608     0x30  Arial24.o [1]
  .rodata             const    0x0804e638     0x30  Arial24.o [1]
  .rodata             const    0x0804e668     0x30  Arial24.o [1]
  .rodata             const    0x0804e698     0x30  Arial24.o [1]
  .rodata             const    0x0804e6c8     0x30  Arial24.o [1]
  .rodata             const    0x0804e6f8     0x30  Arial24.o [1]
  .rodata             const    0x0804e728     0x30  Arial24.o [1]
  .rodata             const    0x0804e758     0x30  Arial24.o [1]
  .rodata             const    0x0804e788     0x30  Arial24.o [1]
  .rodata             const    0x0804e7b8     0x30  Arial24.o [1]
  .rodata             const    0x0804e7e8     0x30  Arial24.o [1]
  .rodata             const    0x0804e818     0x30  Arial24.o [1]
  .rodata             const    0x0804e848     0x30  Arial24.o [1]
  .rodata             const    0x0804e878     0x30  Arial24.o [1]
  .rodata             const    0x0804e8a8     0x30  Arial24.o [1]
  .rodata             const    0x0804e8d8     0x30  Arial24.o [1]
  .rodata             const    0x0804e908     0x30  Arial24.o [1]
  .rodata             const    0x0804e938     0x30  Arial24.o [1]
  .rodata             const    0x0804e968     0x30  Arial24.o [1]
  .rodata             const    0x0804e998     0x30  Arial24.o [1]
  .rodata             const    0x0804e9c8     0x30  Arial24.o [1]
  .rodata             const    0x0804e9f8     0x30  Arial24.o [1]
  .rodata             const    0x0804ea28     0x30  Arial24.o [1]
  .rodata             const    0x0804ea58     0x30  Arial24.o [1]
  .rodata             const    0x0804ea88     0x30  Arial24.o [1]
  .rodata             const    0x0804eab8     0x30  Arial24.o [1]
  .rodata             const    0x0804eae8     0x30  Arial24.o [1]
  .rodata             const    0x0804eb18     0x30  Arial24.o [1]
  .rodata             const    0x0804eb48     0x30  Arial24.o [1]
  .rodata             const    0x0804eb78     0x30  Arial24.o [1]
  .rodata             const    0x0804eba8     0x30  bsp.o [1]
  .rodata             const    0x0804ebd8     0x30  fsmc.o [1]
  .rodata             const    0x0804ec08     0x30  i2c.o [1]
  .rodata             const    0x0804ec38     0x30  png.o [1]
  .rodata             const    0x0804ec68     0x30  png.o [1]
  .rodata             const    0x0804ec98     0x30  pngread.o [1]
  .rodata             const    0x0804ecc8     0x30  pngrutil.o [1]
  .rodata             const    0x0804ecf8     0x30  pngset.o [1]
  .rodata             const    0x0804ed28     0x30  pngset.o [1]
  .rodata             const    0x0804ed58     0x30  spi.o [1]
  .rodata             const    0x0804ed88     0x30  tim.o [1]
  .rodata             const    0x0804edb8     0x30  uart.o [1]
  .rodata             const    0x0804ede8     0x30  uart.o [1]
  .rodata             const    0x0804ee18     0x30  visca.o [1]
  .rodata             const    0x0804ee48     0x2c  main.o [1]
  .rodata             const    0x0804ee74     0x2c  png.o [1]
  .rodata             const    0x0804eea0     0x2c  png.o [1]
  .rodata             const    0x0804eecc     0x2c  png.o [1]
  .rodata             const    0x0804eef8     0x2c  png.o [1]
  .rodata             const    0x0804ef24     0x2c  png.o [1]
  .rodata             const    0x0804ef50     0x2c  pngread.o [1]
  .rodata             const    0x0804ef7c     0x2c  pngrtran.o [1]
  .rodata             const    0x0804efa8     0x2c  pngrutil.o [1]
  .rodata             const    0x0804efd4     0x2c  pngset.o [1]
  .rodata             const    0x0804f000     0x2c  uart.o [1]
  .rodata             const    0x0804f02c     0x28  inflate.o [1]
  .rodata             const    0x0804f054     0x28  inflate.o [1]
  .rodata             const    0x0804f07c     0x28  png.o [1]
  .rodata             const    0x0804f0a4     0x28  png.o [1]
  .rodata             const    0x0804f0cc     0x28  png.o [1]
  .rodata             const    0x0804f0f4     0x28  png.o [1]
  .rodata             const    0x0804f11c     0x28  png.o [1]
  .rodata             const    0x0804f144     0x28  png.o [1]
  .rodata             const    0x0804f16c     0x28  pngrtran.o [1]
  .rodata             const    0x0804f194     0x28  pngrtran.o [1]
  .rodata             const    0x0804f1bc     0x28  pngrtran.o [1]
  .rodata             const    0x0804f1e4     0x28  pngrutil.o [1]
  .rodata             const    0x0804f20c     0x28  pngrutil.o [1]
  .rodata             const    0x0804f234     0x28  pngset.o [1]
  .rodata             const    0x0804f25c     0x28  pngset.o [1]
  .rodata             const    0x0804f284     0x28  pngset.o [1]
  .rodata             const    0x0804f2ac     0x28  pngset.o [1]
  .rodata             const    0x0804f2d4     0x28  timeouts.o [1]
  .rodata             const    0x0804f2fc     0x28  xmenu.o [1]
  .rodata             const    0x0804f324     0x28  xmenu.o [1]
  .text               ro code  0x0804f34c     0x28  GUICC_8888.o [3]
  .text               ro code  0x0804f374     0x28  data_init.o [6]
  .rodata             const    0x0804f39c     0x24  Arial24.o [1]
  .rodata             const    0x0804f3c0     0x24  Arial28.o [1]
  .rodata             const    0x0804f3e4     0x24  Arial36.o [1]
  .rodata             const    0x0804f408     0x24  bsp.o [1]
  .rodata             const    0x0804f42c     0x24  inflate.o [1]
  .rodata             const    0x0804f450     0x24  png.o [1]
  .rodata             const    0x0804f474     0x24  png.o [1]
  .rodata             const    0x0804f498     0x24  png.o [1]
  .rodata             const    0x0804f4bc     0x24  png.o [1]
  .rodata             const    0x0804f4e0     0x24  png.o [1]
  .rodata             const    0x0804f504     0x24  png.o [1]
  .rodata             const    0x0804f528     0x24  png.o [1]
  .rodata             const    0x0804f54c     0x24  pngread.o [1]
  .rodata             const    0x0804f570     0x24  pngrtran.o [1]
  .rodata             const    0x0804f594     0x24  pngrtran.o [1]
  .rodata             const    0x0804f5b8     0x24  pngrtran.o [1]
  .rodata             const    0x0804f5dc     0x24  pngrutil.o [1]
  .rodata             const    0x0804f600     0x24  pngrutil.o [1]
  .rodata             const    0x0804f624     0x24  pngrutil.o [1]
  .rodata             const    0x0804f648     0x24  pngrutil.o [1]
  .rodata             const    0x0804f66c     0x24  pngrutil.o [1]
  .rodata             const    0x0804f690     0x24  pngrutil.o [1]
  .rodata             const    0x0804f6b4     0x24  pngrutil.o [1]
  .rodata             const    0x0804f6d8     0x24  pngset.o [1]
  .rodata             const    0x0804f6fc     0x24  pngset.o [1]
  .rodata             const    0x0804f720     0x24  pngset.o [1]
  .rodata             const    0x0804f744     0x24  uart.o [1]
  .rodata             const    0x0804f768     0x24  uart.o [1]
  .text               ro code  0x0804f78c     0x24  GUI_UC_EncodeNone.o [3]
  .iar.init_table     const    0x0804f7b0     0x20  - Linker created -
  .rodata             const    0x0804f7d0     0x20  inffast.o [1]
  .rodata             const    0x0804f7f0     0x20  inflate.o [1]
  .rodata             const    0x0804f810     0x20  inflate.o [1]
  .rodata             const    0x0804f830     0x20  png.o [1]
  .rodata             const    0x0804f850     0x20  png.o [1]
  .rodata             const    0x0804f870     0x20  png.o [1]
  .rodata             const    0x0804f890     0x20  png.o [1]
  .rodata             const    0x0804f8b0     0x20  png.o [1]
  .rodata             const    0x0804f8d0     0x20  png.o [1]
  .rodata             const    0x0804f8f0     0x20  png.o [1]
  .rodata             const    0x0804f910     0x20  png.o [1]
  .rodata             const    0x0804f930     0x20  png.o [1]
  .rodata             const    0x0804f950     0x20  png.o [1]
  .rodata             const    0x0804f970     0x20  png.o [1]
  .rodata             const    0x0804f990     0x20  png.o [1]
  .rodata             const    0x0804f9b0     0x20  png.o [1]
  .rodata             const    0x0804f9d0     0x20  png.o [1]
  .rodata             const    0x0804f9f0     0x20  png.o [1]
  .rodata             const    0x0804fa10     0x20  png.o [1]
  .rodata             const    0x0804fa30     0x20  pngmem.o [1]
  .rodata             const    0x0804fa50     0x20  pngrtran.o [1]
  .rodata             const    0x0804fa70     0x20  pngset.o [1]
  .rodata             const    0x0804fa90     0x20  pngset.o [1]
  .rodata             const    0x0804fab0     0x20  visca.o [1]
  .rodata             const    0x0804fad0     0x20  visca.o [1]
  .rodata             const    0x0804faf0     0x20  visca_ip.o [1]
  .rodata             const    0x0804fb10     0x20  visca_ip.o [1]
  .rodata             const    0x0804fb30     0x20  visca_ip.o [1]
  .rodata             const    0x0804fb50     0x20  xmenu.o [1]
  .rodata             const    0x0804fb70     0x20  GUI__DivTbl_31_255.o [3]
  .rodata             const    0x0804fb90     0x1c  inffast.o [1]
  .rodata             const    0x0804fbac     0x1c  inflate.o [1]
  .rodata             const    0x0804fbc8     0x1c  inflate.o [1]
  .rodata             const    0x0804fbe4     0x1c  inflate.o [1]
  .rodata             const    0x0804fc00     0x1c  inflate.o [1]
  .rodata             const    0x0804fc1c     0x1c  inflate.o [1]
  .rodata             const    0x0804fc38     0x1c  inflate.o [1]
  .rodata             const    0x0804fc54     0x1c  png.o [1]
  .rodata             const    0x0804fc70     0x1c  png.o [1]
  .rodata             const    0x0804fc8c     0x1c  png.o [1]
  .rodata             const    0x0804fca8     0x1c  png.o [1]
  .rodata             const    0x0804fcc4     0x1c  png.o [1]
  .rodata             const    0x0804fce0     0x1c  png.o [1]
  .rodata             const    0x0804fcfc     0x1c  png.o [1]
  .rodata             const    0x0804fd18     0x1c  png.o [1]
  .rodata             const    0x0804fd34     0x1c  png.o [1]
  .rodata             const    0x0804fd50     0x1c  png.o [1]
  .rodata             const    0x0804fd6c     0x1c  png.o [1]
  .rodata             const    0x0804fd88     0x1c  png.o [1]
  .rodata             const    0x0804fda4     0x1c  png.o [1]
  .rodata             const    0x0804fdc0     0x1c  pngerror.o [1]
  .rodata             const    0x0804fddc     0x1c  pngmem.o [1]
  .rodata             const    0x0804fdf8     0x1c  pngread.o [1]
  .rodata             const    0x0804fe14     0x1c  pngread.o [1]
  .rodata             const    0x0804fe30     0x1c  pngread.o [1]
  .rodata             const    0x0804fe4c     0x1c  pngrio.o [1]
  .rodata             const    0x0804fe68     0x1c  pngrutil.o [1]
  .rodata             const    0x0804fe84     0x1c  pngrutil.o [1]
  .rodata             const    0x0804fea0     0x1c  pngrutil.o [1]
  .rodata             const    0x0804febc     0x1c  pngrutil.o [1]
  .rodata             const    0x0804fed8     0x1c  pngrutil.o [1]
  .rodata             const    0x0804fef4     0x1c  pngrutil.o [1]
  .rodata             const    0x0804ff10     0x1c  pngrutil.o [1]
  .rodata             const    0x0804ff2c     0x1c  pngrutil.o [1]
  .rodata             const    0x0804ff48     0x1c  pngrutil.o [1]
  .rodata             const    0x0804ff64     0x1c  pngset.o [1]
  .rodata             const    0x0804ff80     0x1c  pngset.o [1]
  .rodata             const    0x0804ff9c     0x1c  pngset.o [1]
  .rodata             const    0x0804ffb8     0x1c  pngset.o [1]
  .rodata             const    0x0804ffd4     0x1c  system.o [1]
  .rodata             const    0x0804fff0     0x1c  visca.o [1]
  .rodata             const    0x0805000c     0x1c  visca_ip.o [1]
  .text               ro code  0x08050028     0x1a  cmain.o [6]
  .text               ro code  0x08050042      0x4  low_level_init.o [4]
  .text               ro code  0x08050046      0x4  exit.o [4]
  .text               ro code  0x0805004c      0xa  cexit.o [6]
  .rodata             const    0x08050058     0x18  Arial24.o [1]
  .rodata             const    0x08050070     0x18  Arial24.o [1]
  .rodata             const    0x08050088     0x18  Arial24.o [1]
  .rodata             const    0x080500a0     0x18  Arial24.o [1]
  .rodata             const    0x080500b8     0x18  Arial24.o [1]
  .rodata             const    0x080500d0     0x18  Arial24.o [1]
  .rodata             const    0x080500e8     0x18  Arial24.o [1]
  .rodata             const    0x08050100     0x18  Arial24.o [1]
  .rodata             const    0x08050118     0x18  Arial24.o [1]
  .rodata             const    0x08050130     0x18  Arial24.o [1]
  .rodata             const    0x08050148     0x18  Arial24.o [1]
  .rodata             const    0x08050160     0x18  Arial24.o [1]
  .rodata             const    0x08050178     0x18  Arial24.o [1]
  .rodata             const    0x08050190     0x18  Arial24.o [1]
  .rodata             const    0x080501a8     0x18  Arial24.o [1]
  .rodata             const    0x080501c0     0x18  Arial24.o [1]
  .rodata             const    0x080501d8     0x18  Arial24.o [1]
  .rodata             const    0x080501f0     0x18  Arial24.o [1]
  .rodata             const    0x08050208     0x18  Arial24.o [1]
  .rodata             const    0x08050220     0x18  Arial24.o [1]
  .rodata             const    0x08050238     0x18  Arial24.o [1]
  .rodata             const    0x08050250     0x18  Arial24.o [1]
  .rodata             const    0x08050268     0x18  Arial24.o [1]
  .rodata             const    0x08050280     0x18  Arial24.o [1]
  .rodata             const    0x08050298     0x18  Arial24.o [1]
  .rodata             const    0x080502b0     0x18  Arial24.o [1]
  .rodata             const    0x080502c8     0x18  Arial24.o [1]
  .rodata             const    0x080502e0     0x18  Arial24.o [1]
  .rodata             const    0x080502f8     0x18  inffast.o [1]
[...]
recv_flags              0x20017394      0x1  Data  Lc  tcp_in.o [1]
recv_tcp                0x08028c05     0x88  Code  Lc  api_msg.o [1]
recv_udp                0x08028b91     0x74  Code  Lc  api_msg.o [1]
sRGB_xy                 0x0804fa10     0x20  Data  Lc  png.o [1]
segment_holding         0x080077e9     0x1c  Code  Lc  dlmalloc.o [4]
sent_tcp                0x08028d05     0x62  Code  Lc  api_msg.o [1]
seqno                   0x200172ac      0x4  Data  Lc  tcp_in.o [1]
setjmp                  0x08006615           Code  Gb  setjmp.o [5]
setup_tcp               0x08028e61     0x38  Code  Lc  api_msg.o [1]
sprintf                 0x0801857d     0x34  Code  Gb  sprintf.o [4]
stRunInfo               0x20016fbc     0x20  Data  Gb  system.o [1]
stSysPara               0x200162f0     0x8c  Data  Gb  system.o [1]
str_ipaddr              0x200170ec     0x10  Data  Lc  xmenu.o [1]
strcat                  0x08026695     0x1c  Code  Gb  strcat.o [4]
strchr                  0x08009f39           Code  Gb  strchr.o [6]
strlen                  0x08009f51           Code  Gb  strlen.o [6]
strstr                  0x0802668d      0x8  Code  Gb  visca_ip.o [1]
sys_alloc               0x08007bdd    0x388  Code  Lc  dlmalloc.o [4]
sys_arch_mbox_fetch     0x08013f2f     0x4c  Code  Gb  sys_arch.o [1]
sys_arch_mbox_tryfetch  0x08013f7b     0x26  Code  Gb  sys_arch.o [1]
sys_arch_protect        0x080140c7     0x12  Code  Gb  sys_arch.o [1]
sys_arch_sem_wait       0x08013fe9     0x40  Code  Gb  sys_arch.o [1]
sys_arch_unprotect      0x080140d9      0xc  Code  Gb  sys_arch.o [1]
sys_check_timeouts      0x08013dcb     0x64  Code  Lc  timeouts.o [1]
sys_init                0x08014051      0xe  Code  Gb  sys_arch.o [1]
sys_mbox_free           0x08013eeb     0x12  Code  Gb  sys_arch.o [1]
sys_mbox_new            0x08013ec1     0x2a  Code  Gb  sys_arch.o [1]
sys_mbox_post           0x08013efd     0x18  Code  Gb  sys_arch.o [1]
sys_mbox_set_invalid    0x08013faf      0x6  Code  Gb  sys_arch.o [1]
sys_mbox_trypost        0x08013f15     0x1a  Code  Gb  sys_arch.o [1]
sys_mbox_valid          0x08013fa1      0xe  Code  Gb  sys_arch.o [1]
sys_mutex_lock          0x08014083      0xe  Code  Gb  sys_arch.o [1]
sys_mutex_new           0x0801405f     0x24  Code  Gb  sys_arch.o [1]
sys_mutex_unlock        0x08014091      0xa  Code  Gb  sys_arch.o [1]
sys_now                 0x08014de5      0x8  Code  Gb  ethernetif.o [1]
sys_sem_free            0x08014033      0xa  Code  Gb  sys_arch.o [1]
sys_sem_new             0x08013fb5     0x34  Code  Gb  sys_arch.o [1]
sys_sem_set_invalid     0x0801404b      0x6  Code  Gb  sys_arch.o [1]
sys_sem_signal          0x08014029      0xa  Code  Gb  sys_arch.o [1]
sys_sem_valid           0x0801403d      0xe  Code  Gb  sys_arch.o [1]
sys_thread_new          0x0801409b     0x2c  Code  Gb  sys_arch.o [1]
sys_timeout             0x08013d0f     0xbc  Code  Gb  timeouts.o [1]
sys_timeouts_init       0x08013ce7     0x28  Code  Gb  timeouts.o [1]
sys_timeouts_mbox_fetch
                        0x08013e61     0x3a  Code  Gb  timeouts.o [1]
sys_timeouts_sleeptime  0x08013e2f     0x32  Code  Lc  timeouts.o [1]
tcp_abandon             0x080121f1     0xe2  Code  Gb  tcp.o [1]
tcp_abort               0x080122d3      0xa  Code  Gb  tcp.o [1]
tcp_accept              0x08012c4b      0xe  Code  Gb  tcp.o [1]
tcp_active_pcbs         0x2001729c      0x4  Data  Gb  tcp.o [1]
tcp_active_pcbs_changed
                        0x20017390      0x1  Data  Gb  tcp.o [1]
tcp_alloc               0x08012b51     0xbe  Code  Gb  tcp.o [1]
tcp_arg                 0x08012c27      0x8  Code  Gb  tcp.o [1]
tcp_backoff             0x08050ddc     0x10  Data  Lc  tcp.o [1]
tcp_bind                0x080122dd     0xb8  Code  Gb  tcp.o [1]
tcp_bound_pcbs          0x20017294      0x4  Data  Gb  tcp.o [1]
tcp_close               0x08012175     0x18  Code  Gb  tcp.o [1]
tcp_close_shutdown      0x08011fc3    0x1b2  Code  Lc  tcp.o [1]
tcp_connect             0x08012497    0x134  Code  Gb  tcp.o [1]
tcp_create_segment      0x08012f8d     0xc2  Code  Lc  tcp_out.o [1]
tcp_eff_send_mss_impl   0x08012d31     0x34  Code  Gb  tcp.o [1]
tcp_enqueue_flags       0x0801355f     0xec  Code  Gb  tcp_out.o [1]
tcp_err                 0x08012c41      0xa  Code  Gb  tcp.o [1]
tcp_fasttmr             0x08012905     0x70  Code  Gb  tcp.o [1]
tcp_getoptbyte          0x08011819     0x48  Code  Lc  tcp_in.o [1]
tcp_init                0x08011f69      0x2  Code  Gb  tcp.o [1]
tcp_input               0x08010119    0x514  Code  Gb  tcp_in.o [1]
tcp_input_pcb           0x200172b8      0x4  Data  Gb  tcp_in.o [1]
tcp_keepalive           0x08013b43     0x58  Code  Gb  tcp_out.o [1]
tcp_kill_prio           0x08012a7f     0x4c  Code  Lc  tcp.o [1]
tcp_kill_state          0x08012acb     0x40  Code  Lc  tcp.o [1]
tcp_kill_timewait       0x08012b0b     0x32  Code  Lc  tcp.o [1]
tcp_listen_closed       0x08011fa3     0x20  Code  Lc  tcp.o [1]
tcp_listen_input        0x0801062d    0x134  Code  Lc  tcp_in.o [1]
tcp_listen_pcbs         0x20017298      0x4  Data  Gb  tcp.o [1]
tcp_netif_ip_addr_changed
                        0x08012d87     0x4a  Code  Gb  tcp.o [1]
tcp_netif_ip_addr_changed_pcblist
                        0x08012d65     0x22  Code  Lc  tcp.o [1]
tcp_new                 0x08012c1d      0xa  Code  Gb  tcp.o [1]
tcp_new_port            0x0801242b     0x6c  Code  Lc  tcp.o [1]
tcp_next_iss            0x08012d1d     0x14  Code  Gb  tcp.o [1]
tcp_next_iss::iss       0x200000e0      0x4  Data  Lc  tcp.o [1]
tcp_oos_insert_segment  0x08010d4d     0x88  Code  Lc  tcp_in.o [1]
tcp_optidx              0x20017372      0x2  Data  Lc  tcp_in.o [1]
tcp_output              0x080136cb    0x228  Code  Gb  tcp_out.o [1]
tcp_output_alloc_header
                        0x08012ecd     0x76  Code  Lc  tcp_out.o [1]
tcp_output_segment      0x080138f3     0xb8  Code  Lc  tcp_out.o [1]
tcp_parseopt            0x08011861     0x8c  Code  Lc  tcp_in.o [1]
tcp_pbuf_prealloc       0x0801304f     0x74  Code  Lc  tcp_out.o [1]
tcp_pcb_lists           0x08050dec     0x10  Data  Gb  tcp.o [1]
tcp_pcb_purge           0x08012c61     0x5e  Code  Gb  tcp.o [1]
tcp_pcb_remove          0x08012cbf     0x5e  Code  Gb  tcp.o [1]
tcp_persist_backoff     0x08051300      0x8  Data  Lc  tcp.o [1]
tcp_poll                0x08012c59      0x8  Code  Gb  tcp.o [1]
tcp_port                0x200004b4      0x2  Data  Lc  tcp.o [1]
tcp_process             0x080107f9    0x554  Code  Lc  tcp_in.o [1]
tcp_process_refused_data
                        0x08012975     0x8c  Code  Gb  tcp.o [1]
tcp_receive             0x08010e25    0x9f4  Code  Lc  tcp_in.o [1]
tcp_recv                0x08012c2f      0xa  Code  Gb  tcp.o [1]
tcp_recv_null           0x08012a59     0x26  Code  Gb  tcp.o [1]
tcp_recved              0x080123db     0x50  Code  Gb  tcp.o [1]
tcp_remove_listener     0x08011f8f     0x14  Code  Lc  tcp.o [1]
tcp_rexmit              0x08013a75     0x5a  Code  Gb  tcp_out.o [1]
tcp_rexmit_fast         0x08013acf     0x74  Code  Gb  tcp_out.o [1]
tcp_rexmit_rto          0x08013a35     0x40  Code  Gb  tcp_out.o [1]
tcp_rst                 0x080139b5     0x80  Code  Gb  tcp_out.o [1]
tcp_seg_copy            0x08012a31     0x28  Code  Gb  tcp.o [1]
tcp_seg_free            0x08012a13     0x1e  Code  Gb  tcp.o [1]
tcp_segs_free           0x08012a01     0x12  Code  Gb  tcp.o [1]
tcp_send_empty_ack      0x0801364b     0x80  Code  Gb  tcp_out.o [1]
tcp_send_fin            0x08012f43     0x4a  Code  Gb  tcp_out.o [1]
tcp_sent                0x08012c39      0x8  Code  Gb  tcp.o [1]
tcp_shutdown            0x0801218d     0x64  Code  Gb  tcp.o [1]
tcp_slowtmr             0x080125cb    0x33a  Code  Gb  tcp.o [1]
tcp_ticks               0x20017290      0x4  Data  Gb  tcp.o [1]
tcp_timer               0x20017391      0x1  Data  Lc  tcp.o [1]
tcp_timer_ctr           0x20017392      0x1  Data  Lc  tcp.o [1]
tcp_timer_needed        0x08013ca7     0x2c  Code  Gb  timeouts.o [1]
tcp_timewait_input      0x08010761     0x98  Code  Lc  tcp_in.o [1]
tcp_tmr                 0x08011f6b     0x24  Code  Gb  tcp.o [1]
tcp_trigger_input_pcb_close
                        0x080118ed      0xe  Code  Gb  tcp_in.o [1]
tcp_tw_pcbs             0x200172a0      0x4  Data  Gb  tcp.o [1]
tcp_update_rcv_ann_wnd  0x08012395     0x46  Code  Gb  tcp.o [1]
tcp_write               0x08013131    0x42e  Code  Gb  tcp_out.o [1]
tcp_write_checks        0x080130c3     0x6e  Code  Lc  tcp_out.o [1]
tcp_zero_window_probe   0x08013b9b     0xe2  Code  Gb  tcp_out.o [1]
tcphdr                  0x200172a4      0x4  Data  Lc  tcp_in.o [1]
tcphdr_opt1len          0x20017370      0x2  Data  Lc  tcp_in.o [1]
tcphdr_opt2             0x200172a8      0x4  Data  Lc  tcp_in.o [1]
tcphdr_optlen           0x2001736e      0x2  Data  Lc  tcp_in.o [1]
tcpip_callback_with_block
                        0x080141e3     0x54  Code  Gb  tcpip.o [1]
tcpip_init              0x08014251     0x38  Code  Gb  tcpip.o [1]
tcpip_init_done         0x200172bc      0x4  Data  Lc  tcpip.o [1]
tcpip_init_done_arg     0x200172c0      0x4  Data  Lc  tcpip.o [1]
tcpip_inpkt             0x0801417f     0x48  Code  Gb  tcpip.o [1]
tcpip_input             0x080141c7     0x1c  Code  Gb  tcpip.o [1]
tcpip_send_msg_wait_sem
                        0x08014237     0x1a  Code  Gb  tcpip.o [1]
tcpip_tcp_timer         0x08013c7d     0x2a  Code  Lc  timeouts.o [1]
tcpip_tcp_timer_active  0x200172d4      0x4  Data  Lc  timeouts.o [1]
tcpip_thread            0x080140fd     0x82  Code  Lc  tcpip.o [1]
tcplen                  0x20017376      0x2  Data  Lc  tcp_in.o [1]
textBuzzer              0x0804d5ec     0x60  Data  Gb  xmenu.o [1]
textCmdRepeater         0x0804c72c     0x80  Data  Gb  xmenu.o [1]
textDhcp                0x0804d4cc     0x60  Data  Gb  xmenu.o [1]
textLanguage            0x0804dbe8     0x40  Data  Gb  xmenu.o [1]
textPanReverse          0x0804d52c     0x60  Data  Gb  xmenu.o [1]
textProtocol            0x0804c6ac     0x80  Data  Gb  ui.o [1]
textResetDevice         0x0804d64c     0x60  Data  Gb  xmenu.o [1]
textRs232BaudRate       0x080459c8     0xe0  Data  Gb  xmenu.o [1]
textRs422BaudRate       0x08045aa8     0xe0  Data  Gb  xmenu.o [1]
textSleepTime           0x0804b628     0xa0  Data  Gb  xmenu.o [1]
textTiltReverse         0x0804d58c     0x60  Data  Gb  xmenu.o [1]
textViscaCompatible     0x0804b4e8     0xa0  Data  Gb  xmenu.o [1]
textViscaWbMode         0x0804b2ec     0xb4  Data  Gb  visca.o [1]
text_SelProtc           0x0804b448     0xa0  Data  Gb  xmenu.o [1]
timeouts_last_time      0x200172d0      0x4  Data  Lc  timeouts.o [1]
title_MenuTop           0x0804fb50     0x20  Data  Gb  xmenu.o [1]
title_Net               0x080511e8      0xc  Data  Gb  xmenu.o [1]
title_ProtcSetting      0x08050b18     0x14  Data  Gb  xmenu.o [1]
title_ProtcVisca        0x080513a8      0x8  Data  Gb  xmenu.o [1]
title_Rocker            0x080513b0      0x8  Data  Gb  xmenu.o [1]
title_Serial            0x080511f4      0xc  Data  Gb  xmenu.o [1]
tmalloc_large           0x08007f71    0x380  Code  Lc  dlmalloc.o [4]
tmalloc_small           0x080082f1    0x206  Code  Lc  dlmalloc.o [4]
tolower                 0x0801b4c1     0x14  Code  Gb  tolower.o [4]
translate_gamma_flags   0x0800027d     0x46  Code  Lc  pngrtran.o [1]
twobppswaptable         0x08042148    0x100  Data  Lc  pngtrans.o [1]
u8TmpVal                0x2001736c      0x2  Data  Lc  sn3731.o [1]
ucHeap                  0x200044c0   0xa000  Data  Lc  heap_4.o [1]
udp_bind                0x08015bb1     0x90  Code  Gb  udp.o [1]
udp_connect             0x08015c41     0x68  Code  Gb  udp.o [1]
udp_disconnect          0x08015ca9     0x12  Code  Gb  udp.o [1]
udp_init                0x0801581d      0x2  Code  Gb  udp.o [1]
udp_input               0x080158c7    0x182  Code  Gb  udp.o [1]
udp_input_local_match   0x08015875     0x52  Code  Lc  udp.o [1]
udp_netif_ip_addr_changed
                        0x08015d1d     0x32  Code  Gb  udp.o [1]
udp_new                 0x08015cfd     0x20  Code  Gb  udp.o [1]
udp_new_port            0x0801581f     0x56  Code  Lc  udp.o [1]
udp_pcbs                0x200172e0      0x4  Data  Gb  udp.o [1]
udp_port                0x200004ba      0x2  Data  Lc  udp.o [1]
udp_recv                0x08015cbb      0x6  Code  Gb  udp.o [1]
udp_remove              0x08015cc1     0x3c  Code  Gb  udp.o [1]
udp_send                0x08015a49     0x16  Code  Gb  udp.o [1]
udp_sendto              0x08015a5f     0x3a  Code  Gb  udp.o [1]
udp_sendto_if           0x08015a99     0x46  Code  Gb  udp.o [1]
udp_sendto_if_src       0x08015adf     0xd2  Code  Gb  udp.o [1]
uitem_MenuTop           0x08036fa0    0x190  Data  Gb  xmenu.o [1]
uitem_Net               0x0804b588     0xa0  Data  Gb  xmenu.o [1]
uitem_ProtcSetting      0x0804f2fc     0x28  Data  Gb  xmenu.o [1]
uitem_ProtcVisca        0x0804f324     0x28  Data  Gb  xmenu.o [1]
uitem_Rocker            0x0804d858     0x50  Data  Gb  xmenu.o [1]
uitem_Serial            0x0804c7ac     0x78  Data  Gb  xmenu.o [1]
updatewindow            0x0800d861     0xc0  Code  Lc  inflate.o [1]
uwTick                  0x20017244      0x4  Data  Gb  stm32f2xx_hal.o [1]
uxCriticalNesting       0x200000d4      0x4  Data  Lc  port.o [1]
uxCurrentNumberOfTasks  0x20017264      0x4  Data  Lc  tasks.o [1]
uxDeletedTasksWaitingCleanUp
                        0x20017260      0x4  Data  Lc  tasks.o [1]
uxListRemove            0x08019227     0x26  Code  Gb  list.o [1]
uxPendedTicks           0x20017274      0x4  Data  Lc  tasks.o [1]
uxQueueMessagesWaiting  0x080181cb     0x12  Code  Gb  queue.o [1]
uxQueueMessagesWaitingFromISR
                        0x080181dd      0x4  Code  Gb  queue.o [1]
uxSchedulerSuspended    0x2001728c      0x4  Data  Lc  tasks.o [1]
uxTaskNumber            0x20017280      0x4  Data  Lc  tasks.o [1]
uxTopReadyPriority      0x2001726c      0x4  Data  Lc  tasks.o [1]
vListInitialise         0x080191b5     0x1e  Code  Gb  list.o [1]
vListInitialiseItem     0x080191d3      0x6  Code  Gb  list.o [1]
vListInsert             0x080191f1     0x36  Code  Gb  list.o [1]
vListInsertEnd          0x080191d9     0x18  Code  Gb  list.o [1]
vPortEnterCritical      0x080192a9     0x1a  Code  Gb  port.o [1]
vPortExitCritical       0x080192c3     0x1a  Code  Gb  port.o [1]
vPortFree               0x0801908f     0x46  Code  Gb  heap_4.o [1]
vPortSetupTimerInterrupt
                        0x08019315     0x1c  Code  Wk  port.o [1]
vPortStartFirstTask     0x0801a1cb           Code  Gb  portasm.o [1]
vQueueDelete            0x080181e1      0x8  Code  Gb  queue.o [1]
vTaskDelay              0x08017661     0x32  Code  Gb  tasks.o [1]
vTaskDelayUntil         0x08017601     0x60  Code  Gb  tasks.o [1]
vTaskMissedYield        0x08017b7d      0xa  Code  Gb  tasks.o [1]
vTaskPlaceOnEventList   0x08017a8f     0x1a  Code  Gb  tasks.o [1]
vTaskResume             0x08017771     0x72  Code  Gb  tasks.o [1]
vTaskSetTimeOutState    0x08017b11     0x12  Code  Gb  tasks.o [1]
vTaskStartScheduler     0x080177e3     0x50  Code  Gb  tasks.o [1]
vTaskSuspend            0x08017693     0xbc  Code  Gb  tasks.o [1]
vTaskSuspendAll         0x08017833     0x10  Code  Gb  tasks.o [1]
vTaskSwitchContext      0x08017a3b     0x54  Code  Gb  tasks.o [1]
visca_cam_status        0x20016ea4     0x30  Data  Lc  visca.o [1]
visca_clear_return_buf  0x20017300      0x4  Data  Lc  visca_if.o [1]
visca_delay_ms          0x200172f4      0x4  Data  Lc  visca_if.o [1]
visca_event_handler     0x0804d3fc     0x68  Data  Gb  visca.o [1]
visca_get_return_code   0x20017304      0x4  Data  Lc  visca_if.o [1]
visca_if_ip             0x08050adc     0x14  Data  Lc  visca_ip.o [1]
visca_if_serial         0x08050a50     0x14  Data  Lc  visca.o [1]
visca_if_set_ops        0x08027965     0x2a  Code  Gb  visca_if.o [1]
visca_inq_8bits_value   0x08027de1     0x7a  Code  Gb  visca_if.o [1]
visca_inq_buffer        0x200170dc     0x10  Data  Lc  visca_if.o [1]
visca_inq_failure_count
                        0x200172e4      0x4  Data  Gb  visca.o [1]
visca_inq_osd           0x08027cfd     0x78  Code  Gb  visca_if.o [1]
visca_ip_cam_status     0x20016ed4     0x30  Data  Lc  visca_ip.o [1]
visca_ip_cmd_index      0x20017310      0x4  Data  Lc  visca_ip.o [1]
visca_ip_event_handler  0x0804d464     0x68  Data  Gb  visca_ip.o [1]
visca_osd_enter         0x08027d75     0x6c  Code  Gb  visca_if.o [1]
visca_parse_return_code
                        0x0802798f     0x4e  Code  Gb  visca_if.o [1]
visca_reply_confirm     0x080279dd     0x70  Code  Gb  visca_if.o [1]
visca_reset_address     0x08027e5b     0x58  Code  Gb  visca_if.o [1]
visca_send_cmd          0x200172f8      0x4  Data  Lc  visca_if.o [1]
visca_send_inq          0x200172fc      0x4  Data  Lc  visca_if.o [1]
visca_set_8bits_value   0x08027a4d     0x74  Code  Gb  visca_if.o [1]
visca_set_memory        0x08027ac1     0x74  Code  Gb  visca_if.o [1]
visca_set_osd           0x08027c8f     0x6e  Code  Gb  visca_if.o [1]
visca_set_pan_tilt      0x08027ba3     0x80  Code  Gb  visca_if.o [1]
visca_set_pan_tilt_home
                        0x08027c23     0x6c  Code  Gb  visca_if.o [1]
visca_set_tally         0x08027b35     0x6e  Code  Gb  visca_if.o [1]
viscaip_inq_failure_count
                        0x20017398      0x1  Data  Gb  visca_ip.o [1]
xBlockAllocatedBit      0x2001718c      0x4  Data  Lc  heap_4.o [1]
xDelayedTaskList1       0x2001703c     0x14  Data  Lc  tasks.o [1]
xDelayedTaskList2       0x20017050     0x14  Data  Lc  tasks.o [1]
xFreeBytesRemaining     0x20017184      0x4  Data  Lc  heap_4.o [1]
xHeapStructSize         0x080513c0      0x4  Data  Lc  heap_4.o [1]
xIdleTaskHandle         0x20017288      0x4  Data  Lc  tasks.o [1]
xMinimumEverFreeBytesRemaining
                        0x20017188      0x4  Data  Lc  heap_4.o [1]
xNextTaskUnblockTime    0x20017284      0x4  Data  Lc  tasks.o [1]
xNumOfOverflows         0x2001727c      0x4  Data  Lc  tasks.o [1]
xPendingReadyList       0x20017064     0x14  Data  Lc  tasks.o [1]
xPortStartScheduler     0x0801927d     0x2c  Code  Gb  port.o [1]
xQueueGenericCreate     0x08017e0f     0x36  Code  Gb  queue.o [1]
xQueueGenericReceive    0x08018029    0x134  Code  Gb  queue.o [1]
xQueueGenericReset      0x08017d91     0x7e  Code  Gb  queue.o [1]
xQueueGenericSend       0x08017e61    0x108  Code  Gb  queue.o [1]
xQueueGenericSendFromISR
                        0x08017f69     0x66  Code  Gb  queue.o [1]
xQueueGiveFromISR       0x08017fcf     0x5a  Code  Gb  queue.o [1]
xQueueReceiveFromISR    0x08018161     0x6a  Code  Gb  queue.o [1]
xSchedulerRunning       0x20017270      0x4  Data  Lc  tasks.o [1]
xStart                  0x20017144      0x8  Data  Lc  heap_4.o [1]
xSuspendedTaskList      0x2001708c     0x14  Data  Lc  tasks.o [1]
xTaskCheckForTimeOut    0x08017b23     0x5a  Code  Gb  tasks.o [1]
xTaskCreate             0x08017451     0x76  Code  Gb  tasks.o [1]
xTaskGetTickCount       0x08017923      0x8  Code  Gb  tasks.o [1]
xTaskGetTickCountFromISR
                        0x0801792b      0xa  Code  Gb  tasks.o [1]
xTaskIncrementTick      0x08017935    0x106  Code  Gb  tasks.o [1]
xTaskRemoveFromEventList
                        0x08017aa9     0x68  Code  Gb  tasks.o [1]
xTaskResumeAll          0x08017843     0xe0  Code  Gb  tasks.o [1]
xTasksWaitingTermination
                        0x20017078     0x14  Data  Lc  tasks.o [1]
xTickCount              0x20017268      0x4  Data  Lc  tasks.o [1]
xYieldPending           0x20017278      0x4  Data  Lc  tasks.o [1]
zmemcpy                 0x0800f775     0x14  Code  Gb  zutil.o [1]


[1] = D:\Workspace\IAR\keyboard\K2\EWARM\Neutral\Debug\Obj
[2] = command line
[3] = STemWin532_CM3_OS_IAR.a
[4] = dl7M_tlf.a
[5] = m7M_tl.a
[6] = rt7M_tl.a
[7] = shb_l.a

  195 942 bytes of readonly  code memory
  137 421 bytes of readonly  data memory
   95 134 bytes of readwrite data memory (+ 330 240 absolute)

Errors: none
Warnings: none
