###############################################################################
#
# IAR ELF Linker V7.80.1.11864/W32 for ARM                13/Jun/2019  15:15:17
# Copyright 2007-2016 IAR Systems AB.
#
#    Output file  =  
#        D:\Workspace\IAR\camera\40Series\HD40\EWARM\HD40\Debug\Exe\HD40.out
#    Map file     =  
#        D:\Workspace\IAR\camera\40Series\HD40\EWARM\HD40\Debug\List\HD40.map
#    Command line =  
#        D:\Workspace\IAR\camera\40Series\HD40\EWARM\HD40\Debug\Obj\bsp.o
#        D:\Workspace\IAR\camera\40Series\HD40\EWARM\HD40\Debug\Obj\cam_ops.o
#        D:\Workspace\IAR\camera\40Series\HD40\EWARM\HD40\Debug\Obj\eeprom.o
#        D:\Workspace\IAR\camera\40Series\HD40\EWARM\HD40\Debug\Obj\i2c.o
#        D:\Workspace\IAR\camera\40Series\HD40\EWARM\HD40\Debug\Obj\ir_remote.o
#        D:\Workspace\IAR\camera\40Series\HD40\EWARM\HD40\Debug\Obj\isr.o
#        D:\Workspace\IAR\camera\40Series\HD40\Source\Library\lib\lib41909_1008.a
#        D:\Workspace\IAR\camera\40Series\HD40\Source\Library\lib\libccp_1201.a
#        D:\Workspace\IAR\camera\40Series\HD40\Source\Library\lib\libir_sony_1101.a
#        D:\Workspace\IAR\camera\40Series\HD40\EWARM\HD40\Debug\Obj\main.o
#        D:\Workspace\IAR\camera\40Series\HD40\EWARM\HD40\Debug\Obj\menu.o
#        D:\Workspace\IAR\camera\40Series\HD40\EWARM\HD40\Debug\Obj\menu_framework.o
#        D:\Workspace\IAR\camera\40Series\HD40\EWARM\HD40\Debug\Obj\misc.o
#        D:\Workspace\IAR\camera\40Series\HD40\EWARM\HD40\Debug\Obj\packet_list.o
#        D:\Workspace\IAR\camera\40Series\HD40\EWARM\HD40\Debug\Obj\port.o
#        D:\Workspace\IAR\camera\40Series\HD40\EWARM\HD40\Debug\Obj\ptc.o
#        D:\Workspace\IAR\camera\40Series\HD40\EWARM\HD40\Debug\Obj\ptz.o
#        D:\Workspace\IAR\camera\40Series\HD40\EWARM\HD40\Debug\Obj\queue.o
#        D:\Workspace\IAR\camera\40Series\HD40\EWARM\HD40\Debug\Obj\sii9022.o
#        D:\Workspace\IAR\camera\40Series\HD40\EWARM\HD40\Debug\Obj\spi.o
#        D:\Workspace\IAR\camera\40Series\HD40\EWARM\HD40\Debug\Obj\startup_stm32f10x_md.o
#        D:\Workspace\IAR\camera\40Series\HD40\EWARM\HD40\Debug\Obj\stm32f10x_adc.o
#        D:\Workspace\IAR\camera\40Series\HD40\EWARM\HD40\Debug\Obj\stm32f10x_bkp.o
#        D:\Workspace\IAR\camera\40Series\HD40\EWARM\HD40\Debug\Obj\stm32f10x_can.o
#        D:\Workspace\IAR\camera\40Series\HD40\EWARM\HD40\Debug\Obj\stm32f10x_cec.o
#        D:\Workspace\IAR\camera\40Series\HD40\EWARM\HD40\Debug\Obj\stm32f10x_crc.o
#        D:\Workspace\IAR\camera\40Series\HD40\EWARM\HD40\Debug\Obj\stm32f10x_dac.o
#        D:\Workspace\IAR\camera\40Series\HD40\EWARM\HD40\Debug\Obj\stm32f10x_dbgmcu.o
#        D:\Workspace\IAR\camera\40Series\HD40\EWARM\HD40\Debug\Obj\stm32f10x_dma.o
#        D:\Workspace\IAR\camera\40Series\HD40\EWARM\HD40\Debug\Obj\stm32f10x_exti.o
#        D:\Workspace\IAR\camera\40Series\HD40\EWARM\HD40\Debug\Obj\stm32f10x_flash.o
#        D:\Workspace\IAR\camera\40Series\HD40\EWARM\HD40\Debug\Obj\stm32f10x_fsmc.o
#        D:\Workspace\IAR\camera\40Series\HD40\EWARM\HD40\Debug\Obj\stm32f10x_gpio.o
#        D:\Workspace\IAR\camera\40Series\HD40\EWARM\HD40\Debug\Obj\stm32f10x_i2c.o
#        D:\Workspace\IAR\camera\40Series\HD40\EWARM\HD40\Debug\Obj\stm32f10x_iwdg.o
#        D:\Workspace\IAR\camera\40Series\HD40\EWARM\HD40\Debug\Obj\stm32f10x_pwr.o
#        D:\Workspace\IAR\camera\40Series\HD40\EWARM\HD40\Debug\Obj\stm32f10x_rcc.o
#        D:\Workspace\IAR\camera\40Series\HD40\EWARM\HD40\Debug\Obj\stm32f10x_rtc.o
#        D:\Workspace\IAR\camera\40Series\HD40\EWARM\HD40\Debug\Obj\stm32f10x_sdio.o
#        D:\Workspace\IAR\camera\40Series\HD40\EWARM\HD40\Debug\Obj\stm32f10x_spi.o
#        D:\Workspace\IAR\camera\40Series\HD40\EWARM\HD40\Debug\Obj\stm32f10x_tim.o
#        D:\Workspace\IAR\camera\40Series\HD40\EWARM\HD40\Debug\Obj\stm32f10x_usart.o
#        D:\Workspace\IAR\camera\40Series\HD40\EWARM\HD40\Debug\Obj\stm32f10x_wwdg.o
#        D:\Workspace\IAR\camera\40Series\HD40\EWARM\HD40\Debug\Obj\system.o
#        D:\Workspace\IAR\camera\40Series\HD40\EWARM\HD40\Debug\Obj\uart.o
#        D:\Workspace\IAR\camera\40Series\HD40\EWARM\HD40\Debug\Obj\video.o -o
#        D:\Workspace\IAR\camera\40Series\HD40\EWARM\HD40\Debug\Exe\HD40.out
#        --map
#        D:\Workspace\IAR\camera\40Series\HD40\EWARM\HD40\Debug\List\HD40.map
#        --config "C:\Program Files (x86)\IAR Systems\Embedded Workbench
#        7.5\arm\config\linker\ST\stm32f103x8.icf" --semihosting --entry
#        __iar_program_start --vfe
#
###############################################################################

*******************************************************************************
*** RUNTIME MODEL ATTRIBUTES
***

CppFlavor       = *
__Heap_Handler  = DLMalloc
__SystemLibrary = DLib


*******************************************************************************
*** PLACEMENT SUMMARY
***

"A0":  place at 0x08000000 { ro section .intvec };
"P1":  place in [from 0x08000000 to 0x0800ffff] { ro };
"P2":  place in [from 0x20000000 to 0x20004fff] { rw, block CSTACK, block HEAP };
initialize by copy { rw };

  Section            Kind        Address    Size  Object
  -------            ----        -------    ----  ------
"A0":                                       0xec
  .intvec            ro code  0x08000000    0xec  startup_stm32f10x_md.o [1]
                            - 0x080000ec    0xec

"P1":                                     0xf3ad
  .text              ro code  0x080000ec  0x24c0  cam_ops.o [1]
  .text              ro code  0x080025ac   0x8d4  system.o [1]
  .text              ro code  0x08002e80  0x1ad8  menu.o [1]
  .text              ro code  0x08004958   0x840  ccp_cam.o [5]
  .text              ro code  0x08005198   0x6c8  ptz.o [1]
  .text              ro code  0x08005860    0x66  ABImemset.o [8]
  .text              ro code  0x080058c8   0x380  eeprom.o [1]
  .text              ro code  0x08005c48   0xaf0  ms41909.o [4]
  .text              ro code  0x08006738    0x62  memcmp_unaligned.o [8]
  .text              ro code  0x0800679c   0x1e0  bsp.o [1]
  .text              ro code  0x0800697c   0x214  video.o [1]
  .text              ro code  0x08006b90    0x32  I32ToFlt.o [7]
  .text              ro code  0x08006bc4    0xd8  FltMul.o [7]
  .text              ro code  0x08006c9c    0x44  FltToS32.o [7]
  .text              ro code  0x08006ce0    0xfc  FltDiv.o [7]
  .text              ro code  0x08006ddc    0x84  FltAdd.o [7]
  .text              ro code  0x08006e60   0x194  stm32f10x_rcc.o [1]
  .text              ro code  0x08006ff4   0x300  stm32f10x_tim.o [1]
  .text              ro code  0x080072f4    0x7c  misc.o [1]
  .text              ro code  0x08007370   0x278  ptc.o [1]
  .text              ro code  0x080075e8     0x8  abs.o [3]
  .text              ro code  0x080075f0   0x300  menu_framework.o [1]
  .text              ro code  0x080078f0   0x6b0  ir_remote.o [1]
  .text              ro code  0x08007fa0    0x76  ABImemcpy_unaligned.o [8]
  .text              ro code  0x08008018   0x7dc  ccp.o [5]
  .text              ro code  0x080087f4    0x24  FltCmpGe.o [7]
  .text              ro code  0x08008818    0x24  FltCmpLe.o [7]
  .text              ro code  0x0800883c    0xa4  spi.o [1]
  .text              ro code  0x080088e0   0x2f4  port.o [1]
  .text              ro code  0x08008bd4   0x100  i2c.o [1]
  .text              ro code  0x08008cd4   0x2e4  sii9022.o [1]
  .text              ro code  0x08008fb8    0xd6  FltSub.o [7]
  .text              ro code  0x08009090   0x264  packet_list.o [1]
  .text              ro code  0x080092f4   0x784  uart.o [1]
  .text              ro code  0x08009a78  0x14f4  dlmalloc.o [3]
  .text              ro code  0x0800af6c   0x19c  stm32f10x_gpio.o [1]
  .text              ro code  0x0800b108    0x98  stm32f10x_exti.o [1]
  .text              ro code  0x0800b1a0   0x424  ir_sony.o [6]
  .text              ro code  0x0800b5c4    0x28  ir_remote.o [1]
  .text              ro code  0x0800b5ec   0x700  ccp_pelco.o [5]
  .text              ro code  0x0800bcec  0x2230  ccp_visca.o [5]
  .text              ro code  0x0800df1c    0xd8  stm32f10x_spi.o [1]
  .text              ro code  0x0800dff4   0x186  stm32f10x_i2c.o [1]
  .text              ro code  0x0800e17c   0x274  stm32f10x_usart.o [1]
  .text              ro code  0x0800e3f0   0x1f4  stm32f10x_dma.o [1]
  .text              ro code  0x0800e5e4     0x6  abort.o [3]
  .text              ro code  0x0800e5ec    0x2c  xgetmemchunk.o [3]
  .text              ro code  0x0800e618    0x14  exit.o [9]
  .text              ro code  0x0800e62c   0x180  isr.o [1]
  .text              ro code  0x0800e7ac   0x11a  main.o [1]
  .rodata            const    0x0800e8c8    0xd8  menu.o [1]
  .rodata            const    0x0800e9a0    0xc0  menu.o [1]
  .rodata            const    0x0800ea60    0xa8  menu.o [1]
  .rodata            const    0x0800eb08    0xa8  menu.o [1]
  .rodata            const    0x0800ebb0    0x9c  menu.o [1]
  .rodata            const    0x0800ec4c    0x90  menu.o [1]
  .rodata            const    0x0800ecdc    0x90  menu.o [1]
  .rodata            const    0x0800ed6c    0x84  menu.o [1]
  .rodata            const    0x0800edf0    0x78  menu.o [1]
  .rodata            const    0x0800ee68    0x60  menu.o [1]
  .rodata            const    0x0800eec8    0x60  sii9022.o [1]
  .rodata            const    0x0800ef28    0x48  menu.o [1]
  .rodata            const    0x0800ef70    0x48  menu.o [1]
  .rodata            const    0x0800efb8    0x48  menu.o [1]
  .text              ro code  0x0800f000    0x40  zero_init3.o [8]
  .rodata            const    0x0800f040    0x38  menu.o [1]
  .text              ro code  0x0800f078    0x38  packbits_init_single.o [8]
  .rodata            const    0x0800f0b0    0x30  menu.o [1]
  .text              ro code  0x0800f0e0    0x28  data_init.o [8]
  .rodata            const    0x0800f108    0x24  menu.o [1]
  .iar.init_table    const    0x0800f12c    0x20  - Linker created -
  .text              ro code  0x0800f14c    0x20  ir_remote.o [1]
  .rodata            const    0x0800f16c    0x1c  menu.o [1]
  .text              ro code  0x0800f188    0x1c  ir_remote.o [1]
  .text              ro code  0x0800f1a4    0x1a  cmain.o [8]
  .text              ro code  0x0800f1be     0x4  low_level_init.o [3]
  .text              ro code  0x0800f1c2     0x4  exit.o [3]
  .text              ro code  0x0800f1c8     0xa  cexit.o [8]
  .rodata            const    0x0800f1d4    0x18  menu.o [1]
  .rodata            const    0x0800f1ec    0x18  menu.o [1]
  .rodata            const    0x0800f204    0x18  ptc.o [1]
  .rodata            const    0x0800f21c    0x10  menu.o [1]
  .rodata            const    0x0800f22c    0x10  ccp_cam.o [5]
  .rodata            const    0x0800f23c    0x10  ccp_cam.o [5]
  .rodata            const    0x0800f24c    0x10  ccp_cam.o [5]
  .rodata            const    0x0800f25c    0x10  ccp_cam.o [5]
  .text              ro code  0x0800f26c    0x10  startup_stm32f10x_md.o [1]
  .rodata            const    0x0800f27c     0xc  menu.o [1]
  .rodata            const    0x0800f288     0xc  menu.o [1]
  .rodata            const    0x0800f294     0xc  ptz.o [1]
  .rodata            const    0x0800f2a0     0xc  system.o [1]
  .rodata            const    0x0800f2ac     0xc  ccp_cam.o [5]
  .rodata            const    0x0800f2b8     0xc  ccp_visca.o [5]
  .rodata            const    0x0800f2c4     0xc  ccp_visca.o [5]
  .rodata            const    0x0800f2d0     0xc  ccp_visca.o [5]
  .text              ro code  0x0800f2dc     0xc  cstartup_M.o [8]
  .rodata            const    0x0800f2e8     0x8  ir_remote.o [1]
  .rodata            const    0x0800f2f0     0x8  menu.o [1]
  .rodata            const    0x0800f2f8     0x8  menu.o [1]
  .rodata            const    0x0800f300     0x8  ccp_cam.o [5]
  .rodata            const    0x0800f308     0x8  ccp_cam.o [5]
  .rodata            const    0x0800f310     0x8  ccp_cam.o [5]
  .rodata            const    0x0800f318     0x8  ccp_cam.o [5]
  .rodata            const    0x0800f320     0x8  ccp_cam.o [5]
  .rodata            const    0x0800f328     0x8  ccp_cam.o [5]
  .rodata            const    0x0800f330     0x8  ccp_cam.o [5]
  .rodata            const    0x0800f338     0x8  ccp_visca.o [5]
  .text              ro code  0x0800f340     0x4  startup_stm32f10x_md.o [1]
  .text              ro code  0x0800f344     0x4  startup_stm32f10x_md.o [1]
  .text              ro code  0x0800f348     0x4  startup_stm32f10x_md.o [1]
  .text              ro code  0x0800f34c     0x4  startup_stm32f10x_md.o [1]
  .text              ro code  0x0800f350     0x4  startup_stm32f10x_md.o [1]
  .text              ro code  0x0800f354     0x4  startup_stm32f10x_md.o [1]
  .text              ro code  0x0800f358     0x4  startup_stm32f10x_md.o [1]
  .text              ro code  0x0800f35c     0x4  startup_stm32f10x_md.o [1]
  .text              ro code  0x0800f360     0x4  startup_stm32f10x_md.o [1]
  .text              ro code  0x0800f364     0x4  startup_stm32f10x_md.o [1]
  .text              ro code  0x0800f368     0x4  startup_stm32f10x_md.o [1]
  .text              ro code  0x0800f36c     0x4  startup_stm32f10x_md.o [1]
  .text              ro code  0x0800f370     0x4  startup_stm32f10x_md.o [1]
  .text              ro code  0x0800f374     0x4  startup_stm32f10x_md.o [1]
  .text              ro code  0x0800f378     0x4  startup_stm32f10x_md.o [1]
  .text              ro code  0x0800f37c     0x4  startup_stm32f10x_md.o [1]
  .text              ro code  0x0800f380     0x4  startup_stm32f10x_md.o [1]
  .text              ro code  0x0800f384     0x4  startup_stm32f10x_md.o [1]
  .text              ro code  0x0800f388     0x4  startup_stm32f10x_md.o [1]
  .text              ro code  0x0800f38c     0x4  startup_stm32f10x_md.o [1]
  .text              ro code  0x0800f390     0x4  startup_stm32f10x_md.o [1]
  .text              ro code  0x0800f394     0x4  startup_stm32f10x_md.o [1]
  .text              ro code  0x0800f398     0x4  startup_stm32f10x_md.o [1]
  .text              ro code  0x0800f39c     0x4  startup_stm32f10x_md.o [1]
  .text              ro code  0x0800f3a0     0x4  startup_stm32f10x_md.o [1]
  .text              ro code  0x0800f3a4     0x4  startup_stm32f10x_md.o [1]
  .text              ro code  0x0800f3a8     0x4  startup_stm32f10x_md.o [1]
  .text              ro code  0x0800f3ac     0x4  startup_stm32f10x_md.o [1]
  .text              ro code  0x0800f3b0     0x4  startup_stm32f10x_md.o [1]
  .text              ro code  0x0800f3b4     0x4  startup_stm32f10x_md.o [1]
  .text              ro code  0x0800f3b8     0x4  startup_stm32f10x_md.o [1]
  .text              ro code  0x0800f3bc     0x4  startup_stm32f10x_md.o [1]
  .text              ro code  0x0800f3c0     0x4  startup_stm32f10x_md.o [1]
  .text              ro code  0x0800f3c4     0x4  startup_stm32f10x_md.o [1]
  .text              ro code  0x0800f3c8     0x4  startup_stm32f10x_md.o [1]
  .text              ro code  0x0800f3cc     0x4  startup_stm32f10x_md.o [1]
  .text              ro code  0x0800f3d0     0x4  startup_stm32f10x_md.o [1]
  .text              ro code  0x0800f3d4     0x4  startup_stm32f10x_md.o [1]
  .text              ro code  0x0800f3d8     0x4  startup_stm32f10x_md.o [1]
  .text              ro code  0x0800f3dc     0x4  startup_stm32f10x_md.o [1]
  .text              ro code  0x0800f3e0     0x4  startup_stm32f10x_md.o [1]
  .text              ro code  0x0800f3e4     0x4  startup_stm32f10x_md.o [1]
  .text              ro code  0x0800f3e8     0x4  startup_stm32f10x_md.o [1]
  .text              ro code  0x0800f3ec     0x4  startup_stm32f10x_md.o [1]
  .text              ro code  0x0800f3f0     0x4  startup_stm32f10x_md.o [1]
  .text              ro code  0x0800f3f4     0x4  startup_stm32f10x_md.o [1]
  .text              ro code  0x0800f3f8     0x4  startup_stm32f10x_md.o [1]
  .text              ro code  0x0800f3fc     0x4  startup_stm32f10x_md.o [1]
  .text              ro code  0x0800f400     0x4  startup_stm32f10x_md.o [1]
  .text              ro code  0x0800f404     0x4  startup_stm32f10x_md.o [1]
  .text              ro code  0x0800f408     0x4  startup_stm32f10x_md.o [1]
  .text              ro code  0x0800f40c     0x4  startup_stm32f10x_md.o [1]
  .rodata            const    0x0800f410     0x0  zero_init3.o [8]
  .rodata            const    0x0800f410     0x0  packbits_init_single.o [8]
  Initializer bytes  const    0x0800f410    0x89  <for P2-1>
                            - 0x0800f499  0xf3ad

"P2", part 1 of 3:                          0xe0
  P2-1                        0x20000000    0xe0  <Init block>
    .data            inited   0x20000000    0x44  cam_ops.o [1]
    .data            inited   0x20000044     0x8  menu_framework.o [1]
    .data            inited   0x2000004c    0x10  ptc.o [1]
    .data            inited   0x2000005c    0x10  ptc.o [1]
    .data            inited   0x2000006c    0x10  ptc.o [1]
    .data            inited   0x2000007c    0x10  ptc.o [1]
    .data            inited   0x2000008c    0x10  stm32f10x_rcc.o [1]
    .data            inited   0x2000009c     0x4  stm32f10x_rcc.o [1]
    .data            inited   0x200000a0     0x8  ccp_cam.o [5]
    .data            inited   0x200000a8     0x8  ccp.o [5]
    .data            inited   0x200000b0     0x4  ccp_visca.o [5]
    .data            inited   0x200000b4     0x4  ccp_visca.o [5]
    .data            inited   0x200000b8     0x4  ccp_visca.o [5]
    .data            inited   0x200000bc     0x4  ccp_visca.o [5]
    .data            inited   0x200000c0     0x8  ccp_visca.o [5]
    .data            inited   0x200000c8     0xc  ccp_visca.o [5]
    .data            inited   0x200000d4     0x8  ccp_visca.o [5]
    .data            inited   0x200000dc     0x4  ccp_visca.o [5]
                            - 0x200000e0    0xe0

"P2", part 2 of 3:                        0x1000
  CSTACK                      0x200000e0   0x800  <Block>
    CSTACK           uninit   0x200000e0   0x800  <Block tail>
  HEAP                        0x200008e0   0x800  <Block>
    HEAP             uninit   0x200008e0   0x800  <Block tail>
                            - 0x200010e0  0x1000

"P2", part 3 of 3:                         0x900
  .bss               zero     0x200010e0   0x1d8  dlmalloc.o [3]
  .bss               zero     0x200012b8   0x1b0  cam_ops.o [1]
  .bss               zero     0x20001468    0x80  ccp.o [5]
  .bss               zero     0x200014e8    0x80  ccp.o [5]
  .bss               zero     0x20001568    0x64  uart.o [1]
  .bss               zero     0x200015cc    0x64  uart.o [1]
  .bss               zero     0x20001630    0x64  uart.o [1]
  .bss               zero     0x20001694    0x64  uart.o [1]
  .bss               zero     0x200016f8    0x64  uart.o [1]
  .bss               zero     0x2000175c    0x64  ms41909.o [4]
  .bss               zero     0x200017c0    0x3c  system.o [1]
  .bss               zero     0x200017fc    0x20  ptc.o [1]
  .bss               zero     0x2000181c    0x20  ptc.o [1]
  .bss               zero     0x2000183c    0x20  ptc.o [1]
  .bss               zero     0x2000185c    0x20  system.o [1]
  .bss               zero     0x2000187c    0x1c  ptc.o [1]
  .bss               zero     0x20001898    0x1c  system.o [1]
  .bss               zero     0x200018b4    0x18  dlmalloc.o [3]
  .bss               zero     0x200018cc    0x10  system.o [1]
  .bss               zero     0x200018dc    0x10  ccp_cam.o [5]
  .bss               zero     0x200018ec    0x10  ir_sony.o [6]
  .bss               zero     0x200018fc     0xc  ms41909.o [4]
  .bss               zero     0x20001908     0x8  ir_sony.o [6]
  .bss               zero     0x20001910     0x4  ir_remote.o [1]
  .bss               zero     0x20001914     0x4  ir_remote.o [1]
  .bss               zero     0x20001918     0x4  ir_remote.o [1]
  .bss               zero     0x2000191c     0x4  ir_remote.o [1]
  .bss               zero     0x20001920     0x4  ir_remote.o [1]
  .bss               zero     0x20001924     0x4  ir_remote.o [1]
  .bss               zero     0x20001928     0x4  ir_remote.o [1]
  .bss               zero     0x2000192c     0x4  ir_remote.o [1]
  .bss               zero     0x20001930     0x4  ir_remote.o [1]
  .bss               zero     0x20001934     0x4  ir_remote.o [1]
  .bss               zero     0x20001938     0x4  ir_remote.o [1]
  .bss               zero     0x2000193c     0x4  menu.o [1]
  .bss               zero     0x20001940     0x4  menu.o [1]
  .bss               zero     0x20001944     0x4  menu.o [1]
  .bss               zero     0x20001948     0x4  menu.o [1]
  .bss               zero     0x2000194c     0x4  menu.o [1]
  .bss               zero     0x20001950     0x4  menu.o [1]
  .bss               zero     0x20001954     0x4  menu.o [1]
  .bss               zero     0x20001958     0x4  menu.o [1]
  .bss               zero     0x2000195c     0x4  packet_list.o [1]
  .bss               zero     0x20001960     0x4  packet_list.o [1]
  .bss               zero     0x20001964     0x4  packet_list.o [1]
  .bss               zero     0x20001968     0x4  packet_list.o [1]
  .bss               zero     0x2000196c     0x4  ptz.o [1]
  .bss               zero     0x20001970     0x4  ptz.o [1]
  .bss               zero     0x20001974     0x4  ptz.o [1]
  .bss               zero     0x20001978     0x4  ptz.o [1]
  .bss               zero     0x2000197c     0x4  system.o [1]
  .bss               zero     0x20001980     0x4  system.o [1]
  .bss               zero     0x20001984     0x4  system.o [1]
  .bss               zero     0x20001988     0x4  system.o [1]
  .bss               zero     0x2000198c     0x4  ms41909.o [4]
  .bss               zero     0x20001990     0x4  ms41909.o [4]
  .bss               zero     0x20001994     0x4  ms41909.o [4]
  .bss               zero     0x20001998     0x4  ccp_cam.o [5]
  .bss               zero     0x2000199c     0x4  ccp_cam.o [5]
  .bss               zero     0x200019a0     0x4  ir_sony.o [6]
  .bss               zero     0x200019a4     0x4  ir_sony.o [6]
  .bss               zero     0x200019a8     0x4  ccp.o [5]
  .bss               zero     0x200019ac     0x4  ccp.o [5]
  .bss               zero     0x200019b0     0x4  ccp.o [5]
  .bss               zero     0x200019b4     0x4  ccp.o [5]
  .bss               zero     0x200019b8     0x4  ccp.o [5]
  .bss               zero     0x200019bc     0x4  ccp.o [5]
  .bss               zero     0x200019c0     0x4  ccp.o [5]
  .bss               zero     0x200019c4     0x4  xgetmemchunk.o [3]
  .bss               zero     0x200019c8     0x1  ir_remote.o [1]
  .bss               zero     0x200019c9     0x1  ir_remote.o [1]
  .bss               zero     0x200019ca     0x1  ir_remote.o [1]
  .bss               zero     0x200019cb     0x1  menu.o [1]
  .bss               zero     0x200019cc     0x1  menu_framework.o [1]
  .bss               zero     0x200019cd     0x1  ptc.o [1]
  .bss               zero     0x200019ce     0x1  ptc.o [1]
  .bss               zero     0x200019cf     0x1  ptz.o [1]
  .bss               zero     0x200019d0     0x1  ptz.o [1]
  .bss               zero     0x200019d1     0x1  ptz.o [1]
  .bss               zero     0x200019d2     0x1  ptz.o [1]
  .bss               zero     0x200019d3     0x1  ptz.o [1]
  .bss               zero     0x200019d4     0x1  system.o [1]
  .bss               zero     0x200019d5     0x1  system.o [1]
  .bss               zero     0x200019d6     0x1  system.o [1]
  .bss               zero     0x200019d7     0x1  system.o [1]
  .bss               zero     0x200019d8     0x1  system.o [1]
  .bss               zero     0x200019d9     0x1  uart.o [1]
  .bss               zero     0x200019da     0x1  uart.o [1]
  .bss               zero     0x200019db     0x1  uart.o [1]
  .bss               zero     0x200019dc     0x1  ir_sony.o [6]
  .bss               zero     0x200019dd     0x1  ir_sony.o [6]
  .bss               zero     0x200019de     0x1  ir_sony.o [6]
  .bss               zero     0x200019df     0x1  ir_sony.o [6]
                            - 0x200019e0   0x900


*******************************************************************************
*** INIT TABLE
***

          Address     Size
          -------     ----
Zero (__iar_zero_init3)
    1 destination range, total size 0x900:
          0x200010e0  0x900

Copy/packbits (__iar_packbits_init_single3)
    1 source range, total size 0x89 (61% of destination):
          0x0800f410   0x89
    1 destination range, total size 0xe0:
          0x20000000   0xe0



*******************************************************************************
*** MODULE SUMMARY
***

    Module                  ro code  ro data  rw data
    ------                  -------  -------  -------
D:\Workspace\IAR\camera\40Series\HD40\EWARM\HD40\Debug\Obj: [1]
    bsp.o                       480
    cam_ops.o                 9 408       41      500
    eeprom.o                    896
    i2c.o                       256
    ir_remote.o               1 812        8       47
    isr.o                       384
    main.o                      282
    menu.o                    6 872    2 024       33
    menu_framework.o            768        5        9
    misc.o                      124
    packet_list.o               612                16
    port.o                      756
    ptc.o                       632       63      190
    ptz.o                     1 736       12       21
    sii9022.o                   740       96
    spi.o                       164
    startup_stm32f10x_md.o      460
    stm32f10x_dma.o             500
    stm32f10x_exti.o            152
    stm32f10x_gpio.o            412
    stm32f10x_i2c.o             390
    stm32f10x_rcc.o             404       12       20
    stm32f10x_spi.o             216
    stm32f10x_tim.o             768
    stm32f10x_usart.o           628
    system.o                  2 260       12      157
    uart.o                    1 924               503
    video.o                     532
    -------------------------------------------------
    Total:                   34 568    2 273    1 496

command line: [2]
    -------------------------------------------------
    Total:

dl7M_tlf.a: [3]
    abort.o                       6
    abs.o                         8
    dlmalloc.o                5 364               496
    exit.o                        4
    low_level_init.o              4
    xgetmemchunk.o               44                 4
    -------------------------------------------------
    Total:                    5 430               500

lib41909_1008.a: [4]
    ms41909.o                 2 800               124
    -------------------------------------------------
    Total:                    2 800               124

libccp_1201.a: [5]
    ccp.o                     2 012        5      292
    ccp_cam.o                 2 112      137       32
    ccp_pelco.o               1 792
    ccp_visca.o               8 752       74       48
    -------------------------------------------------
    Total:                   14 668      216      372

libir_sony_1101.a: [6]
    ir_sony.o                 1 060                36
    -------------------------------------------------
    Total:                    1 060                36

m7M_tl.a: [7]
    FltAdd.o                    132
    FltCmpGe.o                   36
    FltCmpLe.o                   36
    FltDiv.o                    252
    FltMul.o                    216
    FltSub.o                    214
    FltToS32.o                   68
    I32ToFlt.o                   50
    -------------------------------------------------
    Total:                    1 004

rt7M_tl.a: [8]
    ABImemcpy_unaligned.o       118
    ABImemset.o                 102
    cexit.o                      10
    cmain.o                      26
    cstartup_M.o                 12
    data_init.o                  40
    memcmp_unaligned.o           98
    packbits_init_single.o       56
    zero_init3.o                 64
    -------------------------------------------------
    Total:                      526

shb_l.a: [9]
    exit.o                       20
    -------------------------------------------------
    Total:                       20

    Gaps                         16        4
    Linker created                        32    4 096
-----------------------------------------------------
    Grand Total:             60 092    2 525    6 624


*******************************************************************************
*** ENTRY LIST
***

Entry                      Address   Size  Type      Object
-----                      -------   ----  ----      ------
.iar.init_table$$Base   0x0800f12c          --   Gb  - Linker created -
.iar.init_table$$Limit  0x0800f14c          --   Gb  - Linker created -
?main                   0x0800f1a5         Code  Gb  cmain.o [8]
ADCPrescTable           0x2000009c    0x4  Data  Lc  stm32f10x_rcc.o [1]
APBAHBPrescTable        0x2000008c   0x10  Data  Lc  stm32f10x_rcc.o [1]
AddMenuItem             0x080076b3   0x68  Code  Gb  menu_framework.o [1]
AgingTask               0x08002a43   0xbc  Code  Gb  system.o [1]
AgingTask::TimerLedBlink
                        0x20001980    0x4  Data  Lc  system.o [1]
AgingTask::Timer_Aging  0x2000197c    0x4  Data  Lc  system.o [1]
AgingTask{1}{2}::flag1  0x200019d6    0x1  Data  Lc  system.o [1]
AgingTask{1}{2}::flag2  0x200019d7    0x1  Data  Lc  system.o [1]
BSP_Init                0x0800679d   0x1c  Code  Gb  bsp.o [1]
BusFault_Handler        0x0800e8bb    0x2  Code  Gb  main.o [1]
CSTACK$$Base            0x200000e0          --   Gb  - Linker created -
CSTACK$$Limit           0x200008e0          --   Gb  - Linker created -
CalPtzSpeed             0x08005199   0xb6  Code  Gb  ptz.o [1]
CalPtzSpeed::ratio      0x2000196c    0x4  Data  Lc  ptz.o [1]
CalPtzSpeed::speed      0x20001970    0x4  Data  Lc  ptz.o [1]
CalPtzSpeed::zoom_pos   0x200019cf    0x1  Data  Lc  ptz.o [1]
Ccp_AddCamChannel       0x0800808b   0x3c  Code  Gb  ccp.o [5]
Ccp_AddChannel          0x08008051   0x3a  Code  Gb  ccp.o [5]
Ccp_CmdParser           0x080080e5  0x5c8  Code  Lc  ccp.o [5]
Ccp_GetViscaInqCmd      0x080086ad  0x10e  Code  Gb  ccp.o [5]
Ccp_GetViscaInqCmd::inq_cmd_buf
                        0x200014e8   0x80  Data  Lc  ccp.o [5]
Ccp_Init                0x0800803f   0x12  Code  Gb  ccp.o [5]
Ccp_PelcoDCmdParser     0x0800b5ed  0x37a  Code  Gb  ccp_pelco.o [5]
Ccp_PelcoPCmdParser     0x0800b967  0x37e  Code  Gb  ccp_pelco.o [5]
Ccp_ProcessHandler      0x080087bb   0x1a  Code  Gb  ccp.o [5]
Ccp_RemoveAllChannel    0x080080c7   0x1e  Code  Gb  ccp.o [5]
Ccp_ViscaCmdParser      0x0800ddd1  0x12c  Code  Gb  ccp_visca.o [5]
Ccp_ViscaRetCmdParser   0x0800ddb5   0x1c  Code  Gb  ccp_visca.o [5]
Ccp_ViscaSendRetCmd     0x0800bced   0xd0  Code  Gb  ccp_visca.o [5]
Ccp_ViscaSendRetCmd::visca_ack
                        0x200000b0    0x4  Data  Lc  ccp_visca.o [5]
Ccp_ViscaSendRetCmd::visca_cmp
                        0x200000b4    0x4  Data  Lc  ccp_visca.o [5]
Ccp_ViscaSendRetCmd::visca_error
                        0x200000b8    0x4  Data  Lc  ccp_visca.o [5]
CheckInterval           0x080028e7   0x28  Code  Gb  system.o [1]
CheckSum                0x080028cf   0x18  Code  Gb  system.o [1]
CheckTimeDiff           0x0800290f   0x1c  Code  Gb  system.o [1]
Cmd2VideoFormat         0x08006a51   0x96  Code  Gb  video.o [1]
DMA1_Channel2_IRQHandler
                        0x08009977   0x3a  Code  Gb  uart.o [1]
DMA1_Channel3_IRQHandler
                        0x080099b1   0x56  Code  Gb  uart.o [1]
DMA1_Channel4_IRQHandler
                        0x08009753   0x46  Code  Gb  uart.o [1]
DMA1_Channel5_IRQHandler
                        0x08009799   0x56  Code  Gb  uart.o [1]
DMA1_Channel6_IRQHandler
                        0x080098ab   0x56  Code  Gb  uart.o [1]
DMA1_Channel7_IRQHandler
                        0x08009865   0x46  Code  Gb  uart.o [1]
DMA_ClearITPendingBit   0x0800e593   0x10  Code  Gb  stm32f10x_dma.o [1]
DMA_Cmd                 0x0800e537   0x1c  Code  Gb  stm32f10x_dma.o [1]
DMA_DeInit              0x0800e3f1  0x10a  Code  Gb  stm32f10x_dma.o [1]
DMA_GetCurrDataCounter  0x0800e56b    0x6  Code  Gb  stm32f10x_dma.o [1]
DMA_GetITStatus         0x0800e571   0x22  Code  Gb  stm32f10x_dma.o [1]
DMA_ITConfig            0x0800e553   0x18  Code  Gb  stm32f10x_dma.o [1]
DMA_Init                0x0800e4fb   0x3c  Code  Gb  stm32f10x_dma.o [1]
DebugMon_Handler        0x0800e8c1    0x2  Code  Gb  main.o [1]
Decode                  0x0800b4b3   0x4a  Code  Lc  ir_sony.o [6]
DeletMenu               0x08007661   0x52  Code  Gb  menu_framework.o [1]
EEPROM_Init             0x08005b01    0x8  Code  Gb  eeprom.o [1]
EEPROM_Read             0x08005b09   0x7a  Code  Gb  eeprom.o [1]
EEPROM_Write            0x08005b83   0xc6  Code  Gb  eeprom.o [1]
EXTI0_IRQHandler        0x0800e62d   0x1a  Code  Gb  isr.o [1]
EXTI15_10_IRQHandler    0x0800e6d3   0x70  Code  Gb  isr.o [1]
EXTI1_IRQHandler        0x0800e647   0x10  Code  Gb  isr.o [1]
EXTI2_IRQHandler        0x0800e657   0x10  Code  Gb  isr.o [1]
EXTI3_IRQHandler        0x0800e667   0x10  Code  Gb  isr.o [1]
EXTI4_IRQHandler        0x0800e677   0x10  Code  Gb  isr.o [1]
EXTI9_5_IRQHandler      0x0800e687   0x4c  Code  Gb  isr.o [1]
EXTI_Init               0x0800b109   0x86  Code  Gb  stm32f10x_exti.o [1]
Fill16BitData           0x0800cc15   0x20  Code  Lc  ccp_visca.o [5]
Fill32BitData           0x0800cc35   0x3a  Code  Lc  ccp_visca.o [5]
FocusIsRunning          0x200019c9    0x1  Data  Lc  ir_remote.o [1]
GPIO_EXTILineConfig     0x0800b0ad   0x4e  Code  Gb  stm32f10x_gpio.o [1]
GPIO_Init               0x0800af6d   0xc0  Code  Gb  stm32f10x_gpio.o [1]
GPIO_PinRemapConfig     0x0800b02d   0x80  Code  Gb  stm32f10x_gpio.o [1]
GetPresetSpeed          0x0800529f   0x18  Code  Gb  ptz.o [1]
HEAP$$Base              0x200008e0          --   Gb  - Linker created -
HEAP$$Limit             0x200010e0          --   Gb  - Linker created -
HardFault_Handler       0x0800e8b7    0x2  Code  Gb  main.o [1]
I2C1_Init               0x08008bd5   0x48  Code  Gb  i2c.o [1]
I2C1_WriteOneByte       0x08008c1d   0xa2  Code  Gb  i2c.o [1]
I2C_CheckEvent          0x0800e151   0x2a  Code  Gb  stm32f10x_i2c.o [1]
I2C_DeInit              0x0800dff5   0x34  Code  Gb  stm32f10x_i2c.o [1]
I2C_GenerateSTART       0x0800e0fd   0x1c  Code  Gb  stm32f10x_i2c.o [1]
I2C_GenerateSTOP        0x0800e119   0x1c  Code  Gb  stm32f10x_i2c.o [1]
I2C_Init                0x0800e029   0xc4  Code  Gb  stm32f10x_i2c.o [1]
I2C_Send7bitAddress     0x0800e13b   0x16  Code  Gb  stm32f10x_i2c.o [1]
I2C_SendData            0x0800e135    0x6  Code  Gb  stm32f10x_i2c.o [1]
IR_ADDR                 0x20001910    0x4  Data  Lc  ir_remote.o [1]
IR_AddrDetection        0x08007973   0x20  Code  Gb  ir_remote.o [1]
IR_BspInit              0x080078f1   0x76  Code  Gb  ir_remote.o [1]
IR_Counter_Start        0x0800f189   0x1c  Code  Gb  ir_remote.o [1]
IR_Counter_Stop         0x0800f14d   0x20  Code  Gb  ir_remote.o [1]
IR_GetCmd               0x0800b5c5   0x28  Code  Gb  ir_remote.o [1]
IR_SetAddr              0x08007967    0xc  Code  Gb  ir_remote.o [1]
InitPara                0x0800b1e7   0x1a  Code  Lc  ir_sony.o [6]
InqCamExposure          0x08002b63   0x5a  Code  Gb  system.o [1]
InqCamInfo              0x08002c67  0x1ce  Code  Gb  system.o [1]
InqCamInfo::index       0x200019d8    0x1  Data  Lc  system.o [1]
InqCamInfo::timer       0x20001988    0x4  Data  Lc  system.o [1]
InqCamInfo::zoom_timer  0x20001984    0x4  Data  Lc  system.o [1]
InqCamNet               0x08002c63    0x4  Code  Gb  system.o [1]
InqCamPicture           0x08002bbd   0xa6  Code  Gb  system.o [1]
InqCamWb                0x08002b39   0x2a  Code  Gb  system.o [1]
InqCamZoomFocus         0x08002aff   0x3a  Code  Gb  system.o [1]
IrRemoter_CmdHandler    0x08007f2b   0x28  Code  Gb  ir_remote.o [1]
IrRemoter_Init          0x08007993   0x26  Code  Gb  ir_remote.o [1]
LED_Blink               0x0800260f   0x16  Code  Gb  system.o [1]
LED_Counter             0x200019d4    0x1  Data  Lc  system.o [1]
LED_Handler             0x0800264f   0x6c  Code  Gb  system.o [1]
LED_PSC                 0x200019d5    0x1  Data  Lc  system.o [1]
LED_SetStatus           0x08002625   0x2a  Code  Gb  system.o [1]
LinkCam2In1             0x08007579    0x6  Code  Gb  ptc.o [1]
MENU_Back               0x08002ee3   0x7a  Code  Gb  menu.o [1]
MENU_Down               0x08002f8f   0x32  Code  Gb  menu.o [1]
MENU_Down::TimerDown    0x20001944    0x4  Data  Lc  menu.o [1]
MENU_Enter              0x0800302d   0x26  Code  Gb  menu.o [1]
MENU_Enter::TimerEnter  0x20001950    0x4  Data  Lc  menu.o [1]
MENU_Left               0x08002fc1   0x36  Code  Gb  menu.o [1]
MENU_Left::TimerLeft    0x20001948    0x4  Data  Lc  menu.o [1]
MENU_Num                0x08003053   0x28  Code  Gb  menu.o [1]
MENU_Num::TimerNum      0x20001954    0x4  Data  Lc  menu.o [1]
MENU_Open               0x08002e81   0x62  Code  Gb  menu.o [1]
MENU_Right              0x08002ff7   0x36  Code  Gb  menu.o [1]
MENU_Right::TimerRight  0x2000194c    0x4  Data  Lc  menu.o [1]
MENU_Up                 0x08002f5d   0x32  Code  Gb  menu.o [1]
MENU_Up::TimerUp        0x20001940    0x4  Data  Lc  menu.o [1]
MS41909_CalcuMotorPara  0x08005db3   0x10  Code  Lc  ms41909.o [4]
MS41909_CalcuRunPara    0x08005dc3  0x28a  Code  Lc  ms41909.o [4]
MS41909_GetMotorPosition
                        0x080066d3   0x10  Code  Gb  ms41909.o [4]
MS41909_Init            0x08006113   0xe2  Code  Gb  ms41909.o [4]
MS41909_MotorBrake      0x080061f5   0x6c  Code  Gb  ms41909.o [4]
MS41909_MotorEnable     0x08006637   0x6c  Code  Gb  ms41909.o [4]
MS41909_MotorGoto       0x08006261  0x3d6  Code  Gb  ms41909.o [4]
MS41909_MotorGoto::acc_dist
                        0x2000198c    0x4  Data  Lc  ms41909.o [4]
MS41909_MotorGoto::dec_dist
                        0x20001990    0x4  Data  Lc  ms41909.o [4]
MS41909_MotorGoto::pos_off
                        0x20001994    0x4  Data  Lc  ms41909.o [4]
MS41909_MotorIsRunning  0x080066a3   0x30  Code  Gb  ms41909.o [4]
MS41909_SetDirInv       0x08006075   0x3e  Code  Gb  ms41909.o [4]
MS41909_SetFrequency    0x080066f5   0x20  Code  Gb  ms41909.o [4]
MS41909_SetMotorPosition
                        0x080066e3   0x12  Code  Gb  ms41909.o [4]
MS41909_SetPwmPulse     0x08005ccf   0x54  Code  Gb  ms41909.o [4]
MS41909_SetRunPower     0x080060d3   0x20  Code  Gb  ms41909.o [4]
MS41909_SetStopCutOff   0x080060f3   0x20  Code  Gb  ms41909.o [4]
MS41909_SetStopPower    0x080060b3   0x20  Code  Gb  ms41909.o [4]
MS41909_StartVdPulse    0x08005363   0x12  Code  Gb  ptz.o [1]
MS41909_StopVdPulse     0x08005375   0x14  Code  Gb  ptz.o [1]
MS41909_VdFzPulseHandler
                        0x0800604d   0x28  Code  Gb  ms41909.o [4]
MS41909_WriteData       0x08005333   0x30  Code  Gb  ptz.o [1]
MS41909_WriteRunData    0x08005d23   0x90  Code  Lc  ms41909.o [4]
MemManage_Handler       0x0800e8b9    0x2  Code  Gb  main.o [1]
MenuExeFunc             0x080078b5   0x30  Code  Gb  menu_framework.o [1]
MenuHead                0x20000044    0x8  Data  Lc  menu_framework.o [1]
MenuRollDown            0x08007853   0x62  Code  Gb  menu_framework.o [1]
MenuRollUp              0x080077f1   0x62  Code  Gb  menu_framework.o [1]
NMI_Handler             0x0800e8b5    0x2  Code  Gb  main.o [1]
NVIC_Init               0x080072ff   0x5e  Code  Gb  misc.o [1]
NVIC_PriorityGroupConfig
                        0x080072f5    0xa  Code  Gb  misc.o [1]
NVIC_SystemReset        0x080000ed   0x22  Code  Lc  cam_ops.o [1]
NewMenu                 0x08007633   0x2e  Code  Gb  menu_framework.o [1]
NumToString             0x0800307b   0xa2  Code  Gb  menu.o [1]
NumToString::buffer     0x20001958    0x4  Data  Lc  menu.o [1]
PacketList_AddTail      0x080090b9  0x104  Code  Gb  packet_list.o [1]
PacketList_AddTail::new_packet
                        0x20001968    0x4  Data  Lc  packet_list.o [1]
PacketList_Clear        0x080092b5   0x40  Code  Gb  packet_list.o [1]
PacketList_DelFirst     0x08009241   0x62  Code  Gb  packet_list.o [1]
PacketList_GetFirst     0x080091bd   0x84  Code  Gb  packet_list.o [1]
PanTilt_Init            0x08005389   0x74  Code  Gb  ptz.o [1]
PanTilt_Reset           0x0800542d  0x3d0  Code  Gb  ptz.o [1]
PanTilt_Reset::PanSenseState
                        0x200019d0    0x1  Data  Lc  ptz.o [1]
PanTilt_Reset::TiltSenseState
                        0x200019d1    0x1  Data  Lc  ptz.o [1]
PanTilt_Reset::s32PanOffset
                        0x20001974    0x4  Data  Lc  ptz.o [1]
PanTilt_Reset::s32TiltOffset
                        0x20001978    0x4  Data  Lc  ptz.o [1]
PanTilt_Reset::s8PanIntCount
                        0x200019d2    0x1  Data  Lc  ptz.o [1]
PanTilt_Reset::s8TiltIntCount
                        0x200019d3    0x1  Data  Lc  ptz.o [1]
PendSV_Handler          0x0800e8c3    0x2  Code  Gb  main.o [1]
Port_Init               0x080088e1  0x2f4  Code  Gb  port.o [1]
PresetCheckUsed         0x0800298d   0xb6  Code  Gb  system.o [1]
PresetStatus            0x2000185c   0x20  Data  Lc  system.o [1]
PresetStatusFillViscaBuffer
                        0x08002963   0x2a  Code  Gb  system.o [1]
PresetStatusResetBit    0x08002947   0x1c  Code  Gb  system.o [1]
PresetStatusSetBit      0x0800292b   0x1c  Code  Gb  system.o [1]
PtIsRunning             0x200019ca    0x1  Data  Lc  ir_remote.o [1]
Ptc_Init                0x08007455  0x124  Code  Gb  ptc.o [1]
Ptc_Init::Initialized   0x200019ce    0x1  Data  Lc  ptc.o [1]
Ptc_UartInit            0x0800741f   0x36  Code  Gb  ptc.o [1]
Ptc_UartInit::Initialized
                        0x200019cd    0x1  Data  Lc  ptc.o [1]
Ptz_Init                0x080053fd   0x30  Code  Gb  ptz.o [1]
RCC_AHBPeriphClockCmd   0x08006f23   0x20  Code  Gb  stm32f10x_rcc.o [1]
RCC_APB1PeriphClockCmd  0x08006f63   0x20  Code  Gb  stm32f10x_rcc.o [1]
RCC_APB1PeriphResetCmd  0x08006fa3   0x20  Code  Gb  stm32f10x_rcc.o [1]
RCC_APB2PeriphClockCmd  0x08006f43   0x20  Code  Gb  stm32f10x_rcc.o [1]
RCC_APB2PeriphResetCmd  0x08006f83   0x20  Code  Gb  stm32f10x_rcc.o [1]
RCC_GetClocksFreq       0x08006e61   0xc2  Code  Gb  stm32f10x_rcc.o [1]
Region$$Table$$Base     0x0800f12c          --   Gb  - Linker created -
Region$$Table$$Limit    0x0800f14c          --   Gb  - Linker created -
ResetPara               0x0800b201   0x1a  Code  Lc  ir_sony.o [6]
SII9022_ESYNC           0x0800eec8   0x60  Data  Gb  sii9022.o [1]
SNAP_BACKLIGHT          0x20001920    0x4  Data  Lc  ir_remote.o [1]
SNAP_BRIGHT             0x20001924    0x4  Data  Lc  ir_remote.o [1]
SNAP_DATASCREEN         0x20001938    0x4  Data  Lc  ir_remote.o [1]
SNAP_FOCUS              0x2000191c    0x4  Data  Lc  ir_remote.o [1]
SNAP_PAN_TILT           0x20001934    0x4  Data  Lc  ir_remote.o [1]
SNAP_POWER              0x20001914    0x4  Data  Lc  ir_remote.o [1]
SNAP_PTZ_HOME           0x20001930    0x4  Data  Lc  ir_remote.o [1]
SNAP_PTZ_RESET          0x2000192c    0x4  Data  Lc  ir_remote.o [1]
SNAP_SOUT               0x20001928    0x4  Data  Lc  ir_remote.o [1]
SNAP_ZOOM               0x20001918    0x4  Data  Lc  ir_remote.o [1]
SPI1_Init               0x0800883d   0x6a  Code  Gb  spi.o [1]
SPI1_WriteReadByte      0x080088a7   0x32  Code  Gb  spi.o [1]
SPI_Cmd                 0x0800dfbd   0x1c  Code  Gb  stm32f10x_spi.o [1]
SPI_I2S_DeInit          0x0800df1d   0x56  Code  Gb  stm32f10x_spi.o [1]
SPI_I2S_GetFlagStatus   0x0800dfe1   0x14  Code  Gb  stm32f10x_spi.o [1]
SPI_I2S_ReceiveData     0x0800dfdd    0x4  Code  Gb  stm32f10x_spi.o [1]
SPI_I2S_SendData        0x0800dfd9    0x4  Code  Gb  stm32f10x_spi.o [1]
SPI_Init                0x0800df73   0x3e  Code  Gb  stm32f10x_spi.o [1]
SVC_Handler             0x0800e8bf    0x2  Code  Gb  main.o [1]
SetCameraVideoFormat    0x08006997   0xba  Code  Gb  video.o [1]
SetMainVideoFormat      0x0800697d   0x1a  Code  Gb  video.o [1]
SetSysClock             0x0800686d   0xe4  Code  Lc  bsp.o [1]
ShowBrief               0x080048a9   0x5e  Code  Gb  menu.o [1]
ShowCurLine             0x080077b5   0x3c  Code  Gb  menu_framework.o [1]
ShowCurMenu             0x0800771b   0x9a  Code  Gb  menu_framework.o [1]
ShowDebugCmd            0x0800741b    0x4  Code  Gb  ptc.o [1]
Sii9022_SetVideoFormat  0x08008cd5  0x2da  Code  Gb  sii9022.o [1]
SonyIr_EdgeHandler      0x0800b4fd   0x92  Code  Gb  ir_sony.o [6]
SonyIr_GetCmd           0x0800b1c9   0x1e  Code  Gb  ir_sony.o [6]
SonyIr_Init             0x0800b1a1   0x28  Code  Gb  ir_sony.o [6]
SysTick_Handler         0x0800e8c5    0x2  Code  Gb  main.o [1]
SystemInit              0x08006819   0x54  Code  Gb  bsp.o [1]
System_CheckVirgin      0x080026cf   0x2c  Code  Gb  system.o [1]
System_GetPowerState    0x080026bb   0x14  Code  Gb  system.o [1]
System_ReadPara         0x0800270b   0x4e  Code  Gb  system.o [1]
System_ResetPara        0x08002759   0x96  Code  Gb  system.o [1]
System_SavePara         0x080027ef   0x42  Code  Gb  system.o [1]
System_SavePartPara     0x08002831   0x9e  Code  Gb  system.o [1]
System_SetVirgin        0x080026fb   0x10  Code  Gb  system.o [1]
System_TimerInit        0x080025ad   0x62  Code  Gb  system.o [1]
TIM1_Init               0x080052b7   0x7c  Code  Gb  ptz.o [1]
TIM1_UP_IRQHandler      0x0800e743   0x2a  Code  Gb  isr.o [1]
TIM2_IRQHandler         0x0800e76d   0x28  Code  Gb  isr.o [1]
TIM_ARRPreloadConfig    0x08007299   0x1c  Code  Gb  stm32f10x_tim.o [1]
TIM_Cmd                 0x08007265   0x1c  Code  Gb  stm32f10x_tim.o [1]
TIM_DeInit              0x08006ff5  0x1de  Code  Gb  stm32f10x_tim.o [1]
TIM_ITConfig            0x08007281   0x18  Code  Gb  stm32f10x_tim.o [1]
TIM_TimeBaseInit        0x080071d3   0x92  Code  Gb  stm32f10x_tim.o [1]
TimerOpen               0x2000193c    0x4  Data  Lc  menu.o [1]
TransAeMode             0x0800382d   0x36  Code  Gb  menu.o [1]
TransNumCmd             0x0800b3e9   0xca  Code  Lc  ir_sony.o [6]
TransPanSpeed           0x0800524f   0x28  Code  Gb  ptz.o [1]
TransPicCmd             0x0800b21b  0x11a  Code  Lc  ir_sony.o [6]
TransPtzCmd             0x0800b335   0xb4  Code  Lc  ir_sony.o [6]
TransTiltSpeed          0x08005277   0x28  Code  Gb  ptz.o [1]
UART1_DmaSend           0x080094a7   0x58  Code  Gb  uart.o [1]
UART1_Init              0x080092f5  0x178  Code  Gb  uart.o [1]
UART1_RX_BUFFER         0x20001630   0x64  Data  Lc  uart.o [1]
UART1_SendArray         0x08009481   0x26  Code  Gb  uart.o [1]
UART1_SendByte          0x0800946d   0x14  Code  Gb  uart.o [1]
UART1_TX_BUFFER         0x20001568   0x64  Data  Lc  uart.o [1]
UART1_TX_BUSY           0x200019d9    0x1  Data  Lc  uart.o [1]
UART2_RX_BUFFER         0x20001694   0x64  Data  Lc  uart.o [1]
UART2_TX_BUSY           0x200019da    0x1  Data  Lc  uart.o [1]
UART3_DmaSend           0x08009681   0x58  Code  Gb  uart.o [1]
UART3_Init              0x080094ff  0x182  Code  Gb  uart.o [1]
UART3_RX_BUFFER         0x200016f8   0x64  Data  Lc  uart.o [1]
UART3_TX_BUFFER         0x200015cc   0x64  Data  Lc  uart.o [1]
UART3_TX_BUSY           0x200019db    0x1  Data  Lc  uart.o [1]
USART1_IRQHandler       0x080096d9   0x7a  Code  Gb  uart.o [1]
USART2_IRQHandler       0x080097ef   0x76  Code  Gb  uart.o [1]
USART3_IRQHandler       0x08009901   0x76  Code  Gb  uart.o [1]
USART_ClearITPendingBit
                        0x0800e3d3   0x1e  Code  Gb  stm32f10x_usart.o [1]
USART_Cmd               0x0800e2e1   0x1c  Code  Gb  stm32f10x_usart.o [1]
USART_DMACmd            0x0800e34f   0x18  Code  Gb  stm32f10x_usart.o [1]
USART_DeInit            0x0800e17d   0x8e  Code  Gb  stm32f10x_usart.o [1]
USART_GetITStatus       0x0800e36f   0x64  Code  Gb  stm32f10x_usart.o [1]
USART_ITConfig          0x0800e2fd   0x52  Code  Gb  stm32f10x_usart.o [1]
USART_Init              0x0800e20b   0xba  Code  Gb  stm32f10x_usart.o [1]
USART_ReceiveData       0x0800e367    0x8  Code  Gb  stm32f10x_usart.o [1]
UsageFault_Handler      0x0800e8bd    0x2  Code  Gb  main.o [1]
VideoFormat2Cmd         0x08006ae7   0x88  Code  Gb  video.o [1]
Video_Init              0x08006b6f   0x1e  Code  Gb  video.o [1]
VirginCode              0x0800f2a0    0xc  Data  Gb  system.o [1]
Visca_ResetAddress      0x0800dcb9   0xfc  Code  Lc  ccp_visca.o [5]
Visca_ResetAddress::addr_reset
                        0x200000dc    0x4  Data  Lc  ccp_visca.o [5]
ZoomIsRunning           0x200019c8    0x1  Data  Lc  ir_remote.o [1]
_2DNr                   0x08003e51   0x62  Code  Lc  menu.o [1]
_3DNr                   0x08003eb3   0xba  Code  Lc  menu.o [1]
_Address                0x08003221  0x11a  Code  Lc  menu.o [1]
_AeMode                 0x08003863  0x11a  Code  Lc  menu.o [1]
_BGain                  0x08003d91   0x64  Code  Lc  menu.o [1]
_Backlight              0x08003bc1   0x64  Code  Lc  menu.o [1]
_BaudRate               0x0800333b   0x92  Code  Lc  menu.o [1]
_Bright                 0x08003a89   0x48  Code  Lc  menu.o [1]
_CmdHandler_Normal      0x08007a47  0x3a0  Code  Lc  ir_remote.o [1]
_CmdHandler_OsdOn       0x08007de7  0x120  Code  Lc  ir_remote.o [1]
_CmdHandler_Standby     0x08007f07   0x24  Code  Lc  ir_remote.o [1]
_ColorGain              0x0800400d   0x8e  Code  Lc  menu.o [1]
_Contrast               0x08003f71   0x94  Code  Lc  menu.o [1]
_DeFlicker              0x080042ed   0xa4  Code  Lc  menu.o [1]
_Defog                  0x08004255   0x98  Code  Lc  menu.o [1]
_Dzoom                  0x080034c1   0x60  Code  Lc  menu.o [1]
_ExpCompesation         0x08003b25   0x94  Code  Lc  menu.o [1]
_Exposure               0x08003779   0xb4  Code  Lc  menu.o [1]
_FactoryPattern         0x080046ab   0x50  Code  Lc  menu.o [1]
_FocusMode              0x08003521   0x70  Code  Lc  menu.o [1]
_Gain                   0x08003ad5   0x48  Code  Lc  menu.o [1]
_Gamma                  0x080040e1   0x7e  Code  Lc  menu.o [1]
_I2C_Delay              0x080058c9   0x18  Code  Lc  eeprom.o [1]
_I2C_Init               0x08005ab1   0x3e  Code  Lc  eeprom.o [1]
_I2C_ReadByte           0x08005a35   0x7c  Code  Lc  eeprom.o [1]
_I2C_SendAck            0x080059b5   0x36  Code  Lc  eeprom.o [1]
_I2C_Start              0x080058e1   0x36  Code  Lc  eeprom.o [1]
_I2C_Stop               0x08005917   0x2e  Code  Lc  eeprom.o [1]
_I2C_WaitAck            0x08005945   0x70  Code  Lc  eeprom.o [1]
_I2C_WriteByte          0x080059eb   0x4a  Code  Lc  eeprom.o [1]
_IrAddress              0x08004531   0x9a  Code  Lc  menu.o [1]
_IrRemote_DelayTask     0x080079b9   0x8e  Code  Lc  ir_remote.o [1]
_Iris                   0x08003a27   0x5a  Code  Lc  menu.o [1]
_PanDir                 0x08003611   0x4a  Code  Lc  menu.o [1]
_Picture                0x08003e0f   0x42  Code  Lc  menu.o [1]
_PictureFlip            0x080036a5   0x6a  Code  Lc  menu.o [1]
_PictureMirror          0x0800370f   0x6a  Code  Lc  menu.o [1]
_PresetSavePic          0x080046fb   0x48  Code  Lc  menu.o [1]
_Protocol               0x0800315f   0xc2  Code  Lc  menu.o [1]
_Ptz                    0x0800347f   0x42  Code  Lc  menu.o [1]
_RGain                  0x08003d29   0x64  Code  Lc  menu.o [1]
_ReloadPreset1          0x08004621   0x48  Code  Lc  menu.o [1]
_RemoteSpeed            0x08003591   0x80  Code  Lc  menu.o [1]
_Reset                  0x0800478b   0x40  Code  Lc  menu.o [1]
_ResetAllSettings       0x08004859   0x48  Code  Lc  menu.o [1]
_ResetPicture           0x08004811   0x40  Code  Lc  menu.o [1]
_ResetSystem            0x080047cb   0x40  Code  Lc  menu.o [1]
_Rs485                  0x08004743   0x48  Code  Lc  menu.o [1]
_Send11BytesInquiryCmd  0x0800ccab   0x1e  Code  Lc  ccp_visca.o [5]
_Send11BytesInquiryCmd::ret11byte
                        0x200000c8    0xc  Data  Lc  ccp_visca.o [5]
_Send4BytesInquiryCmd   0x0800cc6f   0x1c  Code  Lc  ccp_visca.o [5]
_Send4BytesInquiryCmd::ret4byte
                        0x200000bc    0x4  Data  Lc  ccp_visca.o [5]
_Send7BytesInquiryCmd   0x0800cc8b   0x20  Code  Lc  ccp_visca.o [5]
_Send7BytesInquiryCmd::ret7byte
                        0x200000c0    0x8  Data  Lc  ccp_visca.o [5]
_SerialPort             0x0800311d   0x42  Code  Lc  menu.o [1]
_Sharpness              0x0800409b   0x46  Code  Lc  menu.o [1]
_ShowBrief              0x080045d5   0x48  Code  Lc  menu.o [1]
_Shutter                0x08003989   0x9e  Code  Lc  menu.o [1]
_SpeedLimit             0x0800342d   0x52  Code  Lc  menu.o [1]
_SpeedScale             0x080033cd   0x60  Code  Lc  menu.o [1]
_System                 0x0800439d   0x4c  Code  Lc  menu.o [1]
_TiltDir                0x0800365b   0x4a  Code  Lc  menu.o [1]
_Version                0x0800466d   0x3e  Code  Lc  menu.o [1]
_VideoFormat            0x08004401  0x130  Code  Lc  menu.o [1]
_Visca_ControlCmdParser
                        0x0800bdc9  0xe48  Code  Lc  ccp_visca.o [5]
_Visca_InquireCmdParser
                        0x0800cce5  0xfd4  Code  Lc  ccp_visca.o [5]
_Visca_InquireCmdParser::ret5byte
                        0x200000d4    0x8  Data  Lc  ccp_visca.o [5]
_Wb                     0x08003c25   0x52  Code  Lc  menu.o [1]
_WbMode                 0x08003c7d   0xac  Code  Lc  menu.o [1]
_WbTrigger              0x08003df9   0x16  Code  Lc  menu.o [1]
_Wdr                    0x0800416d   0xe2  Code  Lc  menu.o [1]
__aeabi_cfcmple         0x08008819         Code  Gb  FltCmpLe.o [7]
__aeabi_cfrcmple        0x080087f5         Code  Gb  FltCmpGe.o [7]
__aeabi_f2iz            0x08006c9d         Code  Gb  FltToS32.o [7]
__aeabi_fadd            0x08006ddd         Code  Gb  FltAdd.o [7]
__aeabi_fdiv            0x08006ce1         Code  Gb  FltDiv.o [7]
__aeabi_fmul            0x08006bc5         Code  Gb  FltMul.o [7]
__aeabi_i2f             0x08006b91         Code  Gb  I32ToFlt.o [7]
__aeabi_memset          0x08005861         Code  Gb  ABImemset.o [8]
__aeabi_ui2f            0x08006ba5         Code  Gb  I32ToFlt.o [7]
__cmain                 0x0800f1a5         Code  Gb  cmain.o [8]
__data_GetMemChunk      0x0800e5ed   0x2c  Code  Gb  xgetmemchunk.o [3]
__data_GetMemChunk::start
                        0x200019c4    0x4  Data  Lc  xgetmemchunk.o [3]
__exit                  0x0800e619   0x14  Code  Gb  exit.o [9]
__iar_Memset            0x08005861         Code  Gb  ABImemset.o [8]
__iar_Memset_word       0x08005869         Code  Gb  ABImemset.o [8]
__iar_data_init3        0x0800f0e1   0x28  Code  Gb  data_init.o [8]
__iar_dlfree            0x0800aa4b  0x51a  Code  Gb  dlmalloc.o [3]
__iar_dlmalloc          0x0800a795  0x2aa  Code  Gb  dlmalloc.o [3]
__iar_fadd              0x08006ded         Code  Gb  FltAdd.o [7]
__iar_fsub              0x08008fb9         Code  Gb  FltSub.o [7]
__iar_fsubStart         0x08008fc9         Code  Gb  FltSub.o [7]
__iar_packbits_init_single3
                        0x0800f079   0x38  Code  Gb  packbits_init_single.o [8]
__iar_program_start     0x0800f2dd         Code  Gb  cstartup_M.o [8]
__iar_ui2f              0x08006ba9         Code  Gb  I32ToFlt.o [7]
__iar_unaligned___aeabi_memcpy
                        0x08007fa1         Code  Gb  ABImemcpy_unaligned.o [8]
__iar_unaligned___aeabi_memcpy4
                        0x08007fc1         Code  Gb  ABImemcpy_unaligned.o [8]
__iar_unaligned___aeabi_memcpy8
                        0x08007fc1         Code  Gb  ABImemcpy_unaligned.o [8]
__iar_unaligned_memcmp  0x08006739         Code  Gb  memcmp_unaligned.o [8]
__iar_zero_init3        0x0800f001   0x40  Code  Gb  zero_init3.o [8]
__list_add              0x080075f1    0xa  Code  Lc  menu_framework.o [1]
__list_add              0x08009091    0xa  Code  Lc  packet_list.o [1]
__list_add              0x08008019    0xa  Code  Lc  ccp.o [5]
__list_del              0x08007611    0x6  Code  Lc  menu_framework.o [1]
__list_del              0x080090a7    0x6  Code  Lc  packet_list.o [1]
__list_del              0x0800802d    0x6  Code  Lc  ccp.o [5]
__low_level_init        0x0800f1bf    0x4  Code  Gb  low_level_init.o [3]
__vector_table          0x08000000         Data  Gb  startup_stm32f10x_md.o [1]
_call_main              0x0800f1b1         Code  Gb  cmain.o [8]
_exit                   0x0800f1c9         Code  Gb  cexit.o [8]
_gm_                    0x200010e0  0x1d8  Data  Lc  dlmalloc.o [3]
_main                   0x0800f1bb         Code  Gb  cmain.o [8]
abort                   0x0800e5e5    0x6  Code  Gb  abort.o [3]
abs                     0x080075e9    0x8  Code  Gb  abs.o [3]
arr_buffer              0x200018ec   0x10  Data  Lc  ir_sony.o [6]
arr_index               0x200019de    0x1  Data  Lc  ir_sony.o [6]
bit_buffer              0x200019a0    0x4  Data  Lc  ir_sony.o [6]
bit_index               0x200019dd    0x1  Data  Lc  ir_sony.o [6]
cache                   0x2000199c    0x4  Data  Gb  ccp_cam.o [5]
cam                     0x20001998    0x4  Data  Gb  ccp_cam.o [5]
cam_2dnr                0x08000f11   0x42  Code  Gb  cam_ops.o [1]
cam_3dnr                0x08000f91   0x28  Code  Gb  cam_ops.o [1]
cam_ae_mode             0x080006ed   0x3c  Code  Gb  cam_ops.o [1]
cam_af_sens             0x080004cb   0x2a  Code  Gb  cam_ops.o [1]
cam_backlight           0x08000beb   0x30  Code  Gb  cam_ops.o [1]
cam_bgain               0x08000613   0x7a  Code  Gb  cam_ops.o [1]
cam_bgain_direct        0x0800068d   0x1c  Code  Gb  cam_ops.o [1]
cam_bright              0x0800094f   0x7a  Code  Gb  cam_ops.o [1]
cam_bright_direct       0x080009c9   0x36  Code  Gb  cam_ops.o [1]
cam_constrast_direct    0x08000e2d   0x24  Code  Gb  cam_ops.o [1]
cam_datascreen          0x08001321   0x3c  Code  Gb  cam_ops.o [1]
cam_defog               0x08000e81   0x3e  Code  Gb  cam_ops.o [1]
cam_dhcp                0x0800135d   0x42  Code  Gb  cam_ops.o [1]
cam_dzoom               0x08000321   0x40  Code  Gb  cam_ops.o [1]
cam_expcomp             0x08000b17   0x7c  Code  Gb  cam_ops.o [1]
cam_expcomp_direct      0x08000b93   0x28  Code  Gb  cam_ops.o [1]
cam_flick               0x08000ff1   0x28  Code  Gb  cam_ops.o [1]
cam_flip                0x080011a9   0x4c  Code  Gb  cam_ops.o [1]
cam_focus               0x080003c5   0x80  Code  Gb  cam_ops.o [1]
cam_focus_direct        0x08000445   0x2a  Code  Gb  cam_ops.o [1]
cam_focus_mode          0x0800038f   0x36  Code  Gb  cam_ops.o [1]
cam_freeze              0x080012ad   0x3c  Code  Gb  cam_ops.o [1]
cam_gain                0x08000a33   0x7a  Code  Gb  cam_ops.o [1]
cam_gain_direct         0x08000aad   0x36  Code  Gb  cam_ops.o [1]
cam_gamma               0x08000d85   0x20  Code  Gb  cam_ops.o [1]
cam_highlight           0x08000c4b   0x30  Code  Gb  cam_ops.o [1]
cam_init                0x08001f97   0x28  Code  Gb  cam_ops.o [1]
cam_iris                0x08000857   0x84  Code  Gb  cam_ops.o [1]
cam_iris_direct         0x080008db   0x40  Code  Gb  cam_ops.o [1]
cam_menu_buf            0x200000a0    0x8  Data  Lc  ccp_cam.o [5]
cam_menu_down           0x080050eb   0x22  Code  Gb  ccp_cam.o [5]
cam_menu_left           0x08005111   0x22  Code  Gb  ccp_cam.o [5]
cam_menu_right          0x08005139   0x22  Code  Gb  ccp_cam.o [5]
cam_menu_switch         0x08005099   0x22  Code  Gb  ccp_cam.o [5]
cam_menu_up             0x080050c9   0x22  Code  Gb  ccp_cam.o [5]
cam_mirror              0x08001101   0x70  Code  Gb  cam_ops.o [1]
cam_mute                0x08001239   0x3c  Code  Gb  cam_ops.o [1]
cam_net                 0x080013db   0x50  Code  Gb  cam_ops.o [1]
cam_preset              0x080018fb   0x68  Code  Gb  cam_ops.o [1]
cam_preset_base         0x08001785  0x176  Code  Lc  cam_ops.o [1]
cam_preset_complete     0x080014b9  0x2cc  Code  Lc  cam_ops.o [1]
cam_reg                 0x08001a43   0x42  Code  Gb  cam_ops.o [1]
cam_reset_net           0x0800205b    0x2  Code  Gb  cam_ops.o [1]
cam_reset_picture       0x0800205d  0x12a  Code  Gb  cam_ops.o [1]
cam_rgain               0x08000549   0x7a  Code  Gb  cam_ops.o [1]
cam_rgain_direct        0x080005c3   0x1c  Code  Gb  cam_ops.o [1]
cam_saturation          0x08000dd5   0x24  Code  Gb  cam_ops.o [1]
cam_sharpness           0x08000cb1   0x68  Code  Gb  cam_ops.o [1]
cam_sharpness_direct    0x08000d21   0x24  Code  Gb  cam_ops.o [1]
cam_shutter             0x0800075d   0x84  Code  Gb  cam_ops.o [1]
cam_shutter_direct      0x080007e1   0x42  Code  Gb  cam_ops.o [1]
cam_wb_mode             0x080004f5   0x20  Code  Gb  cam_ops.o [1]
cam_wb_onepush_trigger  0x080006dd   0x10  Code  Gb  cam_ops.o [1]
cam_wdr                 0x08001051   0x50  Code  Gb  cam_ops.o [1]
cam_zoom                0x080001f3   0x86  Code  Gb  cam_ops.o [1]
cam_zoom_direct         0x08000279   0x3a  Code  Gb  cam_ops.o [1]
cam_zoom_focus_direct   0x080002b3   0x40  Code  Gb  cam_ops.o [1]
camera_ops              0x200012b8  0x1b0  Data  Gb  cam_ops.o [1]
camera_ops_init         0x08002199  0x2a0  Code  Gb  cam_ops.o [1]
ccp_cache               0x2000181c   0x20  Data  Gb  ptc.o [1]
ccp_cache1_add_packet   0x080073b9   0x10  Code  Gb  ptc.o [1]
ccp_cache1_clear_packet_buffer
                        0x08007395    0xc  Code  Gb  ptc.o [1]
ccp_cache1_get_packet   0x080073a1   0x18  Code  Gb  ptc.o [1]
ccp_cache2_p            0x200019b8    0x4  Data  Gb  ccp.o [5]
ccp_cache_p             0x200019b0    0x4  Data  Gb  ccp.o [5]
ccp_cam                 0x200017fc   0x20  Data  Gb  ptc.o [1]
ccp_cam1_clear_packet_buffer
                        0x08007371    0xc  Code  Gb  ptc.o [1]
ccp_cam1_get_packet     0x0800737d   0x18  Code  Gb  ptc.o [1]
ccp_cam2_p              0x200019b4    0x4  Data  Gb  ccp.o [5]
ccp_cam_p               0x200019ac    0x4  Data  Gb  ccp.o [5]
ccp_comm_ops            0x200019a8    0x4  Data  Gb  ccp.o [5]
ccp_in1                 0x2000183c   0x20  Data  Gb  ptc.o [1]
ccp_in1_clear_packet_buffer
                        0x080073c9    0xc  Code  Gb  ptc.o [1]
ccp_in1_get_packet      0x080073d5   0x18  Code  Gb  ptc.o [1]
ccp_in1_p               0x200019bc    0x4  Data  Gb  ccp.o [5]
ccp_in1_send            0x080073ed   0x2e  Code  Gb  ptc.o [1]
ccp_list                0x200000a8    0x8  Data  Lc  ccp.o [5]
ccp_o                   0x2000187c   0x1c  Data  Gb  ptc.o [1]
ccp_out1_p              0x200019c0    0x4  Data  Gb  ccp.o [5]
cmd_buf                 0x20001468   0x80  Data  Gb  ccp.o [5]
delay_ms                0x080067eb   0x2e  Code  Gb  bsp.o [1]
delay_us                0x080067b9   0x32  Code  Gb  bsp.o [1]
exit                    0x0800f1c3    0x4  Code  Gb  exit.o [3]
final_cmd               0x200019a4    0x4  Data  Lc  ir_sony.o [6]
init_mparams            0x08009a95   0x32  Code  Lc  dlmalloc.o [3]
init_top                0x08009ac7   0x34  Code  Lc  dlmalloc.o [3]
inq_2dnr                0x08000f53   0x3e  Code  Gb  cam_ops.o [1]
inq_3dnr                0x08000fb9   0x38  Code  Gb  cam_ops.o [1]
inq_ae_mode             0x08000729   0x34  Code  Gb  cam_ops.o [1]
inq_backlight           0x08000c1b   0x30  Code  Gb  cam_ops.o [1]
inq_bgain               0x080006a9   0x34  Code  Gb  cam_ops.o [1]
inq_bright              0x080009ff   0x34  Code  Gb  cam_ops.o [1]
inq_constrast           0x08000e51   0x30  Code  Gb  cam_ops.o [1]
inq_defog               0x08000ebf   0x4c  Code  Gb  cam_ops.o [1]
inq_dhcp                0x0800139f   0x3c  Code  Gb  cam_ops.o [1]
inq_dzoom_mode          0x08000361   0x2e  Code  Gb  cam_ops.o [1]
inq_expcomp             0x08000bbb   0x30  Code  Gb  cam_ops.o [1]
inq_flick               0x08001019   0x38  Code  Gb  cam_ops.o [1]
inq_flip                0x080011f5   0x44  Code  Gb  cam_ops.o [1]
inq_focus_mode          0x0800046f   0x2e  Code  Gb  cam_ops.o [1]
inq_focus_pos           0x0800049d   0x2e  Code  Gb  cam_ops.o [1]
inq_freeze              0x080012e9   0x38  Code  Gb  cam_ops.o [1]
inq_gain                0x08000ae3   0x34  Code  Gb  cam_ops.o [1]
inq_gamma               0x08000da5   0x30  Code  Gb  cam_ops.o [1]
inq_highlight           0x08000c7b   0x30  Code  Gb  cam_ops.o [1]
inq_iris                0x0800091b   0x34  Code  Gb  cam_ops.o [1]
inq_menu                0x080001db   0x18  Code  Gb  cam_ops.o [1]
inq_mirror              0x08001171   0x38  Code  Gb  cam_ops.o [1]
inq_mute                0x08001275   0x38  Code  Gb  cam_ops.o [1]
inq_net                 0x0800142b   0x8e  Code  Gb  cam_ops.o [1]
inq_pan_reverse         0x0800201f    0xe  Code  Gb  cam_ops.o [1]
inq_power_status        0x0800016b   0x18  Code  Gb  cam_ops.o [1]
inq_preset              0x0800196b   0xb2  Code  Gb  cam_ops.o [1]
inq_preset_call         0x08001963    0x8  Code  Gb  cam_ops.o [1]
inq_preset_ext          0x08001a1d   0x26  Code  Gb  cam_ops.o [1]
inq_preset_ext::preset_status
                        0x20000000   0x44  Data  Lc  cam_ops.o [1]
inq_pt_pos              0x08001f05   0x92  Code  Gb  cam_ops.o [1]
inq_reg                 0x08001a85   0x28  Code  Gb  cam_ops.o [1]
inq_rgain               0x080005df   0x34  Code  Gb  cam_ops.o [1]
inq_saturation          0x08000df9   0x30  Code  Gb  cam_ops.o [1]
inq_sharpness           0x08000d55   0x30  Code  Gb  cam_ops.o [1]
inq_shutter             0x08000823   0x34  Code  Gb  cam_ops.o [1]
inq_tilt_reverse        0x0800204d    0xe  Code  Gb  cam_ops.o [1]
inq_version             0x08001ff1    0xa  Code  Gb  cam_ops.o [1]
inq_wb_mode             0x08000515   0x34  Code  Gb  cam_ops.o [1]
inq_wdr                 0x080010a1   0x60  Code  Gb  cam_ops.o [1]
inq_zoom_pos            0x080002f3   0x2e  Code  Gb  cam_ops.o [1]
ir_ops                  0x20001908    0x8  Data  Lc  ir_sony.o [6]
list_add                0x080075fb    0xa  Code  Lc  menu_framework.o [1]
list_add                0x08008023    0xa  Code  Lc  ccp.o [5]
list_add_tail           0x08007605    0xc  Code  Lc  menu_framework.o [1]
list_add_tail           0x0800909b    0xc  Code  Lc  packet_list.o [1]
list_del                0x08007617    0xc  Code  Lc  menu_framework.o [1]
list_del                0x080090ad    0xc  Code  Lc  packet_list.o [1]
list_del                0x08008033    0xc  Code  Lc  ccp.o [5]
list_empty              0x08007623   0x10  Code  Lc  menu_framework.o [1]
m_abs                   0x08005c49    0x8  Code  Lc  ms41909.o [4]
m_acc_sum               0x08005c51   0x60  Code  Lc  ms41909.o [4]
m_dec_sum               0x08005cb1   0x1e  Code  Lc  ms41909.o [4]
main                    0x0800e7ad   0xf0  Code  Gb  main.o [1]
malloc_count            0x2000195c    0x4  Data  Lc  packet_list.o [1]
malloc_size             0x20001960    0x4  Data  Lc  packet_list.o [1]
max_alloc_addr          0x20001964    0x4  Data  Lc  packet_list.o [1]
menu_exposure           0x0800eb08   0xa8  Data  Gb  menu.o [1]
menu_factory            0x0800ef28   0x48  Data  Gb  menu.o [1]
menu_main               0x0800ec4c   0x90  Data  Gb  menu.o [1]
menu_picture            0x0800e8c8   0xd8  Data  Gb  menu.o [1]
menu_ptz                0x0800ea60   0xa8  Data  Gb  menu.o [1]
menu_reset              0x0800ef70   0x48  Data  Gb  menu.o [1]
menu_serialport         0x0800edf0   0x78  Data  Gb  menu.o [1]
menu_system             0x0800ecdc   0x90  Data  Gb  menu.o [1]
menu_wb                 0x0800ee68   0x60  Data  Gb  menu.o [1]
mparams                 0x200018b4   0x18  Data  Lc  dlmalloc.o [3]
ms41909_ops_s           0x200018fc    0xc  Data  Lc  ms41909.o [4]
ms41909_status          0x2000175c   0x64  Data  Lc  ms41909.o [4]
pan_reverse             0x08001ffb   0x24  Code  Gb  cam_ops.o [1]
pan_run                 0x08001aad   0xd8  Code  Gb  cam_ops.o [1]
plCamCache              0x2000005c   0x10  Data  Gb  ptc.o [1]
plCameraRx              0x2000004c   0x10  Data  Gb  ptc.o [1]
plInput1Rx              0x2000006c   0x10  Data  Gb  ptc.o [1]
plOutputRx              0x2000007c   0x10  Data  Gb  ptc.o [1]
prepend_alloc           0x08009afb  0x372  Code  Lc  dlmalloc.o [3]
pt_abs_run              0x08001c91  0x106  Code  Gb  cam_ops.o [1]
pt_rel_run              0x08001d97  0x10a  Code  Gb  cam_ops.o [1]
pt_run                  0x08001c65   0x2c  Code  Gb  cam_ops.o [1]
ptz_home                0x08001ea1   0x64  Code  Gb  cam_ops.o [1]
ptz_reset               0x08001fbf   0x32  Code  Gb  cam_ops.o [1]
refresh                 0x200019df    0x1  Data  Lc  ir_sony.o [6]
res_temp                0x200019cb    0x1  Data  Lc  menu.o [1]
segment_holding         0x08009a79   0x1c  Code  Lc  dlmalloc.o [3]
sel_line                0x200019cc    0x1  Data  Lc  menu_framework.o [1]
stCamInfo               0x200017c0   0x3c  Data  Gb  system.o [1]
stRunInfo               0x200018cc   0x10  Data  Gb  system.o [1]
stSysInfo               0x20001898   0x1c  Data  Gb  system.o [1]
start_flag              0x200019dc    0x1  Data  Lc  ir_sony.o [6]
strOnOff                0x0800f2f0    0x8  Data  Gb  menu.o [1]
strPanTiltDir           0x0800f21c   0x10  Data  Gb  menu.o [1]
sys_alloc               0x08009e6d  0x388  Code  Lc  dlmalloc.o [3]
sys_menu                0x08000183   0x40  Code  Gb  cam_ops.o [1]
sys_menu_enter          0x080001c3   0x18  Code  Gb  cam_ops.o [1]
sys_power               0x0800010f   0x5c  Code  Gb  cam_ops.o [1]
tilt_reverse            0x0800202d   0x20  Code  Gb  cam_ops.o [1]
tilt_run                0x08001b8d   0xd8  Code  Gb  cam_ops.o [1]
tmalloc_large           0x0800a201  0x380  Code  Lc  dlmalloc.o [3]
tmalloc_small           0x0800a581  0x206  Code  Lc  dlmalloc.o [3]
visca_ascii2visca       0x08004e57   0x7c  Code  Lc  ccp_cam.o [5]
visca_clear_return_buf  0x08004a0d   0x1c  Code  Gb  ccp_cam.o [5]
visca_custom_set        0x0800506b   0x24  Code  Gb  ccp_cam.o [5]
visca_get_return_code   0x080049cb   0x42  Code  Gb  ccp_cam.o [5]
visca_inq_16bits_value  0x08004d45   0x8c  Code  Gb  ccp_cam.o [5]
visca_inq_8bits_value   0x08004cd9   0x6c  Code  Gb  ccp_cam.o [5]
visca_inq_buffer        0x200018dc   0x10  Data  Lc  ccp_cam.o [5]
visca_inq_net           0x08004dd1   0x86  Code  Gb  ccp_cam.o [5]
visca_reply_confirm     0x08004a29   0x78  Code  Gb  ccp_cam.o [5]
visca_select_camera     0x08004959   0x72  Code  Gb  ccp_cam.o [5]
visca_set_16bits_value  0x08004b11   0x92  Code  Gb  ccp_cam.o [5]
visca_set_8bits_value   0x08004aa1   0x70  Code  Gb  ccp_cam.o [5]
visca_set_net           0x08004c21   0xb8  Code  Gb  ccp_cam.o [5]
visca_set_reg_value     0x08004ba3   0x7e  Code  Gb  ccp_cam.o [5]
visca_title_cmd         0x08004ed3   0x64  Code  Gb  ccp_cam.o [5]
visca_title_set         0x08004f37   0x7a  Code  Gb  ccp_cam.o [5]
visca_title_show        0x08004fb1   0xba  Code  Gb  ccp_cam.o [5]


[1] = D:\Workspace\IAR\camera\40Series\HD40\EWARM\HD40\Debug\Obj
[2] = command line
[3] = dl7M_tlf.a
[4] = lib41909_1008.a
[5] = libccp_1201.a
[6] = libir_sony_1101.a
[7] = m7M_tl.a
[8] = rt7M_tl.a
[9] = shb_l.a

  60 092 bytes of readonly  code memory
   2 525 bytes of readonly  data memory
   6 624 bytes of readwrite data memory

Errors: none
Warnings: none
